Archive member included to satisfy reference by file (symbol)

c:/st/stm32cubeide_1.9.0/stm32cubeide/plugins/com.st.stm32cube.ide.mcu.externaltools.gnu-tools-for-stm32.10.3-2021.10.win32_1.0.0.202111181127/tools/bin/../lib/gcc/arm-none-eabi/10.3.1/../../../../arm-none-eabi/lib/thumb/v7-m/nofp\libc_nano.a(lib_a-errno.o)
                              ./Core/Src/syscalls.o (__errno)
c:/st/stm32cubeide_1.9.0/stm32cubeide/plugins/com.st.stm32cube.ide.mcu.externaltools.gnu-tools-for-stm32.10.3-2021.10.win32_1.0.0.202111181127/tools/bin/../lib/gcc/arm-none-eabi/10.3.1/../../../../arm-none-eabi/lib/thumb/v7-m/nofp\libc_nano.a(lib_a-exit.o)
                              c:/st/stm32cubeide_1.9.0/stm32cubeide/plugins/com.st.stm32cube.ide.mcu.externaltools.gnu-tools-for-stm32.10.3-2021.10.win32_1.0.0.202111181127/tools/bin/../lib/gcc/arm-none-eabi/10.3.1/../../../../arm-none-eabi/lib/thumb/v7-m/nofp/crt0.o (exit)
c:/st/stm32cubeide_1.9.0/stm32cubeide/plugins/com.st.stm32cube.ide.mcu.externaltools.gnu-tools-for-stm32.10.3-2021.10.win32_1.0.0.202111181127/tools/bin/../lib/gcc/arm-none-eabi/10.3.1/../../../../arm-none-eabi/lib/thumb/v7-m/nofp\libc_nano.a(lib_a-impure.o)
                              c:/st/stm32cubeide_1.9.0/stm32cubeide/plugins/com.st.stm32cube.ide.mcu.externaltools.gnu-tools-for-stm32.10.3-2021.10.win32_1.0.0.202111181127/tools/bin/../lib/gcc/arm-none-eabi/10.3.1/../../../../arm-none-eabi/lib/thumb/v7-m/nofp\libc_nano.a(lib_a-exit.o) (_global_impure_ptr)
c:/st/stm32cubeide_1.9.0/stm32cubeide/plugins/com.st.stm32cube.ide.mcu.externaltools.gnu-tools-for-stm32.10.3-2021.10.win32_1.0.0.202111181127/tools/bin/../lib/gcc/arm-none-eabi/10.3.1/../../../../arm-none-eabi/lib/thumb/v7-m/nofp\libc_nano.a(lib_a-init.o)
                              c:/st/stm32cubeide_1.9.0/stm32cubeide/plugins/com.st.stm32cube.ide.mcu.externaltools.gnu-tools-for-stm32.10.3-2021.10.win32_1.0.0.202111181127/tools/bin/../lib/gcc/arm-none-eabi/10.3.1/../../../../arm-none-eabi/lib/thumb/v7-m/nofp/crt0.o (__libc_init_array)
c:/st/stm32cubeide_1.9.0/stm32cubeide/plugins/com.st.stm32cube.ide.mcu.externaltools.gnu-tools-for-stm32.10.3-2021.10.win32_1.0.0.202111181127/tools/bin/../lib/gcc/arm-none-eabi/10.3.1/../../../../arm-none-eabi/lib/thumb/v7-m/nofp\libc_nano.a(lib_a-memset.o)
                              c:/st/stm32cubeide_1.9.0/stm32cubeide/plugins/com.st.stm32cube.ide.mcu.externaltools.gnu-tools-for-stm32.10.3-2021.10.win32_1.0.0.202111181127/tools/bin/../lib/gcc/arm-none-eabi/10.3.1/../../../../arm-none-eabi/lib/thumb/v7-m/nofp/crt0.o (memset)
c:/st/stm32cubeide_1.9.0/stm32cubeide/plugins/com.st.stm32cube.ide.mcu.externaltools.gnu-tools-for-stm32.10.3-2021.10.win32_1.0.0.202111181127/tools/bin/../lib/gcc/arm-none-eabi/10.3.1/../../../../arm-none-eabi/lib/thumb/v7-m/nofp\libc_nano.a(lib_a-strlen.o)
                              ./Core/Src/main.o (strlen)
c:/st/stm32cubeide_1.9.0/stm32cubeide/plugins/com.st.stm32cube.ide.mcu.externaltools.gnu-tools-for-stm32.10.3-2021.10.win32_1.0.0.202111181127/tools/bin/../lib/gcc/arm-none-eabi/10.3.1/../../../../arm-none-eabi/lib/thumb/v7-m/nofp\libm.a(lib_a-s_cos.o)
                              ./Core/Src/lcd.o (cos)
c:/st/stm32cubeide_1.9.0/stm32cubeide/plugins/com.st.stm32cube.ide.mcu.externaltools.gnu-tools-for-stm32.10.3-2021.10.win32_1.0.0.202111181127/tools/bin/../lib/gcc/arm-none-eabi/10.3.1/../../../../arm-none-eabi/lib/thumb/v7-m/nofp\libm.a(lib_a-s_sin.o)
                              ./Core/Src/lcd.o (sin)
c:/st/stm32cubeide_1.9.0/stm32cubeide/plugins/com.st.stm32cube.ide.mcu.externaltools.gnu-tools-for-stm32.10.3-2021.10.win32_1.0.0.202111181127/tools/bin/../lib/gcc/arm-none-eabi/10.3.1/../../../../arm-none-eabi/lib/thumb/v7-m/nofp\libm.a(lib_a-e_rem_pio2.o)
                              c:/st/stm32cubeide_1.9.0/stm32cubeide/plugins/com.st.stm32cube.ide.mcu.externaltools.gnu-tools-for-stm32.10.3-2021.10.win32_1.0.0.202111181127/tools/bin/../lib/gcc/arm-none-eabi/10.3.1/../../../../arm-none-eabi/lib/thumb/v7-m/nofp\libm.a(lib_a-s_cos.o) (__ieee754_rem_pio2)
c:/st/stm32cubeide_1.9.0/stm32cubeide/plugins/com.st.stm32cube.ide.mcu.externaltools.gnu-tools-for-stm32.10.3-2021.10.win32_1.0.0.202111181127/tools/bin/../lib/gcc/arm-none-eabi/10.3.1/../../../../arm-none-eabi/lib/thumb/v7-m/nofp\libm.a(lib_a-k_cos.o)
                              c:/st/stm32cubeide_1.9.0/stm32cubeide/plugins/com.st.stm32cube.ide.mcu.externaltools.gnu-tools-for-stm32.10.3-2021.10.win32_1.0.0.202111181127/tools/bin/../lib/gcc/arm-none-eabi/10.3.1/../../../../arm-none-eabi/lib/thumb/v7-m/nofp\libm.a(lib_a-s_cos.o) (__kernel_cos)
c:/st/stm32cubeide_1.9.0/stm32cubeide/plugins/com.st.stm32cube.ide.mcu.externaltools.gnu-tools-for-stm32.10.3-2021.10.win32_1.0.0.202111181127/tools/bin/../lib/gcc/arm-none-eabi/10.3.1/../../../../arm-none-eabi/lib/thumb/v7-m/nofp\libm.a(lib_a-k_rem_pio2.o)
[...]
Memory Configuration

Name             Origin             Length             Attributes
RAM              0x0000000020000000 0x0000000000010000 xrw
FLASH            0x0000000008000000 0x0000000000080000 xr
*default*        0x0000000000000000 0xffffffffffffffff

Linker script and memory map

LOAD c:/st/stm32cubeide_1.9.0/stm32cubeide/plugins/com.st.stm32cube.ide.mcu.externaltools.gnu-tools-for-stm32.10.3-2021.10.win32_1.0.0.202111181127/tools/bin/../lib/gcc/arm-none-eabi/10.3.1/thumb/v7-m/nofp/crti.o
LOAD c:/st/stm32cubeide_1.9.0/stm32cubeide/plugins/com.st.stm32cube.ide.mcu.externaltools.gnu-tools-for-stm32.10.3-2021.10.win32_1.0.0.202111181127/tools/bin/../lib/gcc/arm-none-eabi/10.3.1/thumb/v7-m/nofp/crtbegin.o
LOAD c:/st/stm32cubeide_1.9.0/stm32cubeide/plugins/com.st.stm32cube.ide.mcu.externaltools.gnu-tools-for-stm32.10.3-2021.10.win32_1.0.0.202111181127/tools/bin/../lib/gcc/arm-none-eabi/10.3.1/../../../../arm-none-eabi/lib/thumb/v7-m/nofp/crt0.o
LOAD ./Core/Src/lcd.o
LOAD ./Core/Src/main.o
LOAD ./Core/Src/mos6502.o
LOAD ./Core/Src/sdioTapes.o
LOAD ./Core/Src/stm32f1xx_hal_msp.o
LOAD ./Core/Src/stm32f1xx_it.o
LOAD ./Core/Src/syscalls.o
LOAD ./Core/Src/sysmem.o
LOAD ./Core/Src/system_stm32f1xx.o
LOAD ./Core/Startup/startup_stm32f103vetx.o
LOAD ./Drivers/STM32F1xx_HAL_Driver/Src/stm32f1xx_hal.o
LOAD ./Drivers/STM32F1xx_HAL_Driver/Src/stm32f1xx_hal_cortex.o
LOAD ./Drivers/STM32F1xx_HAL_Driver/Src/stm32f1xx_hal_dma.o
LOAD ./Drivers/STM32F1xx_HAL_Driver/Src/stm32f1xx_hal_exti.o
LOAD ./Drivers/STM32F1xx_HAL_Driver/Src/stm32f1xx_hal_flash.o
LOAD ./Drivers/STM32F1xx_HAL_Driver/Src/stm32f1xx_hal_flash_ex.o
LOAD ./Drivers/STM32F1xx_HAL_Driver/Src/stm32f1xx_hal_gpio.o
LOAD ./Drivers/STM32F1xx_HAL_Driver/Src/stm32f1xx_hal_gpio_ex.o
LOAD ./Drivers/STM32F1xx_HAL_Driver/Src/stm32f1xx_hal_pwr.o
LOAD ./Drivers/STM32F1xx_HAL_Driver/Src/stm32f1xx_hal_rcc.o
LOAD ./Drivers/STM32F1xx_HAL_Driver/Src/stm32f1xx_hal_rcc_ex.o
LOAD ./Drivers/STM32F1xx_HAL_Driver/Src/stm32f1xx_hal_sd.o
LOAD ./Drivers/STM32F1xx_HAL_Driver/Src/stm32f1xx_hal_sram.o
LOAD ./Drivers/STM32F1xx_HAL_Driver/Src/stm32f1xx_hal_tim.o
LOAD ./Drivers/STM32F1xx_HAL_Driver/Src/stm32f1xx_hal_tim_ex.o
LOAD ./Drivers/STM32F1xx_HAL_Driver/Src/stm32f1xx_hal_uart.o
LOAD ./Drivers/STM32F1xx_HAL_Driver/Src/stm32f1xx_ll_fsmc.o
LOAD ./Drivers/STM32F1xx_HAL_Driver/Src/stm32f1xx_ll_sdmmc.o
LOAD ./FATFS/App/fatfs.o
LOAD ./FATFS/Target/bsp_driver_sd.o
LOAD ./FATFS/Target/fatfs_platform.o
LOAD ./Middlewares/Third_Party/FatFs/src/diskio.o
LOAD ./Middlewares/Third_Party/FatFs/src/ff.o
LOAD ./Middlewares/Third_Party/FatFs/src/ff_gen_drv.o
LOAD ./Middlewares/Third_Party/FatFs/src/drivers/sd_diskio.o
LOAD ./Middlewares/Third_Party/FatFs/src/option/syscall.o
START GROUP
LOAD c:/st/stm32cubeide_1.9.0/stm32cubeide/plugins/com.st.stm32cube.ide.mcu.externaltools.gnu-tools-for-stm32.10.3-2021.10.win32_1.0.0.202111181127/tools/bin/../lib/gcc/arm-none-eabi/10.3.1/../../../../arm-none-eabi/lib/thumb/v7-m/nofp\libc_nano.a
LOAD c:/st/stm32cubeide_1.9.0/stm32cubeide/plugins/com.st.stm32cube.ide.mcu.externaltools.gnu-tools-for-stm32.10.3-2021.10.win32_1.0.0.202111181127/tools/bin/../lib/gcc/arm-none-eabi/10.3.1/../../../../arm-none-eabi/lib/thumb/v7-m/nofp\libm.a
END GROUP
START GROUP
LOAD c:/st/stm32cubeide_1.9.0/stm32cubeide/plugins/com.st.stm32cube.ide.mcu.externaltools.gnu-tools-for-stm32.10.3-2021.10.win32_1.0.0.202111181127/tools/bin/../lib/gcc/arm-none-eabi/10.3.1/thumb/v7-m/nofp\libgcc.a
LOAD c:/st/stm32cubeide_1.9.0/stm32cubeide/plugins/com.st.stm32cube.ide.mcu.externaltools.gnu-tools-for-stm32.10.3-2021.10.win32_1.0.0.202111181127/tools/bin/../lib/gcc/arm-none-eabi/10.3.1/../../../../arm-none-eabi/lib/thumb/v7-m/nofp\libc_nano.a
END GROUP
START GROUP
LOAD c:/st/stm32cubeide_1.9.0/stm32cubeide/plugins/com.st.stm32cube.ide.mcu.externaltools.gnu-tools-for-stm32.10.3-2021.10.win32_1.0.0.202111181127/tools/bin/../lib/gcc/arm-none-eabi/10.3.1/thumb/v7-m/nofp\libgcc.a
LOAD c:/st/stm32cubeide_1.9.0/stm32cubeide/plugins/com.st.stm32cube.ide.mcu.externaltools.gnu-tools-for-stm32.10.3-2021.10.win32_1.0.0.202111181127/tools/bin/../lib/gcc/arm-none-eabi/10.3.1/../../../../arm-none-eabi/lib/thumb/v7-m/nofp\libc_nano.a
LOAD c:/st/stm32cubeide_1.9.0/stm32cubeide/plugins/com.st.stm32cube.ide.mcu.externaltools.gnu-tools-for-stm32.10.3-2021.10.win32_1.0.0.202111181127/tools/bin/../lib/gcc/arm-none-eabi/10.3.1/../../../../arm-none-eabi/lib/thumb/v7-m/nofp\libnosys.a
END GROUP
START GROUP
LOAD c:/st/stm32cubeide_1.9.0/stm32cubeide/plugins/com.st.stm32cube.ide.mcu.externaltools.gnu-tools-for-stm32.10.3-2021.10.win32_1.0.0.202111181127/tools/bin/../lib/gcc/arm-none-eabi/10.3.1/thumb/v7-m/nofp\libgcc.a
LOAD c:/st/stm32cubeide_1.9.0/stm32cubeide/plugins/com.st.stm32cube.ide.mcu.externaltools.gnu-tools-for-stm32.10.3-2021.10.win32_1.0.0.202111181127/tools/bin/../lib/gcc/arm-none-eabi/10.3.1/../../../../arm-none-eabi/lib/thumb/v7-m/nofp\libc_nano.a
LOAD c:/st/stm32cubeide_1.9.0/stm32cubeide/plugins/com.st.stm32cube.ide.mcu.externaltools.gnu-tools-for-stm32.10.3-2021.10.win32_1.0.0.202111181127/tools/bin/../lib/gcc/arm-none-eabi/10.3.1/../../../../arm-none-eabi/lib/thumb/v7-m/nofp\libnosys.a
END GROUP
LOAD c:/st/stm32cubeide_1.9.0/stm32cubeide/plugins/com.st.stm32cube.ide.mcu.externaltools.gnu-tools-for-stm32.10.3-2021.10.win32_1.0.0.202111181127/tools/bin/../lib/gcc/arm-none-eabi/10.3.1/thumb/v7-m/nofp/crtend.o
LOAD c:/st/stm32cubeide_1.9.0/stm32cubeide/plugins/com.st.stm32cube.ide.mcu.externaltools.gnu-tools-for-stm32.10.3-2021.10.win32_1.0.0.202111181127/tools/bin/../lib/gcc/arm-none-eabi/10.3.1/thumb/v7-m/nofp/crtn.o
                0x0000000020010000                _estack = (ORIGIN (RAM) + LENGTH (RAM))
                0x0000000000000200                _Min_Heap_Size = 0x200
                0x0000000000000400                _Min_Stack_Size = 0x400

.isr_vector     0x0000000008000000      0x1e4
                0x0000000008000000                . = ALIGN (0x4)
 *(.isr_vector)
 .isr_vector    0x0000000008000000      0x1e4 ./Core/Startup/startup_stm32f103vetx.o
                0x0000000008000000                g_pfnVectors
                0x00000000080001e4                . = ALIGN (0x4)

.text           0x00000000080001e4     0x44d4
                0x00000000080001e4                . = ALIGN (0x4)
 *(.text)
 .text          0x00000000080001e4       0x40 c:/st/stm32cubeide_1.9.0/stm32cubeide/plugins/com.st.stm32cube.ide.mcu.externaltools.gnu-tools-for-stm32.10.3-2021.10.win32_1.0.0.202111181127/tools/bin/../lib/gcc/arm-none-eabi/10.3.1/thumb/v7-m/nofp/crtbegin.o
 .text          0x0000000008000224       0x10 c:/st/stm32cubeide_1.9.0/stm32cubeide/plugins/com.st.stm32cube.ide.mcu.externaltools.gnu-tools-for-stm32.10.3-2021.10.win32_1.0.0.202111181127/tools/bin/../lib/gcc/arm-none-eabi/10.3.1/../../../../arm-none-eabi/lib/thumb/v7-m/nofp\libc_nano.a(lib_a-strlen.o)
                0x0000000008000224                strlen
 *(.text*)
 .text.Delay    0x0000000008000234       0x14 ./Core/Src/lcd.o
                0x0000000008000234                Delay
 .text.LCD_Rst  0x0000000008000248       0x34 ./Core/Src/lcd.o
                0x0000000008000248                LCD_Rst
 .text.LCD_REG_Config
                0x000000000800027c      0x190 ./Core/Src/lcd.o
                0x000000000800027c                LCD_REG_Config
 .text.LCD_OpenWindow
                0x000000000800040c       0x4c ./Core/Src/lcd.o
                0x000000000800040c                LCD_OpenWindow
 .text.LCD_FillColor
                0x0000000008000458       0x1c ./Core/Src/lcd.o
                0x0000000008000458                LCD_FillColor
 .text.LCD_Clear
                0x0000000008000474       0x1c ./Core/Src/lcd.o
                0x0000000008000474                LCD_Clear
 .text.LCD_INIT
                0x0000000008000490       0x30 ./Core/Src/lcd.o
                0x0000000008000490                LCD_INIT
 .text.LCD_DrawChar
                0x00000000080004c0       0x54 ./Core/Src/lcd.o
                0x00000000080004c0                LCD_DrawChar
 .text.LCD_CursorForward
                0x0000000008000514       0x30 ./Core/Src/lcd.o
                0x0000000008000514                LCD_CursorForward
 .text.LCD_CursorNewline
                0x0000000008000544       0x48 ./Core/Src/lcd.o
                0x0000000008000544                LCD_CursorNewline
 .text.LCD_DrawString
                0x000000000800058c       0x32 ./Core/Src/lcd.o
                0x000000000800058c                LCD_DrawString
 *fill*         0x00000000080005be        0x2 
 .text.writelineTerminal
                0x00000000080005c0       0x54 ./Core/Src/main.o
                0x00000000080005c0                writelineTerminal
 .text.writeTerminal
                0x0000000008000614       0x5c ./Core/Src/main.o
                0x0000000008000614                writeTerminal
 .text.writeTerminalChar
                0x0000000008000670       0x48 ./Core/Src/main.o
                0x0000000008000670                writeTerminalChar
 .text.handleOutput
                0x00000000080006b8       0x78 ./Core/Src/main.o
                0x00000000080006b8                handleOutput
 .text.write6502
                0x0000000008000730       0x28 ./Core/Src/main.o
                0x0000000008000730                write6502
 .text.initApple1
                0x0000000008000758       0x84 ./Core/Src/main.o
                0x0000000008000758                initApple1
 .text.handleInput
                0x00000000080007dc       0x68 ./Core/Src/main.o
                0x00000000080007dc                handleInput
 .text.read6502
                0x0000000008000844       0x74 ./Core/Src/main.o
                0x0000000008000844                read6502
 .text.SystemClock_Config
                0x00000000080008b8       0x5e ./Core/Src/main.o
                0x00000000080008b8                SystemClock_Config
 *fill*         0x0000000008000916        0x2 
 .text.startup.main
                0x0000000008000918      0x190 ./Core/Src/main.o
                0x0000000008000918                main
 .text.getvalue
                0x0000000008000aa8       0x28 ./Core/Src/mos6502.o
 .text.bcc.part.0
                0x0000000008000ad0       0x10 ./Core/Src/mos6502.o
 .text.dex.part.0
                0x0000000008000ae0       0x10 ./Core/Src/mos6502.o
 .text.push16   0x0000000008000af0       0x30 ./Core/Src/mos6502.o
                0x0000000008000af0                push16
 .text.push8    0x0000000008000b20       0x18 ./Core/Src/mos6502.o
                0x0000000008000b20                push8
 .text.pull16   0x0000000008000b38       0x34 ./Core/Src/mos6502.o
                0x0000000008000b38                pull16
 .text.pull8    0x0000000008000b6c       0x18 ./Core/Src/mos6502.o
                0x0000000008000b6c                pull8
 .text.reset6502
                0x0000000008000b84       0x54 ./Core/Src/mos6502.o
                0x0000000008000b84                reset6502
 .text.imm      0x0000000008000bd8       0x18 ./Core/Src/mos6502.o
                0x0000000008000bd8                imm
 .text.zp       0x0000000008000bf0       0x1c ./Core/Src/mos6502.o
                0x0000000008000bf0                zp
 .text.zpx      0x0000000008000c0c       0x28 ./Core/Src/mos6502.o
                0x0000000008000c0c                zpx
 .text.zpy      0x0000000008000c34       0x28 ./Core/Src/mos6502.o
                0x0000000008000c34                zpy
 .text.rel      0x0000000008000c5c       0x28 ./Core/Src/mos6502.o
                0x0000000008000c5c                rel
 .text.abso     0x0000000008000c84       0x30 ./Core/Src/mos6502.o
                0x0000000008000c84                abso
 .text.absx     0x0000000008000cb4       0x38 ./Core/Src/mos6502.o
                0x0000000008000cb4                absx
 .text.absy     0x0000000008000cec       0x38 ./Core/Src/mos6502.o
                0x0000000008000cec                absy
 .text.ind      0x0000000008000d24       0x4c ./Core/Src/mos6502.o
                0x0000000008000d24                ind
 .text.indx     0x0000000008000d70       0x3c ./Core/Src/mos6502.o
                0x0000000008000d70                indx
 .text.indy     0x0000000008000dac       0x3c ./Core/Src/mos6502.o
                0x0000000008000dac                indy
 .text.putvalue
                0x0000000008000de8       0x24 ./Core/Src/mos6502.o
                0x0000000008000de8                putvalue
 .text.adc      0x0000000008000e0c       0xac ./Core/Src/mos6502.o
                0x0000000008000e0c                adc
 .text.op_and   0x0000000008000eb8       0x50 ./Core/Src/mos6502.o
                0x0000000008000eb8                op_and
 .text.asl      0x0000000008000f08       0x54 ./Core/Src/mos6502.o
                0x0000000008000f08                asl
 .text.bcc      0x0000000008000f5c       0x44 ./Core/Src/mos6502.o
                0x0000000008000f5c                bcc
 .text.bcs      0x0000000008000fa0       0x44 ./Core/Src/mos6502.o
                0x0000000008000fa0                bcs
 .text.beq      0x0000000008000fe4       0x44 ./Core/Src/mos6502.o
                0x0000000008000fe4                beq
 .text.op_bit   0x0000000008001028       0x44 ./Core/Src/mos6502.o
                0x0000000008001028                op_bit
 .text.bmi      0x000000000800106c       0x48 ./Core/Src/mos6502.o
                0x000000000800106c                bmi
 .text.bne      0x00000000080010b4       0x44 ./Core/Src/mos6502.o
                0x00000000080010b4                bne
 .text.bpl      0x00000000080010f8       0x48 ./Core/Src/mos6502.o
                0x00000000080010f8                bpl
 .text.brk      0x0000000008001140       0x48 ./Core/Src/mos6502.o
                0x0000000008001140                brk
 .text.bvc      0x0000000008001188       0x44 ./Core/Src/mos6502.o
                0x0000000008001188                bvc
 .text.bvs      0x00000000080011cc       0x44 ./Core/Src/mos6502.o
                0x00000000080011cc                bvs
 .text.clc      0x0000000008001210       0x10 ./Core/Src/mos6502.o
                0x0000000008001210                clc
 .text.cld      0x0000000008001220       0x10 ./Core/Src/mos6502.o
                0x0000000008001220                cld
 .text.cli      0x0000000008001230       0x10 ./Core/Src/mos6502.o
                0x0000000008001230                cli
 .text.clv      0x0000000008001240       0x10 ./Core/Src/mos6502.o
                0x0000000008001240                clv
 .text.cmp      0x0000000008001250       0x5c ./Core/Src/mos6502.o
                0x0000000008001250                cmp
 .text.cpx      0x00000000080012ac       0x5c ./Core/Src/mos6502.o
                0x00000000080012ac                cpx
 .text.cpy      0x0000000008001308       0x5c ./Core/Src/mos6502.o
                0x0000000008001308                cpy
 .text.dec      0x0000000008001364       0x48 ./Core/Src/mos6502.o
                0x0000000008001364                dec
 .text.dex      0x00000000080013ac       0x34 ./Core/Src/mos6502.o
                0x00000000080013ac                dex
 .text.dey      0x00000000080013e0       0x34 ./Core/Src/mos6502.o
                0x00000000080013e0                dey
 .text.eor      0x0000000008001414       0x4c ./Core/Src/mos6502.o
                0x0000000008001414                eor
 .text.inc      0x0000000008001460       0x48 ./Core/Src/mos6502.o
                0x0000000008001460                inc
 .text.inx      0x00000000080014a8       0x34 ./Core/Src/mos6502.o
                0x00000000080014a8                inx
 .text.iny      0x00000000080014dc       0x34 ./Core/Src/mos6502.o
                0x00000000080014dc                iny
 .text.jmp      0x0000000008001510       0x14 ./Core/Src/mos6502.o
                0x0000000008001510                jmp
 .text.jsr      0x0000000008001524       0x20 ./Core/Src/mos6502.o
                0x0000000008001524                jsr
 .text.lda      0x0000000008001544       0x44 ./Core/Src/mos6502.o
                0x0000000008001544                lda
 .text.ldx      0x0000000008001588       0x44 ./Core/Src/mos6502.o
                0x0000000008001588                ldx
 .text.ldy      0x00000000080015cc       0x44 ./Core/Src/mos6502.o
                0x00000000080015cc                ldy
 .text.lsr      0x0000000008001610       0x58 ./Core/Src/mos6502.o
                0x0000000008001610                lsr
 .text.ora      0x0000000008001668       0x4c ./Core/Src/mos6502.o
                0x0000000008001668                ora
 .text.pha      0x00000000080016b4        0xc ./Core/Src/mos6502.o
                0x00000000080016b4                pha
 .text.php      0x00000000080016c0       0x10 ./Core/Src/mos6502.o
                0x00000000080016c0                php
 .text.pla      0x00000000080016d0       0x38 ./Core/Src/mos6502.o
                0x00000000080016d0                pla
 .text.plp      0x0000000008001708       0x14 ./Core/Src/mos6502.o
                0x0000000008001708                plp
 .text.rol      0x000000000800171c       0x5c ./Core/Src/mos6502.o
                0x000000000800171c                rol
 .text.ror      0x0000000008001778       0x5c ./Core/Src/mos6502.o
                0x0000000008001778                ror
 .text.rti      0x00000000080017d4       0x24 ./Core/Src/mos6502.o
                0x00000000080017d4                rti
 .text.rts      0x00000000080017f8       0x1c ./Core/Src/mos6502.o
                0x00000000080017f8                rts
 .text.sbc      0x0000000008001814       0xb8 ./Core/Src/mos6502.o
                0x0000000008001814                sbc
 .text.sec      0x00000000080018cc       0x10 ./Core/Src/mos6502.o
                0x00000000080018cc                sec
 .text.sed      0x00000000080018dc       0x10 ./Core/Src/mos6502.o
                0x00000000080018dc                sed
 .text.sei      0x00000000080018ec       0x10 ./Core/Src/mos6502.o
                0x00000000080018ec                sei
 .text.sta      0x00000000080018fc        0xc ./Core/Src/mos6502.o
                0x00000000080018fc                sta
 .text.stx      0x0000000008001908        0xc ./Core/Src/mos6502.o
                0x0000000008001908                stx
 .text.sty      0x0000000008001914        0xc ./Core/Src/mos6502.o
                0x0000000008001914                sty
 .text.tax      0x0000000008001920       0x38 ./Core/Src/mos6502.o
                0x0000000008001920                tax
 .text.tay      0x0000000008001958       0x38 ./Core/Src/mos6502.o
                0x0000000008001958                tay
 .text.tsx      0x0000000008001990       0x38 ./Core/Src/mos6502.o
                0x0000000008001990                tsx
 .text.txa      0x00000000080019c8       0x38 ./Core/Src/mos6502.o
                0x00000000080019c8                txa
 .text.txs      0x0000000008001a00       0x14 ./Core/Src/mos6502.o
                0x0000000008001a00                txs
 .text.tya      0x0000000008001a14       0x38 ./Core/Src/mos6502.o
                0x0000000008001a14                tya
 .text.exec6502
                0x0000000008001a4c      0x7d0 ./Core/Src/mos6502.o
                0x0000000008001a4c                exec6502
 .text.HAL_MspInit
                0x000000000800221c       0x44 ./Core/Src/stm32f1xx_hal_msp.o
                0x000000000800221c                HAL_MspInit
 .text.HAL_SD_MspInit
                0x0000000008002260       0x9c ./Core/Src/stm32f1xx_hal_msp.o
                0x0000000008002260                HAL_SD_MspInit
 .text.HAL_UART_MspInit
                0x00000000080022fc       0x78 ./Core/Src/stm32f1xx_hal_msp.o
                0x00000000080022fc                HAL_UART_MspInit
 .text.HAL_SRAM_MspInit
                0x0000000008002374       0x64 ./Core/Src/stm32f1xx_hal_msp.o
                0x0000000008002374                HAL_SRAM_MspInit
 .text.NMI_Handler
                0x00000000080023d8        0x2 ./Core/Src/stm32f1xx_it.o
                0x00000000080023d8                NMI_Handler
 .text.HardFault_Handler
                0x00000000080023da        0x2 ./Core/Src/stm32f1xx_it.o
                0x00000000080023da                HardFault_Handler
 .text.MemManage_Handler
                0x00000000080023dc        0x2 ./Core/Src/stm32f1xx_it.o
                0x00000000080023dc                MemManage_Handler
 .text.BusFault_Handler
                0x00000000080023de        0x2 ./Core/Src/stm32f1xx_it.o
                0x00000000080023de                BusFault_Handler
 .text.UsageFault_Handler
                0x00000000080023e0        0x2 ./Core/Src/stm32f1xx_it.o
                0x00000000080023e0                UsageFault_Handler
 .text.SVC_Handler
                0x00000000080023e2        0x2 ./Core/Src/stm32f1xx_it.o
                0x00000000080023e2                SVC_Handler
 .text.DebugMon_Handler
                0x00000000080023e4        0x2 ./Core/Src/stm32f1xx_it.o
                0x00000000080023e4                DebugMon_Handler
 .text.PendSV_Handler
                0x00000000080023e6        0x2 ./Core/Src/stm32f1xx_it.o
                0x00000000080023e6                PendSV_Handler
 .text.SysTick_Handler
                0x00000000080023e8        0x4 ./Core/Src/stm32f1xx_it.o
                0x00000000080023e8                SysTick_Handler
 .text.SDIO_IRQHandler
                0x00000000080023ec        0xc ./Core/Src/stm32f1xx_it.o
                0x00000000080023ec                SDIO_IRQHandler
 .text.SystemInit
                0x00000000080023f8        0x2 ./Core/Src/system_stm32f1xx.o
                0x00000000080023f8                SystemInit
 *fill*         0x00000000080023fa        0x2 
 .text.Reset_Handler
                0x00000000080023fc       0x48 ./Core/Startup/startup_stm32f103vetx.o
                0x00000000080023fc                Reset_Handler
 .text.Default_Handler
                0x0000000008002444        0x2 ./Core/Startup/startup_stm32f103vetx.o
                0x0000000008002444                RTC_Alarm_IRQHandler
                0x0000000008002444                EXTI2_IRQHandler
                0x0000000008002444                TIM8_TRG_COM_IRQHandler
                0x0000000008002444                TIM8_CC_IRQHandler
                0x0000000008002444                TIM1_CC_IRQHandler
                0x0000000008002444                TIM6_IRQHandler
                0x0000000008002444                PVD_IRQHandler
                0x0000000008002444                EXTI3_IRQHandler
                0x0000000008002444                EXTI0_IRQHandler
                0x0000000008002444                I2C2_EV_IRQHandler
                0x0000000008002444                ADC1_2_IRQHandler
                0x0000000008002444                SPI1_IRQHandler
                0x0000000008002444                TAMPER_IRQHandler
                0x0000000008002444                TIM8_UP_IRQHandler
                0x0000000008002444                DMA2_Channel2_IRQHandler
                0x0000000008002444                DMA1_Channel4_IRQHandler
                0x0000000008002444                USART3_IRQHandler
                0x0000000008002444                RTC_IRQHandler
                0x0000000008002444                DMA1_Channel7_IRQHandler
                0x0000000008002444                CAN1_RX1_IRQHandler
                0x0000000008002444                UART5_IRQHandler
                0x0000000008002444                ADC3_IRQHandler
                0x0000000008002444                TIM4_IRQHandler
                0x0000000008002444                DMA2_Channel1_IRQHandler
                0x0000000008002444                I2C1_EV_IRQHandler
                0x0000000008002444                DMA1_Channel6_IRQHandler
                0x0000000008002444                UART4_IRQHandler
                0x0000000008002444                TIM3_IRQHandler
                0x0000000008002444                RCC_IRQHandler
                0x0000000008002444                TIM1_TRG_COM_IRQHandler
                0x0000000008002444                DMA1_Channel1_IRQHandler
                0x0000000008002444                Default_Handler
                0x0000000008002444                EXTI15_10_IRQHandler
                0x0000000008002444                TIM7_IRQHandler
                0x0000000008002444                TIM5_IRQHandler
                0x0000000008002444                EXTI9_5_IRQHandler
                0x0000000008002444                SPI2_IRQHandler
                0x0000000008002444                DMA1_Channel5_IRQHandler
                0x0000000008002444                EXTI4_IRQHandler
                0x0000000008002444                USB_LP_CAN1_RX0_IRQHandler
                0x0000000008002444                USB_HP_CAN1_TX_IRQHandler
                0x0000000008002444                DMA1_Channel3_IRQHandler
                0x0000000008002444                FSMC_IRQHandler
                0x0000000008002444                TIM1_UP_IRQHandler
                0x0000000008002444                WWDG_IRQHandler
                0x0000000008002444                TIM2_IRQHandler
                0x0000000008002444                TIM1_BRK_IRQHandler
                0x0000000008002444                EXTI1_IRQHandler
                0x0000000008002444                DMA2_Channel4_5_IRQHandler
                0x0000000008002444                USART2_IRQHandler
                0x0000000008002444                I2C2_ER_IRQHandler
                0x0000000008002444                DMA1_Channel2_IRQHandler
                0x0000000008002444                TIM8_BRK_IRQHandler
                0x0000000008002444                CAN1_SCE_IRQHandler
                0x0000000008002444                FLASH_IRQHandler
                0x0000000008002444                USART1_IRQHandler
                0x0000000008002444                SPI3_IRQHandler
                0x0000000008002444                I2C1_ER_IRQHandler
                0x0000000008002444                USBWakeUp_IRQHandler
                0x0000000008002444                DMA2_Channel3_IRQHandler
 *fill*         0x0000000008002446        0x2 
 .text.HAL_InitTick
                0x0000000008002448       0x48 ./Drivers/STM32F1xx_HAL_Driver/Src/stm32f1xx_hal.o
                0x0000000008002448                HAL_InitTick
 .text.HAL_Init
                0x0000000008002490       0x24 ./Drivers/STM32F1xx_HAL_Driver/Src/stm32f1xx_hal.o
                0x0000000008002490                HAL_Init
 .text.HAL_IncTick
                0x00000000080024b4       0x18 ./Drivers/STM32F1xx_HAL_Driver/Src/stm32f1xx_hal.o
                0x00000000080024b4                HAL_IncTick
 .text.HAL_GetTick
                0x00000000080024cc        0xc ./Drivers/STM32F1xx_HAL_Driver/Src/stm32f1xx_hal.o
                0x00000000080024cc                HAL_GetTick
 .text.HAL_Delay
                0x00000000080024d8       0x24 ./Drivers/STM32F1xx_HAL_Driver/Src/stm32f1xx_hal.o
                0x00000000080024d8                HAL_Delay
 .text.HAL_NVIC_SetPriorityGrouping
                0x00000000080024fc       0x24 ./Drivers/STM32F1xx_HAL_Driver/Src/stm32f1xx_hal_cortex.o
                0x00000000080024fc                HAL_NVIC_SetPriorityGrouping
 .text.HAL_NVIC_SetPriority
                0x0000000008002520       0x64 ./Drivers/STM32F1xx_HAL_Driver/Src/stm32f1xx_hal_cortex.o
                0x0000000008002520                HAL_NVIC_SetPriority
 .text.HAL_NVIC_EnableIRQ
                0x0000000008002584       0x1c ./Drivers/STM32F1xx_HAL_Driver/Src/stm32f1xx_hal_cortex.o
                0x0000000008002584                HAL_NVIC_EnableIRQ
 .text.HAL_SYSTICK_Config
                0x00000000080025a0       0x28 ./Drivers/STM32F1xx_HAL_Driver/Src/stm32f1xx_hal_cortex.o
                0x00000000080025a0                HAL_SYSTICK_Config
 .text.HAL_DMA_Abort_IT
                0x00000000080025c8      0x144 ./Drivers/STM32F1xx_HAL_Driver/Src/stm32f1xx_hal_dma.o
                0x00000000080025c8                HAL_DMA_Abort_IT
 .text.HAL_GPIO_Init
                0x000000000800270c      0x1d0 ./Drivers/STM32F1xx_HAL_Driver/Src/stm32f1xx_hal_gpio.o
                0x000000000800270c                HAL_GPIO_Init
 .text.HAL_GPIO_ReadPin
                0x00000000080028dc        0xc ./Drivers/STM32F1xx_HAL_Driver/Src/stm32f1xx_hal_gpio.o
                0x00000000080028dc                HAL_GPIO_ReadPin
 .text.HAL_GPIO_WritePin
                0x00000000080028e8        0xa ./Drivers/STM32F1xx_HAL_Driver/Src/stm32f1xx_hal_gpio.o
                0x00000000080028e8                HAL_GPIO_WritePin
 *fill*         0x00000000080028f2        0x2 
 .text.HAL_RCC_OscConfig
                0x00000000080028f4      0x338 ./Drivers/STM32F1xx_HAL_Driver/Src/stm32f1xx_hal_rcc.o
                0x00000000080028f4                HAL_RCC_OscConfig
 .text.HAL_RCC_GetSysClockFreq
                0x0000000008002c2c       0x4c ./Drivers/STM32F1xx_HAL_Driver/Src/stm32f1xx_hal_rcc.o
                0x0000000008002c2c                HAL_RCC_GetSysClockFreq
 .text.HAL_RCC_ClockConfig
                0x0000000008002c78      0x138 ./Drivers/STM32F1xx_HAL_Driver/Src/stm32f1xx_hal_rcc.o
                0x0000000008002c78                HAL_RCC_ClockConfig
 .text.HAL_RCC_GetPCLK1Freq
                0x0000000008002db0       0x20 ./Drivers/STM32F1xx_HAL_Driver/Src/stm32f1xx_hal_rcc.o
                0x0000000008002db0                HAL_RCC_GetPCLK1Freq
 .text.HAL_RCC_GetPCLK2Freq
                0x0000000008002dd0       0x20 ./Drivers/STM32F1xx_HAL_Driver/Src/stm32f1xx_hal_rcc.o
                0x0000000008002dd0                HAL_RCC_GetPCLK2Freq
 .text.SD_FindSCR
                0x0000000008002df0       0xcc ./Drivers/STM32F1xx_HAL_Driver/Src/stm32f1xx_hal_sd.o
 .text.HAL_SD_ReadBlocks
                0x0000000008002ebc      0x208 ./Drivers/STM32F1xx_HAL_Driver/Src/stm32f1xx_hal_sd.o
                0x0000000008002ebc                HAL_SD_ReadBlocks
 .text.HAL_SD_WriteBlocks
                0x00000000080030c4      0x1a0 ./Drivers/STM32F1xx_HAL_Driver/Src/stm32f1xx_hal_sd.o
                0x00000000080030c4                HAL_SD_WriteBlocks
 .text.HAL_SD_ErrorCallback
                0x0000000008003264        0x2 ./Drivers/STM32F1xx_HAL_Driver/Src/stm32f1xx_hal_sd.o
                0x0000000008003264                HAL_SD_ErrorCallback
 *fill*         0x0000000008003266        0x2 
 .text.HAL_SD_GetCardCSD
                0x0000000008003268      0x16c ./Drivers/STM32F1xx_HAL_Driver/Src/stm32f1xx_hal_sd.o
                0x0000000008003268                HAL_SD_GetCardCSD
 .text.HAL_SD_InitCard
                0x00000000080033d4      0x210 ./Drivers/STM32F1xx_HAL_Driver/Src/stm32f1xx_hal_sd.o
                0x00000000080033d4                HAL_SD_InitCard
 .text.HAL_SD_Init
                0x00000000080035e4       0x36 ./Drivers/STM32F1xx_HAL_Driver/Src/stm32f1xx_hal_sd.o
                0x00000000080035e4                HAL_SD_Init
 .text.HAL_SD_GetCardInfo
                0x000000000800361a       0x24 ./Drivers/STM32F1xx_HAL_Driver/Src/stm32f1xx_hal_sd.o
                0x000000000800361a                HAL_SD_GetCardInfo
 *fill*         0x000000000800363e        0x2 
 .text.HAL_SD_ConfigWideBusOperation
                0x0000000008003640      0x128 ./Drivers/STM32F1xx_HAL_Driver/Src/stm32f1xx_hal_sd.o
                0x0000000008003640                HAL_SD_ConfigWideBusOperation
 .text.HAL_SD_GetCardState
                0x0000000008003768       0x28 ./Drivers/STM32F1xx_HAL_Driver/Src/stm32f1xx_hal_sd.o
                0x0000000008003768                HAL_SD_GetCardState
 .text.SD_DMATxAbort
                0x0000000008003790       0x40 ./Drivers/STM32F1xx_HAL_Driver/Src/stm32f1xx_hal_sd.o
 .text.HAL_SD_IRQHandler
                0x00000000080037d0      0x204 ./Drivers/STM32F1xx_HAL_Driver/Src/stm32f1xx_hal_sd.o
                0x00000000080037d0                HAL_SD_IRQHandler
 .text.SD_DMARxAbort
                0x00000000080039d4        0x4 ./Drivers/STM32F1xx_HAL_Driver/Src/stm32f1xx_hal_sd.o
 .text.HAL_SRAM_Init
                0x00000000080039d8       0x62 ./Drivers/STM32F1xx_HAL_Driver/Src/stm32f1xx_hal_sram.o
                0x00000000080039d8                HAL_SRAM_Init
 *fill*         0x0000000008003a3a        0x2 
 .text.UART_SetConfig
                0x0000000008003a3c       0x74 ./Drivers/STM32F1xx_HAL_Driver/Src/stm32f1xx_hal_uart.o
 .text.UART_WaitOnFlagUntilTimeout.constprop.0
                0x0000000008003ab0       0x6c ./Drivers/STM32F1xx_HAL_Driver/Src/stm32f1xx_hal_uart.o
 .text.HAL_UART_Init
                0x0000000008003b1c       0x5e ./Drivers/STM32F1xx_HAL_Driver/Src/stm32f1xx_hal_uart.o
                0x0000000008003b1c                HAL_UART_Init
 .text.HAL_UART_Transmit
                0x0000000008003b7a       0x96 ./Drivers/STM32F1xx_HAL_Driver/Src/stm32f1xx_hal_uart.o
                0x0000000008003b7a                HAL_UART_Transmit
 .text.HAL_UART_Receive
                0x0000000008003c10       0xa8 ./Drivers/STM32F1xx_HAL_Driver/Src/stm32f1xx_hal_uart.o
                0x0000000008003c10                HAL_UART_Receive
 .text.FSMC_NORSRAM_Init
                0x0000000008003cb8       0x64 ./Drivers/STM32F1xx_HAL_Driver/Src/stm32f1xx_ll_fsmc.o
                0x0000000008003cb8                FSMC_NORSRAM_Init
 .text.FSMC_NORSRAM_Timing_Init
                0x0000000008003d1c       0x3c ./Drivers/STM32F1xx_HAL_Driver/Src/stm32f1xx_ll_fsmc.o
                0x0000000008003d1c                FSMC_NORSRAM_Timing_Init
 .text.FSMC_NORSRAM_Extended_Timing_Init
                0x0000000008003d58       0x3c ./Drivers/STM32F1xx_HAL_Driver/Src/stm32f1xx_ll_fsmc.o
                0x0000000008003d58                FSMC_NORSRAM_Extended_Timing_Init
 .text.SDIO_Init
                0x0000000008003d94       0x38 ./Drivers/STM32F1xx_HAL_Driver/Src/stm32f1xx_ll_sdmmc.o
                0x0000000008003d94                SDIO_Init
 .text.SDIO_ReadFIFO
                0x0000000008003dcc        0x6 ./Drivers/STM32F1xx_HAL_Driver/Src/stm32f1xx_ll_sdmmc.o
                0x0000000008003dcc                SDIO_ReadFIFO
 .text.SDIO_WriteFIFO
                0x0000000008003dd2        0xa ./Drivers/STM32F1xx_HAL_Driver/Src/stm32f1xx_ll_sdmmc.o
                0x0000000008003dd2                SDIO_WriteFIFO
 .text.SDIO_PowerState_ON
                0x0000000008003ddc        0x8 ./Drivers/STM32F1xx_HAL_Driver/Src/stm32f1xx_ll_sdmmc.o
                0x0000000008003ddc                SDIO_PowerState_ON
 .text.SDIO_GetPowerState
                0x0000000008003de4        0x8 ./Drivers/STM32F1xx_HAL_Driver/Src/stm32f1xx_ll_sdmmc.o
                0x0000000008003de4                SDIO_GetPowerState
 .text.SDIO_SendCommand
                0x0000000008003dec       0x26 ./Drivers/STM32F1xx_HAL_Driver/Src/stm32f1xx_ll_sdmmc.o
                0x0000000008003dec                SDIO_SendCommand
 .text.SDIO_GetResponse
                0x0000000008003e12        0x6 ./Drivers/STM32F1xx_HAL_Driver/Src/stm32f1xx_ll_sdmmc.o
                0x0000000008003e12                SDIO_GetResponse
 .text.SDIO_ConfigData
                0x0000000008003e18       0x26 ./Drivers/STM32F1xx_HAL_Driver/Src/stm32f1xx_ll_sdmmc.o
                0x0000000008003e18                SDIO_ConfigData
 *fill*         0x0000000008003e3e        0x2 
 .text.SDMMC_CmdGoIdleState
                0x0000000008003e40       0x4c ./Drivers/STM32F1xx_HAL_Driver/Src/stm32f1xx_ll_sdmmc.o
                0x0000000008003e40                SDMMC_CmdGoIdleState
 .text.SDMMC_GetCmdResp1
                0x0000000008003e8c      0x120 ./Drivers/STM32F1xx_HAL_Driver/Src/stm32f1xx_ll_sdmmc.o
                0x0000000008003e8c                SDMMC_GetCmdResp1
 .text.SDMMC_CmdBlockLength
                0x0000000008003fac       0x30 ./Drivers/STM32F1xx_HAL_Driver/Src/stm32f1xx_ll_sdmmc.o
                0x0000000008003fac                SDMMC_CmdBlockLength
 .text.SDMMC_CmdReadSingleBlock
                0x0000000008003fdc       0x30 ./Drivers/STM32F1xx_HAL_Driver/Src/stm32f1xx_ll_sdmmc.o
                0x0000000008003fdc                SDMMC_CmdReadSingleBlock
 .text.SDMMC_CmdReadMultiBlock
                0x000000000800400c       0x30 ./Drivers/STM32F1xx_HAL_Driver/Src/stm32f1xx_ll_sdmmc.o
                0x000000000800400c                SDMMC_CmdReadMultiBlock
 .text.SDMMC_CmdWriteSingleBlock
                0x000000000800403c       0x30 ./Drivers/STM32F1xx_HAL_Driver/Src/stm32f1xx_ll_sdmmc.o
                0x000000000800403c                SDMMC_CmdWriteSingleBlock
 .text.SDMMC_CmdWriteMultiBlock
                0x000000000800406c       0x30 ./Drivers/STM32F1xx_HAL_Driver/Src/stm32f1xx_ll_sdmmc.o
                0x000000000800406c                SDMMC_CmdWriteMultiBlock
 .text.SDMMC_CmdStopTransfer
                0x000000000800409c       0x34 ./Drivers/STM32F1xx_HAL_Driver/Src/stm32f1xx_ll_sdmmc.o
                0x000000000800409c                SDMMC_CmdStopTransfer
 .text.SDMMC_CmdSelDesel
                0x00000000080040d0       0x30 ./Drivers/STM32F1xx_HAL_Driver/Src/stm32f1xx_ll_sdmmc.o
                0x00000000080040d0                SDMMC_CmdSelDesel
 .text.SDMMC_CmdAppCommand
                0x0000000008004100       0x30 ./Drivers/STM32F1xx_HAL_Driver/Src/stm32f1xx_ll_sdmmc.o
                0x0000000008004100                SDMMC_CmdAppCommand
 .text.SDMMC_CmdBusWidth
                0x0000000008004130       0x30 ./Drivers/STM32F1xx_HAL_Driver/Src/stm32f1xx_ll_sdmmc.o
                0x0000000008004130                SDMMC_CmdBusWidth
 .text.SDMMC_CmdSendSCR
                0x0000000008004160       0x30 ./Drivers/STM32F1xx_HAL_Driver/Src/stm32f1xx_ll_sdmmc.o
                0x0000000008004160                SDMMC_CmdSendSCR
 .text.SDMMC_CmdSendStatus
                0x0000000008004190       0x30 ./Drivers/STM32F1xx_HAL_Driver/Src/stm32f1xx_ll_sdmmc.o
                0x0000000008004190                SDMMC_CmdSendStatus
 .text.SDMMC_GetCmdResp2
                0x00000000080041c0       0x4c ./Drivers/STM32F1xx_HAL_Driver/Src/stm32f1xx_ll_sdmmc.o
                0x00000000080041c0                SDMMC_GetCmdResp2
 .text.SDMMC_CmdSendCID
                0x000000000800420c       0x2a ./Drivers/STM32F1xx_HAL_Driver/Src/stm32f1xx_ll_sdmmc.o
                0x000000000800420c                SDMMC_CmdSendCID
 .text.SDMMC_CmdSendCSD
                0x0000000008004236       0x2a ./Drivers/STM32F1xx_HAL_Driver/Src/stm32f1xx_ll_sdmmc.o
                0x0000000008004236                SDMMC_CmdSendCSD
 .text.SDMMC_GetCmdResp3
                0x0000000008004260       0x40 ./Drivers/STM32F1xx_HAL_Driver/Src/stm32f1xx_ll_sdmmc.o
                0x0000000008004260                SDMMC_GetCmdResp3
 .text.SDMMC_CmdAppOperCommand
                0x00000000080042a0       0x32 ./Drivers/STM32F1xx_HAL_Driver/Src/stm32f1xx_ll_sdmmc.o
                0x00000000080042a0                SDMMC_CmdAppOperCommand
 *fill*         0x00000000080042d2        0x2 
 .text.SDMMC_GetCmdResp6
                0x00000000080042d4       0x84 ./Drivers/STM32F1xx_HAL_Driver/Src/stm32f1xx_ll_sdmmc.o
                0x00000000080042d4                SDMMC_GetCmdResp6
 .text.SDMMC_CmdSetRelAdd
                0x0000000008004358       0x30 ./Drivers/STM32F1xx_HAL_Driver/Src/stm32f1xx_ll_sdmmc.o
                0x0000000008004358                SDMMC_CmdSetRelAdd
 .text.SDMMC_GetCmdResp7
                0x0000000008004388       0x54 ./Drivers/STM32F1xx_HAL_Driver/Src/stm32f1xx_ll_sdmmc.o
                0x0000000008004388                SDMMC_GetCmdResp7
 .text.SDMMC_CmdOperCond
                0x00000000080043dc       0x2e ./Drivers/STM32F1xx_HAL_Driver/Src/stm32f1xx_ll_sdmmc.o
                0x00000000080043dc                SDMMC_CmdOperCond
 *fill*         0x000000000800440a        0x2 
 .text.MX_FATFS_Init
                0x000000000800440c       0x1c ./FATFS/App/fatfs.o
                0x000000000800440c                MX_FATFS_Init
 .text.BSP_SD_ReadBlocks
                0x0000000008004428       0x20 ./FATFS/Target/bsp_driver_sd.o
                0x0000000008004428                BSP_SD_ReadBlocks
 .text.BSP_SD_WriteBlocks
                0x0000000008004448       0x20 ./FATFS/Target/bsp_driver_sd.o
                0x0000000008004448                BSP_SD_WriteBlocks
 .text.BSP_SD_GetCardState
                0x0000000008004468       0x14 ./FATFS/Target/bsp_driver_sd.o
                0x0000000008004468                BSP_SD_GetCardState
 .text.BSP_SD_GetCardInfo
                0x000000000800447c        0xc ./FATFS/Target/bsp_driver_sd.o
                0x000000000800447c                BSP_SD_GetCardInfo
 .text.BSP_SD_AbortCallback
                0x0000000008004488        0x2 ./FATFS/Target/bsp_driver_sd.o
                0x0000000008004488                BSP_SD_AbortCallback
 .text.HAL_SD_AbortCallback
                0x000000000800448a        0x8 ./FATFS/Target/bsp_driver_sd.o
                0x000000000800448a                HAL_SD_AbortCallback
 .text.BSP_SD_WriteCpltCallback
                0x0000000008004492        0x2 ./FATFS/Target/bsp_driver_sd.o
                0x0000000008004492                BSP_SD_WriteCpltCallback
 .text.HAL_SD_TxCpltCallback
                0x0000000008004494        0x8 ./FATFS/Target/bsp_driver_sd.o
                0x0000000008004494                HAL_SD_TxCpltCallback
 .text.BSP_SD_ReadCpltCallback
                0x000000000800449c        0x2 ./FATFS/Target/bsp_driver_sd.o
                0x000000000800449c                BSP_SD_ReadCpltCallback
 .text.HAL_SD_RxCpltCallback
                0x000000000800449e        0x8 ./FATFS/Target/bsp_driver_sd.o
                0x000000000800449e                HAL_SD_RxCpltCallback
 .text.BSP_SD_IsDetected
                0x00000000080044a6       0x1c ./FATFS/Target/bsp_driver_sd.o
                0x00000000080044a6                BSP_SD_IsDetected
 *fill*         0x00000000080044c2        0x2 
 .text.BSP_SD_Init
                0x00000000080044c4       0x2c ./FATFS/Target/bsp_driver_sd.o
                0x00000000080044c4                BSP_SD_Init
 .text.BSP_PlatformIsDetected
                0x00000000080044f0       0x18 ./FATFS/Target/fatfs_platform.o
                0x00000000080044f0                BSP_PlatformIsDetected
 .text.FATFS_LinkDriverEx
                0x0000000008004508       0x44 ./Middlewares/Third_Party/FatFs/src/ff_gen_drv.o
                0x0000000008004508                FATFS_LinkDriverEx
 .text.FATFS_LinkDriver
                0x000000000800454c        0x6 ./Middlewares/Third_Party/FatFs/src/ff_gen_drv.o
                0x000000000800454c                FATFS_LinkDriver
 *fill*         0x0000000008004552        0x2 
 .text.SD_initialize
                0x0000000008004554       0x20 ./Middlewares/Third_Party/FatFs/src/drivers/sd_diskio.o
                0x0000000008004554                SD_initialize
 .text.SD_status
                0x0000000008004574       0x20 ./Middlewares/Third_Party/FatFs/src/drivers/sd_diskio.o
                0x0000000008004574                SD_status
 .text.SD_ioctl
                0x0000000008004594       0x54 ./Middlewares/Third_Party/FatFs/src/drivers/sd_diskio.o
                0x0000000008004594                SD_ioctl
 .text.SD_write
                0x00000000080045e8       0x30 ./Middlewares/Third_Party/FatFs/src/drivers/sd_diskio.o
                0x00000000080045e8                SD_write
 .text.SD_read  0x0000000008004618       0x30 ./Middlewares/Third_Party/FatFs/src/drivers/sd_diskio.o
                0x0000000008004618                SD_read
 .text.__libc_init_array
                0x0000000008004648       0x48 c:/st/stm32cubeide_1.9.0/stm32cubeide/plugins/com.st.stm32cube.ide.mcu.externaltools.gnu-tools-for-stm32.10.3-2021.10.win32_1.0.0.202111181127/tools/bin/../lib/gcc/arm-none-eabi/10.3.1/../../../../arm-none-eabi/lib/thumb/v7-m/nofp\libc_nano.a(lib_a-init.o)
                0x0000000008004648                __libc_init_array
 .text.memset   0x0000000008004690       0x10 c:/st/stm32cubeide_1.9.0/stm32cubeide/plugins/com.st.stm32cube.ide.mcu.externaltools.gnu-tools-for-stm32.10.3-2021.10.win32_1.0.0.202111181127/tools/bin/../lib/gcc/arm-none-eabi/10.3.1/../../../../arm-none-eabi/lib/thumb/v7-m/nofp\libc_nano.a(lib_a-memset.o)
                0x0000000008004690                memset
 *(.glue_7)
 .glue_7        0x00000000080046a0        0x0 linker stubs
 *(.glue_7t)
 .glue_7t       0x00000000080046a0        0x0 linker stubs
 *(.eh_frame)
 .eh_frame      0x00000000080046a0        0x0 c:/st/stm32cubeide_1.9.0/stm32cubeide/plugins/com.st.stm32cube.ide.mcu.externaltools.gnu-tools-for-stm32.10.3-2021.10.win32_1.0.0.202111181127/tools/bin/../lib/gcc/arm-none-eabi/10.3.1/thumb/v7-m/nofp/crtbegin.o
 *(.init)
 .init          0x00000000080046a0        0x4 c:/st/stm32cubeide_1.9.0/stm32cubeide/plugins/com.st.stm32cube.ide.mcu.externaltools.gnu-tools-for-stm32.10.3-2021.10.win32_1.0.0.202111181127/tools/bin/../lib/gcc/arm-none-eabi/10.3.1/thumb/v7-m/nofp/crti.o
                0x00000000080046a0                _init
 .init          0x00000000080046a4        0x8 c:/st/stm32cubeide_1.9.0/stm32cubeide/plugins/com.st.stm32cube.ide.mcu.externaltools.gnu-tools-for-stm32.10.3-2021.10.win32_1.0.0.202111181127/tools/bin/../lib/gcc/arm-none-eabi/10.3.1/thumb/v7-m/nofp/crtn.o
 *(.fini)
 .fini          0x00000000080046ac        0x4 c:/st/stm32cubeide_1.9.0/stm32cubeide/plugins/com.st.stm32cube.ide.mcu.externaltools.gnu-tools-for-stm32.10.3-2021.10.win32_1.0.0.202111181127/tools/bin/../lib/gcc/arm-none-eabi/10.3.1/thumb/v7-m/nofp/crti.o
                0x00000000080046ac                _fini
 .fini          0x00000000080046b0        0x8 c:/st/stm32cubeide_1.9.0/stm32cubeide/plugins/com.st.stm32cube.ide.mcu.externaltools.gnu-tools-for-stm32.10.3-2021.10.win32_1.0.0.202111181127/tools/bin/../lib/gcc/arm-none-eabi/10.3.1/thumb/v7-m/nofp/crtn.o
                0x00000000080046b8                . = ALIGN (0x4)
                0x00000000080046b8                _etext = .

.vfp11_veneer   0x00000000080046b8        0x0
 .vfp11_veneer  0x00000000080046b8        0x0 linker stubs

.v4_bx          0x00000000080046b8        0x0
 .v4_bx         0x00000000080046b8        0x0 linker stubs

.iplt           0x00000000080046b8        0x0
 .iplt          0x00000000080046b8        0x0 c:/st/stm32cubeide_1.9.0/stm32cubeide/plugins/com.st.stm32cube.ide.mcu.externaltools.gnu-tools-for-stm32.10.3-2021.10.win32_1.0.0.202111181127/tools/bin/../lib/gcc/arm-none-eabi/10.3.1/thumb/v7-m/nofp/crtbegin.o

.rodata         0x00000000080046b8     0x1bcc
                0x00000000080046b8                . = ALIGN (0x4)
 *(.rodata)
 *(.rodata*)
 .rodata.ucAscii_1006
                0x00000000080046b8      0xa00 ./Core/Src/lcd.o
                0x00000000080046b8                ucAscii_1006
 .rodata.writelineTerminal.str1.1
                0x00000000080050b8        0x3 ./Core/Src/main.o
 .rodata.initApple1.str1.1
                0x00000000080050bb       0x64 ./Core/Src/main.o
 .rodata.handleInput.str1.1
                0x000000000800511f       0x25 ./Core/Src/main.o
 .rodata.BASIC  0x0000000008005144     0x1000 ./Core/Src/main.o
 .rodata.monitor
                0x0000000008006144      0x100 ./Core/Src/main.o
 .rodata.AHBPrescTable
                0x0000000008006244       0x10 ./Core/Src/system_stm32f1xx.o
                0x0000000008006244                AHBPrescTable
 .rodata.APBPrescTable
                0x0000000008006254        0x8 ./Core/Src/system_stm32f1xx.o
                0x0000000008006254                APBPrescTable
 .rodata.aPLLMULFactorTable.1
                0x000000000800625c       0x10 ./Drivers/STM32F1xx_HAL_Driver/Src/stm32f1xx_hal_rcc.o
 .rodata.aPredivFactorTable.0
                0x000000000800626c        0x2 ./Drivers/STM32F1xx_HAL_Driver/Src/stm32f1xx_hal_rcc.o
 *fill*         0x000000000800626e        0x2 
 .rodata.SD_Driver
                0x0000000008006270       0x14 ./Middlewares/Third_Party/FatFs/src/drivers/sd_diskio.o
                0x0000000008006270                SD_Driver
                0x0000000008006284                . = ALIGN (0x4)

.rel.dyn        0x0000000008006284        0x0
 .rel.iplt      0x0000000008006284        0x0 c:/st/stm32cubeide_1.9.0/stm32cubeide/plugins/com.st.stm32cube.ide.mcu.externaltools.gnu-tools-for-stm32.10.3-2021.10.win32_1.0.0.202111181127/tools/bin/../lib/gcc/arm-none-eabi/10.3.1/thumb/v7-m/nofp/crtbegin.o

.ARM.extab      0x0000000008006284        0x0
                0x0000000008006284                . = ALIGN (0x4)
 *(.ARM.extab* .gnu.linkonce.armextab.*)
                0x0000000008006284                . = ALIGN (0x4)

.ARM            0x0000000008006284        0x0
                0x0000000008006284                . = ALIGN (0x4)
                0x0000000008006284                __exidx_start = .
 *(.ARM.exidx*)
                0x0000000008006284                __exidx_end = .
                0x0000000008006284                . = ALIGN (0x4)

.preinit_array  0x0000000008006284        0x0
                0x0000000008006284                . = ALIGN (0x4)
                0x0000000008006284                PROVIDE (__preinit_array_start = .)
 *(.preinit_array*)
                0x0000000008006284                PROVIDE (__preinit_array_end = .)
                0x0000000008006284                . = ALIGN (0x4)

.init_array     0x0000000008006284        0x4
                0x0000000008006284                . = ALIGN (0x4)
                0x0000000008006284                PROVIDE (__init_array_start = .)
 *(SORT_BY_NAME(.init_array.*))
 *(.init_array*)
 .init_array    0x0000000008006284        0x4 c:/st/stm32cubeide_1.9.0/stm32cubeide/plugins/com.st.stm32cube.ide.mcu.externaltools.gnu-tools-for-stm32.10.3-2021.10.win32_1.0.0.202111181127/tools/bin/../lib/gcc/arm-none-eabi/10.3.1/thumb/v7-m/nofp/crtbegin.o
                0x0000000008006288                PROVIDE (__init_array_end = .)
                0x0000000008006288                . = ALIGN (0x4)

.fini_array     0x0000000008006288        0x4
                0x0000000008006288                . = ALIGN (0x4)
                [!provide]                        PROVIDE (__fini_array_start = .)
 *(SORT_BY_NAME(.fini_array.*))
 *(.fini_array*)
 .fini_array    0x0000000008006288        0x4 c:/st/stm32cubeide_1.9.0/stm32cubeide/plugins/com.st.stm32cube.ide.mcu.externaltools.gnu-tools-for-stm32.10.3-2021.10.win32_1.0.0.202111181127/tools/bin/../lib/gcc/arm-none-eabi/10.3.1/thumb/v7-m/nofp/crtbegin.o
                [!provide]                        PROVIDE (__fini_array_end = .)
                0x000000000800628c                . = ALIGN (0x4)
                0x000000000800628c                _sidata = LOADADDR (.data)

.data           0x0000000020000000       0x10 load address 0x000000000800628c
                0x0000000020000000                . = ALIGN (0x4)
                0x0000000020000000                _sdata = .
 *(.data)
 *(.data*)
 .data.SystemCoreClock
                0x0000000020000000        0x4 ./Core/Src/system_stm32f1xx.o
                0x0000000020000000                SystemCoreClock
 .data.uwTickFreq
                0x0000000020000004        0x1 ./Drivers/STM32F1xx_HAL_Driver/Src/stm32f1xx_hal.o
                0x0000000020000004                uwTickFreq
 *fill*         0x0000000020000005        0x3 
 .data.uwTickPrio
                0x0000000020000008        0x4 ./Drivers/STM32F1xx_HAL_Driver/Src/stm32f1xx_hal.o
                0x0000000020000008                uwTickPrio
 .data.Stat     0x000000002000000c        0x1 ./Middlewares/Third_Party/FatFs/src/drivers/sd_diskio.o
 *(.RamFunc)
 *(.RamFunc*)
                0x0000000020000010                . = ALIGN (0x4)
 *fill*         0x000000002000000d        0x3 
                0x0000000020000010                _edata = .

.igot.plt       0x0000000020000010        0x0 load address 0x000000000800629c
 .igot.plt      0x0000000020000010        0x0 c:/st/stm32cubeide_1.9.0/stm32cubeide/plugins/com.st.stm32cube.ide.mcu.externaltools.gnu-tools-for-stm32.10.3-2021.10.win32_1.0.0.202111181127/tools/bin/../lib/gcc/arm-none-eabi/10.3.1/thumb/v7-m/nofp/crtbegin.o
                0x0000000020000010                . = ALIGN (0x4)

.bss            0x0000000020000010     0x8174 load address 0x000000000800629c
                0x0000000020000010                _sbss = .
                0x0000000020000010                __bss_start__ = _sbss
 *(.bss)
 .bss           0x0000000020000010       0x1c c:/st/stm32cubeide_1.9.0/stm32cubeide/plugins/com.st.stm32cube.ide.mcu.externaltools.gnu-tools-for-stm32.10.3-2021.10.win32_1.0.0.202111181127/tools/bin/../lib/gcc/arm-none-eabi/10.3.1/thumb/v7-m/nofp/crtbegin.o
 *(.bss*)
 .bss.LCD_CURSOR_X
                0x000000002000002c        0x1 ./Core/Src/main.o
                0x000000002000002c                LCD_CURSOR_X
 .bss.LCD_CURSOR_Y
                0x000000002000002d        0x1 ./Core/Src/main.o
                0x000000002000002d                LCD_CURSOR_Y
 .bss.RAM       0x000000002000002e     0x8000 ./Core/Src/main.o
                0x000000002000002e                RAM
 *fill*         0x000000002000802e        0x2 
 .bss.hsd       0x0000000020008030       0x84 ./Core/Src/main.o
                0x0000000020008030                hsd
 .bss.hsram1    0x00000000200080b4       0x48 ./Core/Src/main.o
                0x00000000200080b4                hsram1
 .bss.huart1    0x00000000200080fc       0x48 ./Core/Src/main.o
                0x00000000200080fc                huart1
 .bss.keyboardBuffer
                0x0000000020008144        0x1 ./Core/Src/main.o
                0x0000000020008144                keyboardBuffer
 .bss.pia       0x0000000020008145        0x4 ./Core/Src/main.o
                0x0000000020008145                pia
 .bss.a         0x0000000020008149        0x1 ./Core/Src/mos6502.o
                0x0000000020008149                a
 *fill*         0x000000002000814a        0x2 
 .bss.clockticks6502
                0x000000002000814c        0x4 ./Core/Src/mos6502.o
                0x000000002000814c                clockticks6502
 .bss.cpustatus
                0x0000000020008150        0x1 ./Core/Src/mos6502.o
                0x0000000020008150                cpustatus
 *fill*         0x0000000020008151        0x1 
 .bss.ea        0x0000000020008152        0x2 ./Core/Src/mos6502.o
                0x0000000020008152                ea
 .bss.instructions
                0x0000000020008154        0x4 ./Core/Src/mos6502.o
                0x0000000020008154                instructions
 .bss.oldpc     0x0000000020008158        0x2 ./Core/Src/mos6502.o
                0x0000000020008158                oldpc
 .bss.opcode    0x000000002000815a        0x1 ./Core/Src/mos6502.o
                0x000000002000815a                opcode
 *fill*         0x000000002000815b        0x1 
 .bss.pc        0x000000002000815c        0x2 ./Core/Src/mos6502.o
                0x000000002000815c                pc
 .bss.reladdr   0x000000002000815e        0x2 ./Core/Src/mos6502.o
                0x000000002000815e                reladdr
 .bss.result    0x0000000020008160        0x2 ./Core/Src/mos6502.o
                0x0000000020008160                result
 .bss.sp        0x0000000020008162        0x1 ./Core/Src/mos6502.o
                0x0000000020008162                sp
 .bss.useaccum  0x0000000020008163        0x1 ./Core/Src/mos6502.o
                0x0000000020008163                useaccum
 .bss.value     0x0000000020008164        0x2 ./Core/Src/mos6502.o
                0x0000000020008164                value
 .bss.x         0x0000000020008166        0x1 ./Core/Src/mos6502.o
                0x0000000020008166                x
 .bss.y         0x0000000020008167        0x1 ./Core/Src/mos6502.o
                0x0000000020008167                y
 .bss.FSMC_Initialized
                0x0000000020008168        0x4 ./Core/Src/stm32f1xx_hal_msp.o
 .bss.uwTick    0x000000002000816c        0x4 ./Drivers/STM32F1xx_HAL_Driver/Src/stm32f1xx_hal.o
                0x000000002000816c                uwTick
 .bss.SDPath    0x0000000020008170        0x4 ./FATFS/App/fatfs.o
                0x0000000020008170                SDPath
 .bss.retSD     0x0000000020008174        0x1 ./FATFS/App/fatfs.o
                0x0000000020008174                retSD
 *fill*         0x0000000020008175        0x3 
 .bss.disk      0x0000000020008178        0xc ./Middlewares/Third_Party/FatFs/src/ff_gen_drv.o
                0x0000000020008178                disk
 *(COMMON)
                0x0000000020008184                . = ALIGN (0x4)
                0x0000000020008184                _ebss = .
                0x0000000020008184                __bss_end__ = _ebss

._user_heap_stack
                0x0000000020008184      0x604 load address 0x000000000800629c
                0x0000000020008188                . = ALIGN (0x8)
 *fill*         0x0000000020008184        0x4 
                [!provide]                        PROVIDE (end = .)
                0x0000000020008188                PROVIDE (_end = .)
                0x0000000020008388                . = (. + _Min_Heap_Size)
 *fill*         0x0000000020008188      0x200 
                0x0000000020008788                . = (. + _Min_Stack_Size)
 *fill*         0x0000000020008388      0x400 
                0x0000000020008788                . = ALIGN (0x8)

/DISCARD/
 libc.a(*)
 libm.a(*)
 libgcc.a(*)

.ARM.attributes
                0x0000000000000000       0x29
 *(.ARM.attributes)
 .ARM.attributes
                0x0000000000000000       0x1d c:/st/stm32cubeide_1.9.0/stm32cubeide/plugins/com.st.stm32cube.ide.mcu.externaltools.gnu-tools-for-stm32.10.3-2021.10.win32_1.0.0.202111181127/tools/bin/../lib/gcc/arm-none-eabi/10.3.1/thumb/v7-m/nofp/crti.o
 .ARM.attributes
                0x000000000000001d       0x2d c:/st/stm32cubeide_1.9.0/stm32cubeide/plugins/com.st.stm32cube.ide.mcu.externaltools.gnu-tools-for-stm32.10.3-2021.10.win32_1.0.0.202111181127/tools/bin/../lib/gcc/arm-none-eabi/10.3.1/thumb/v7-m/nofp/crtbegin.o
 .ARM.attributes
                0x000000000000004a       0x2d ./Core/Src/lcd.o
 .ARM.attributes
                0x0000000000000077       0x2d ./Core/Src/main.o
 .ARM.attributes
                0x00000000000000a4       0x2d ./Core/Src/mos6502.o
 .ARM.attributes
                0x00000000000000d1       0x2d ./Core/Src/stm32f1xx_hal_msp.o
 .ARM.attributes
                0x00000000000000fe       0x2d ./Core/Src/stm32f1xx_it.o
 .ARM.attributes
                0x000000000000012b       0x2d ./Core/Src/system_stm32f1xx.o
 .ARM.attributes
                0x0000000000000158       0x21 ./Core/Startup/startup_stm32f103vetx.o
 .ARM.attributes
                0x0000000000000179       0x2d ./Drivers/STM32F1xx_HAL_Driver/Src/stm32f1xx_hal.o
 .ARM.attributes
                0x00000000000001a6       0x2d ./Drivers/STM32F1xx_HAL_Driver/Src/stm32f1xx_hal_cortex.o
 .ARM.attributes
                0x00000000000001d3       0x2d ./Drivers/STM32F1xx_HAL_Driver/Src/stm32f1xx_hal_dma.o
 .ARM.attributes
                0x0000000000000200       0x2d ./Drivers/STM32F1xx_HAL_Driver/Src/stm32f1xx_hal_gpio.o
 .ARM.attributes
                0x000000000000022d       0x2d ./Drivers/STM32F1xx_HAL_Driver/Src/stm32f1xx_hal_rcc.o
 .ARM.attributes
                0x000000000000025a       0x2d ./Drivers/STM32F1xx_HAL_Driver/Src/stm32f1xx_hal_sd.o
 .ARM.attributes
                0x0000000000000287       0x2d ./Drivers/STM32F1xx_HAL_Driver/Src/stm32f1xx_hal_sram.o
 .ARM.attributes
                0x00000000000002b4       0x2d ./Drivers/STM32F1xx_HAL_Driver/Src/stm32f1xx_hal_uart.o
 .ARM.attributes
                0x00000000000002e1       0x2d ./Drivers/STM32F1xx_HAL_Driver/Src/stm32f1xx_ll_fsmc.o
 .ARM.attributes
                0x000000000000030e       0x2d ./Drivers/STM32F1xx_HAL_Driver/Src/stm32f1xx_ll_sdmmc.o
 .ARM.attributes
                0x000000000000033b       0x2d ./FATFS/App/fatfs.o
 .ARM.attributes
                0x0000000000000368       0x2d ./FATFS/Target/bsp_driver_sd.o
 .ARM.attributes
                0x0000000000000395       0x2d ./FATFS/Target/fatfs_platform.o
 .ARM.attributes
                0x00000000000003c2       0x2d ./Middlewares/Third_Party/FatFs/src/ff_gen_drv.o
 .ARM.attributes
                0x00000000000003ef       0x2d ./Middlewares/Third_Party/FatFs/src/drivers/sd_diskio.o
 .ARM.attributes
                0x000000000000041c       0x2d c:/st/stm32cubeide_1.9.0/stm32cubeide/plugins/com.st.stm32cube.ide.mcu.externaltools.gnu-tools-for-stm32.10.3-2021.10.win32_1.0.0.202111181127/tools/bin/../lib/gcc/arm-none-eabi/10.3.1/../../../../arm-none-eabi/lib/thumb/v7-m/nofp\libc_nano.a(lib_a-init.o)
 .ARM.attributes
                0x0000000000000449       0x2d c:/st/stm32cubeide_1.9.0/stm32cubeide/plugins/com.st.stm32cube.ide.mcu.externaltools.gnu-tools-for-stm32.10.3-2021.10.win32_1.0.0.202111181127/tools/bin/../lib/gcc/arm-none-eabi/10.3.1/../../../../arm-none-eabi/lib/thumb/v7-m/nofp\libc_nano.a(lib_a-memset.o)
 .ARM.attributes
                0x0000000000000476       0x17 c:/st/stm32cubeide_1.9.0/stm32cubeide/plugins/com.st.stm32cube.ide.mcu.externaltools.gnu-tools-for-stm32.10.3-2021.10.win32_1.0.0.202111181127/tools/bin/../lib/gcc/arm-none-eabi/10.3.1/../../../../arm-none-eabi/lib/thumb/v7-m/nofp\libc_nano.a(lib_a-strlen.o)
 .ARM.attributes
                0x000000000000048d       0x1d c:/st/stm32cubeide_1.9.0/stm32cubeide/plugins/com.st.stm32cube.ide.mcu.externaltools.gnu-tools-for-stm32.10.3-2021.10.win32_1.0.0.202111181127/tools/bin/../lib/gcc/arm-none-eabi/10.3.1/thumb/v7-m/nofp/crtn.o
OUTPUT(STM32F103_MOS_6502_CPU.elf elf32-littlearm)
LOAD linker stubs
LOAD c:/st/stm32cubeide_1.9.0/stm32cubeide/plugins/com.st.stm32cube.ide.mcu.externaltools.gnu-tools-for-stm32.10.3-2021.10.win32_1.0.0.202111181127/tools/bin/../lib/gcc/arm-none-eabi/10.3.1/../../../../arm-none-eabi/lib/thumb/v7-m/nofp\libc.a
LOAD c:/st/stm32cubeide_1.9.0/stm32cubeide/plugins/com.st.stm32cube.ide.mcu.externaltools.gnu-tools-for-stm32.10.3-2021.10.win32_1.0.0.202111181127/tools/bin/../lib/gcc/arm-none-eabi/10.3.1/../../../../arm-none-eabi/lib/thumb/v7-m/nofp\libm.a
LOAD c:/st/stm32cubeide_1.9.0/stm32cubeide/plugins/com.st.stm32cube.ide.mcu.externaltools.gnu-tools-for-stm32.10.3-2021.10.win32_1.0.0.202111181127/tools/bin/../lib/gcc/arm-none-eabi/10.3.1/thumb/v7-m/nofp\libgcc.a

.debug_info     0x0000000000000000    0x190a1
 .debug_info    0x0000000000000000     0x1de1 ./Core/Src/lcd.o
 .debug_info    0x0000000000001de1     0x2b95 ./Core/Src/main.o
 .debug_info    0x0000000000004976     0x3a46 ./Core/Src/mos6502.o
 .debug_info    0x00000000000083bc     0x133e ./Core/Src/stm32f1xx_hal_msp.o
 .debug_info    0x00000000000096fa      0x74d ./Core/Src/stm32f1xx_it.o
 .debug_info    0x0000000000009e47      0x24c ./Core/Src/system_stm32f1xx.o
 .debug_info    0x000000000000a093       0x22 ./Core/Startup/startup_stm32f103vetx.o
 .debug_info    0x000000000000a0b5      0x86e ./Drivers/STM32F1xx_HAL_Driver/Src/stm32f1xx_hal.o
 .debug_info    0x000000000000a923      0xdd0 ./Drivers/STM32F1xx_HAL_Driver/Src/stm32f1xx_hal_cortex.o
 .debug_info    0x000000000000b6f3      0x85b ./Drivers/STM32F1xx_HAL_Driver/Src/stm32f1xx_hal_dma.o
 .debug_info    0x000000000000bf4e      0x66f ./Drivers/STM32F1xx_HAL_Driver/Src/stm32f1xx_hal_gpio.o
 .debug_info    0x000000000000c5bd      0xa8e ./Drivers/STM32F1xx_HAL_Driver/Src/stm32f1xx_hal_rcc.o
 .debug_info    0x000000000000d04b     0x27ae ./Drivers/STM32F1xx_HAL_Driver/Src/stm32f1xx_hal_sd.o
 .debug_info    0x000000000000f7f9      0xf8b ./Drivers/STM32F1xx_HAL_Driver/Src/stm32f1xx_hal_sram.o
 .debug_info    0x0000000000010784     0x435f ./Drivers/STM32F1xx_HAL_Driver/Src/stm32f1xx_hal_uart.o
 .debug_info    0x0000000000014ae3      0xabd ./Drivers/STM32F1xx_HAL_Driver/Src/stm32f1xx_ll_fsmc.o
 .debug_info    0x00000000000155a0     0x1bff ./Drivers/STM32F1xx_HAL_Driver/Src/stm32f1xx_ll_sdmmc.o
 .debug_info    0x000000000001719f      0x532 ./FATFS/App/fatfs.o
 .debug_info    0x00000000000176d1      0xc91 ./FATFS/Target/bsp_driver_sd.o
 .debug_info    0x0000000000018362      0x1cb ./FATFS/Target/fatfs_platform.o
 .debug_info    0x000000000001852d      0x4d9 ./Middlewares/Third_Party/FatFs/src/ff_gen_drv.o
 .debug_info    0x0000000000018a06      0x69b ./Middlewares/Third_Party/FatFs/src/drivers/sd_diskio.o

.debug_abbrev   0x0000000000000000     0x3654
 .debug_abbrev  0x0000000000000000      0x394 ./Core/Src/lcd.o
 .debug_abbrev  0x0000000000000394      0x45c ./Core/Src/main.o
 .debug_abbrev  0x00000000000007f0      0x323 ./Core/Src/mos6502.o
 .debug_abbrev  0x0000000000000b13      0x2aa ./Core/Src/stm32f1xx_hal_msp.o
 .debug_abbrev  0x0000000000000dbd      0x1cd ./Core/Src/stm32f1xx_it.o
 .debug_abbrev  0x0000000000000f8a      0x141 ./Core/Src/system_stm32f1xx.o
 .debug_abbrev  0x00000000000010cb       0x12 ./Core/Startup/startup_stm32f103vetx.o
 .debug_abbrev  0x00000000000010dd      0x277 ./Drivers/STM32F1xx_HAL_Driver/Src/stm32f1xx_hal.o
 .debug_abbrev  0x0000000000001354      0x352 ./Drivers/STM32F1xx_HAL_Driver/Src/stm32f1xx_hal_cortex.o
 .debug_abbrev  0x00000000000016a6      0x253 ./Drivers/STM32F1xx_HAL_Driver/Src/stm32f1xx_hal_dma.o
 .debug_abbrev  0x00000000000018f9      0x1e7 ./Drivers/STM32F1xx_HAL_Driver/Src/stm32f1xx_hal_gpio.o
 .debug_abbrev  0x0000000000001ae0      0x2f5 ./Drivers/STM32F1xx_HAL_Driver/Src/stm32f1xx_hal_rcc.o
 .debug_abbrev  0x0000000000001dd5      0x3d3 ./Drivers/STM32F1xx_HAL_Driver/Src/stm32f1xx_hal_sd.o
 .debug_abbrev  0x00000000000021a8      0x231 ./Drivers/STM32F1xx_HAL_Driver/Src/stm32f1xx_hal_sram.o
 .debug_abbrev  0x00000000000023d9      0x3e8 ./Drivers/STM32F1xx_HAL_Driver/Src/stm32f1xx_hal_uart.o
 .debug_abbrev  0x00000000000027c1      0x1a0 ./Drivers/STM32F1xx_HAL_Driver/Src/stm32f1xx_ll_fsmc.o
 .debug_abbrev  0x0000000000002961      0x313 ./Drivers/STM32F1xx_HAL_Driver/Src/stm32f1xx_ll_sdmmc.o
 .debug_abbrev  0x0000000000002c74      0x1b1 ./FATFS/App/fatfs.o
 .debug_abbrev  0x0000000000002e25      0x2ae ./FATFS/Target/bsp_driver_sd.o
 .debug_abbrev  0x00000000000030d3      0x10d ./FATFS/Target/fatfs_platform.o
 .debug_abbrev  0x00000000000031e0      0x227 ./Middlewares/Third_Party/FatFs/src/ff_gen_drv.o
 .debug_abbrev  0x0000000000003407      0x24d ./Middlewares/Third_Party/FatFs/src/drivers/sd_diskio.o

.debug_loc      0x0000000000000000     0xc7a4
 .debug_loc     0x0000000000000000     0x13c1 ./Core/Src/lcd.o
 .debug_loc     0x00000000000013c1      0x364 ./Core/Src/main.o
 .debug_loc     0x0000000000001725      0x21e ./Core/Src/mos6502.o
 .debug_loc     0x0000000000001943      0x134 ./Core/Src/stm32f1xx_hal_msp.o
 .debug_loc     0x0000000000001a77       0xe7 ./Core/Src/system_stm32f1xx.o
 .debug_loc     0x0000000000001b5e      0x139 ./Drivers/STM32F1xx_HAL_Driver/Src/stm32f1xx_hal.o
 .debug_loc     0x0000000000001c97      0x4c5 ./Drivers/STM32F1xx_HAL_Driver/Src/stm32f1xx_hal_cortex.o
 .debug_loc     0x000000000000215c      0x73a ./Drivers/STM32F1xx_HAL_Driver/Src/stm32f1xx_hal_dma.o
 .debug_loc     0x0000000000002896      0x40d ./Drivers/STM32F1xx_HAL_Driver/Src/stm32f1xx_hal_gpio.o
 .debug_loc     0x0000000000002ca3      0x610 ./Drivers/STM32F1xx_HAL_Driver/Src/stm32f1xx_hal_rcc.o
 .debug_loc     0x00000000000032b3     0x1f1b ./Drivers/STM32F1xx_HAL_Driver/Src/stm32f1xx_hal_sd.o
 .debug_loc     0x00000000000051ce      0xd67 ./Drivers/STM32F1xx_HAL_Driver/Src/stm32f1xx_hal_sram.o
 .debug_loc     0x0000000000005f35     0x440a ./Drivers/STM32F1xx_HAL_Driver/Src/stm32f1xx_hal_uart.o
 .debug_loc     0x000000000000a33f      0x584 ./Drivers/STM32F1xx_HAL_Driver/Src/stm32f1xx_ll_fsmc.o
 .debug_loc     0x000000000000a8c3     0x130c ./Drivers/STM32F1xx_HAL_Driver/Src/stm32f1xx_ll_sdmmc.o
 .debug_loc     0x000000000000bbcf      0x4c1 ./FATFS/Target/bsp_driver_sd.o
 .debug_loc     0x000000000000c090       0x29 ./FATFS/Target/fatfs_platform.o
 .debug_loc     0x000000000000c0b9      0x28e ./Middlewares/Third_Party/FatFs/src/ff_gen_drv.o
 .debug_loc     0x000000000000c347      0x45d ./Middlewares/Third_Party/FatFs/src/drivers/sd_diskio.o

.debug_aranges  0x0000000000000000      0xe30
 .debug_aranges
                0x0000000000000000       0xc0 ./Core/Src/lcd.o
 .debug_aranges
                0x00000000000000c0       0x70 ./Core/Src/main.o
 .debug_aranges
                0x0000000000000130      0x2a8 ./Core/Src/mos6502.o
 .debug_aranges
                0x00000000000003d8       0x50 ./Core/Src/stm32f1xx_hal_msp.o
 .debug_aranges
                0x0000000000000428       0x58 ./Core/Src/stm32f1xx_it.o
 .debug_aranges
                0x0000000000000480       0x28 ./Core/Src/system_stm32f1xx.o
 .debug_aranges
                0x00000000000004a8       0x28 ./Core/Startup/startup_stm32f103vetx.o
 .debug_aranges
                0x00000000000004d0       0xd8 ./Drivers/STM32F1xx_HAL_Driver/Src/stm32f1xx_hal.o
 .debug_aranges
                0x00000000000005a8       0x90 ./Drivers/STM32F1xx_HAL_Driver/Src/stm32f1xx_hal_cortex.o
 .debug_aranges
                0x0000000000000638       0x78 ./Drivers/STM32F1xx_HAL_Driver/Src/stm32f1xx_hal_dma.o
 .debug_aranges
                0x00000000000006b0       0x58 ./Drivers/STM32F1xx_HAL_Driver/Src/stm32f1xx_hal_gpio.o
 .debug_aranges
                0x0000000000000708       0x88 ./Drivers/STM32F1xx_HAL_Driver/Src/stm32f1xx_hal_rcc.o
 .debug_aranges
                0x0000000000000790       0xf0 ./Drivers/STM32F1xx_HAL_Driver/Src/stm32f1xx_hal_sd.o
 .debug_aranges
                0x0000000000000880       0xa0 ./Drivers/STM32F1xx_HAL_Driver/Src/stm32f1xx_hal_sram.o
 .debug_aranges
                0x0000000000000920      0x1a8 ./Drivers/STM32F1xx_HAL_Driver/Src/stm32f1xx_hal_uart.o
 .debug_aranges
                0x0000000000000ac8       0xa8 ./Drivers/STM32F1xx_HAL_Driver/Src/stm32f1xx_ll_fsmc.o
 .debug_aranges
                0x0000000000000b70      0x170 ./Drivers/STM32F1xx_HAL_Driver/Src/stm32f1xx_ll_sdmmc.o
 .debug_aranges
                0x0000000000000ce0       0x28 ./FATFS/App/fatfs.o
 .debug_aranges
                0x0000000000000d08       0x88 ./FATFS/Target/bsp_driver_sd.o
 .debug_aranges
                0x0000000000000d90       0x20 ./FATFS/Target/fatfs_platform.o
 .debug_aranges
                0x0000000000000db0       0x40 ./Middlewares/Third_Party/FatFs/src/ff_gen_drv.o
 .debug_aranges
                0x0000000000000df0       0x40 ./Middlewares/Third_Party/FatFs/src/drivers/sd_diskio.o

.debug_ranges   0x0000000000000000     0x1828
 .debug_ranges  0x0000000000000000      0x628 ./Core/Src/lcd.o
 .debug_ranges  0x0000000000000628      0x1c8 ./Core/Src/main.o
 .debug_ranges  0x00000000000007f0      0x298 ./Core/Src/mos6502.o
 .debug_ranges  0x0000000000000a88      0x178 ./Core/Src/stm32f1xx_hal_msp.o
 .debug_ranges  0x0000000000000c00       0x48 ./Core/Src/stm32f1xx_it.o
 .debug_ranges  0x0000000000000c48       0x18 ./Core/Src/system_stm32f1xx.o
 .debug_ranges  0x0000000000000c60       0x20 ./Core/Startup/startup_stm32f103vetx.o
 .debug_ranges  0x0000000000000c80       0xc8 ./Drivers/STM32F1xx_HAL_Driver/Src/stm32f1xx_hal.o
 .debug_ranges  0x0000000000000d48      0x148 ./Drivers/STM32F1xx_HAL_Driver/Src/stm32f1xx_hal_cortex.o
 .debug_ranges  0x0000000000000e90       0x98 ./Drivers/STM32F1xx_HAL_Driver/Src/stm32f1xx_hal_dma.o
 .debug_ranges  0x0000000000000f28       0x68 ./Drivers/STM32F1xx_HAL_Driver/Src/stm32f1xx_hal_gpio.o
 .debug_ranges  0x0000000000000f90       0xc0 ./Drivers/STM32F1xx_HAL_Driver/Src/stm32f1xx_hal_rcc.o
 .debug_ranges  0x0000000000001050      0x210 ./Drivers/STM32F1xx_HAL_Driver/Src/stm32f1xx_hal_sd.o
 .debug_ranges  0x0000000000001260       0x90 ./Drivers/STM32F1xx_HAL_Driver/Src/stm32f1xx_hal_sram.o
 .debug_ranges  0x00000000000012f0      0x1f8 ./Drivers/STM32F1xx_HAL_Driver/Src/stm32f1xx_hal_uart.o
 .debug_ranges  0x00000000000014e8       0x98 ./Drivers/STM32F1xx_HAL_Driver/Src/stm32f1xx_ll_fsmc.o
 .debug_ranges  0x0000000000001580      0x1a8 ./Drivers/STM32F1xx_HAL_Driver/Src/stm32f1xx_ll_sdmmc.o
 .debug_ranges  0x0000000000001728       0x18 ./FATFS/App/fatfs.o
 .debug_ranges  0x0000000000001740       0x78 ./FATFS/Target/bsp_driver_sd.o
 .debug_ranges  0x00000000000017b8       0x10 ./FATFS/Target/fatfs_platform.o
 .debug_ranges  0x00000000000017c8       0x30 ./Middlewares/Third_Party/FatFs/src/ff_gen_drv.o
 .debug_ranges  0x00000000000017f8       0x30 ./Middlewares/Third_Party/FatFs/src/drivers/sd_diskio.o

.debug_macro    0x0000000000000000    0x1b50a
 .debug_macro   0x0000000000000000      0x28e ./Core/Src/lcd.o
 .debug_macro   0x000000000000028e      0xa72 ./Core/Src/lcd.o
 .debug_macro   0x0000000000000d00       0x22 ./Core/Src/lcd.o
 .debug_macro   0x0000000000000d22       0x22 ./Core/Src/lcd.o
 .debug_macro   0x0000000000000d44       0x4c ./Core/Src/lcd.o
 .debug_macro   0x0000000000000d90       0x18 ./Core/Src/lcd.o
 .debug_macro   0x0000000000000da8       0x94 ./Core/Src/lcd.o
 .debug_macro   0x0000000000000e3c       0x3c ./Core/Src/lcd.o
 .debug_macro   0x0000000000000e78       0x34 ./Core/Src/lcd.o
 .debug_macro   0x0000000000000eac      0x174 ./Core/Src/lcd.o
 .debug_macro   0x0000000000001020       0x16 ./Core/Src/lcd.o
 .debug_macro   0x0000000000001036       0x43 ./Core/Src/lcd.o
 .debug_macro   0x0000000000001079       0x57 ./Core/Src/lcd.o
 .debug_macro   0x00000000000010d0       0x34 ./Core/Src/lcd.o
 .debug_macro   0x0000000000001104       0x10 ./Core/Src/lcd.o
 .debug_macro   0x0000000000001114       0x58 ./Core/Src/lcd.o
 .debug_macro   0x000000000000116c       0x71 ./Core/Src/lcd.o
 .debug_macro   0x00000000000011dd       0x1c ./Core/Src/lcd.o
 .debug_macro   0x00000000000011f9      0x12a ./Core/Src/lcd.o
 .debug_macro   0x0000000000001323      0x341 ./Core/Src/lcd.o
 .debug_macro   0x0000000000001664      0x19b ./Core/Src/lcd.o
 .debug_macro   0x00000000000017ff      0x221 ./Core/Src/lcd.o
 .debug_macro   0x0000000000001a20       0x2e ./Core/Src/lcd.o
 .debug_macro   0x0000000000001a4e       0x22 ./Core/Src/lcd.o
 .debug_macro   0x0000000000001a70      0x103 ./Core/Src/lcd.o
 .debug_macro   0x0000000000001b73       0x6a ./Core/Src/lcd.o
 .debug_macro   0x0000000000001bdd      0x1df ./Core/Src/lcd.o
 .debug_macro   0x0000000000001dbc       0x1c ./Core/Src/lcd.o
 .debug_macro   0x0000000000001dd8       0x22 ./Core/Src/lcd.o
 .debug_macro   0x0000000000001dfa       0xbd ./Core/Src/lcd.o
 .debug_macro   0x0000000000001eb7      0xd23 ./Core/Src/lcd.o
 .debug_macro   0x0000000000002bda     0xfd8c ./Core/Src/lcd.o
 .debug_macro   0x0000000000012966       0x6d ./Core/Src/lcd.o
 .debug_macro   0x00000000000129d3     0x348d ./Core/Src/lcd.o
 .debug_macro   0x0000000000015e60       0x56 ./Core/Src/lcd.o
 .debug_macro   0x0000000000015eb6      0x5bc ./Core/Src/lcd.o
 .debug_macro   0x0000000000016472      0x4d5 ./Core/Src/lcd.o
 .debug_macro   0x0000000000016947      0x1cb ./Core/Src/lcd.o
 .debug_macro   0x0000000000016b12      0x114 ./Core/Src/lcd.o
 .debug_macro   0x0000000000016c26      0x1ea ./Core/Src/lcd.o
 .debug_macro   0x0000000000016e10       0x27 ./Core/Src/lcd.o
 .debug_macro   0x0000000000016e37      0x144 ./Core/Src/lcd.o
 .debug_macro   0x0000000000016f7b      0x1bc ./Core/Src/lcd.o
 .debug_macro   0x0000000000017137       0x30 ./Core/Src/lcd.o
 .debug_macro   0x0000000000017167       0x3c ./Core/Src/lcd.o
 .debug_macro   0x00000000000171a3       0x57 ./Core/Src/lcd.o
 .debug_macro   0x00000000000171fa       0x87 ./Core/Src/lcd.o
 .debug_macro   0x0000000000017281      0x24f ./Core/Src/lcd.o
 .debug_macro   0x00000000000174d0      0x356 ./Core/Src/lcd.o
 .debug_macro   0x0000000000017826      0x140 ./Core/Src/lcd.o
 .debug_macro   0x0000000000017966      0x861 ./Core/Src/lcd.o
 .debug_macro   0x00000000000181c7      0x1d5 ./Core/Src/lcd.o
 .debug_macro   0x000000000001839c      0x28e ./Core/Src/lcd.o
 .debug_macro   0x000000000001862a       0xb5 ./Core/Src/lcd.o
 .debug_macro   0x00000000000186df       0xd0 ./Core/Src/lcd.o
 .debug_macro   0x00000000000187af      0x396 ./Core/Src/main.o
 .debug_macro   0x0000000000018b45       0x8e ./Core/Src/main.o
 .debug_macro   0x0000000000018bd3       0x51 ./Core/Src/main.o
 .debug_macro   0x0000000000018c24       0x5c ./Core/Src/main.o
 .debug_macro   0x0000000000018c80       0x28 ./Core/Src/main.o
 .debug_macro   0x0000000000018ca8       0x1c ./Core/Src/main.o
 .debug_macro   0x0000000000018cc4       0x34 ./Core/Src/main.o
 .debug_macro   0x0000000000018cf8       0xd8 ./Core/Src/main.o
 .debug_macro   0x0000000000018dd0       0xf5 ./Core/Src/main.o
 .debug_macro   0x0000000000018ec5       0x8e ./Core/Src/main.o
 .debug_macro   0x0000000000018f53       0x52 ./Core/Src/main.o
 .debug_macro   0x0000000000018fa5       0x10 ./Core/Src/main.o
 .debug_macro   0x0000000000018fb5       0x35 ./Core/Src/main.o
 .debug_macro   0x0000000000018fea       0x20 ./Core/Src/main.o
 .debug_macro   0x000000000001900a       0x10 ./Core/Src/main.o
 .debug_macro   0x000000000001901a       0xd6 ./Core/Src/main.o
 .debug_macro   0x00000000000190f0      0x152 ./Core/Src/mos6502.o
 .debug_macro   0x0000000000019242      0x1d0 ./Core/Src/stm32f1xx_hal_msp.o
 .debug_macro   0x0000000000019412      0x1da ./Core/Src/stm32f1xx_it.o
 .debug_macro   0x00000000000195ec      0x1c1 ./Core/Src/system_stm32f1xx.o
 .debug_macro   0x00000000000197ad      0x1e5 ./Drivers/STM32F1xx_HAL_Driver/Src/stm32f1xx_hal.o
 .debug_macro   0x0000000000019992      0x1c1 ./Drivers/STM32F1xx_HAL_Driver/Src/stm32f1xx_hal_cortex.o
 .debug_macro   0x0000000000019b53      0x1c1 ./Drivers/STM32F1xx_HAL_Driver/Src/stm32f1xx_hal_dma.o
 .debug_macro   0x0000000000019d14      0x22c ./Drivers/STM32F1xx_HAL_Driver/Src/stm32f1xx_hal_gpio.o
 .debug_macro   0x0000000000019f40      0x1d3 ./Drivers/STM32F1xx_HAL_Driver/Src/stm32f1xx_hal_rcc.o
 .debug_macro   0x000000000001a113      0x1c2 ./Drivers/STM32F1xx_HAL_Driver/Src/stm32f1xx_hal_sd.o
 .debug_macro   0x000000000001a2d5      0x1c1 ./Drivers/STM32F1xx_HAL_Driver/Src/stm32f1xx_hal_sram.o
 .debug_macro   0x000000000001a496      0x1c2 ./Drivers/STM32F1xx_HAL_Driver/Src/stm32f1xx_hal_uart.o
 .debug_macro   0x000000000001a658      0x1fa ./Drivers/STM32F1xx_HAL_Driver/Src/stm32f1xx_ll_fsmc.o
 .debug_macro   0x000000000001a852      0x1c2 ./Drivers/STM32F1xx_HAL_Driver/Src/stm32f1xx_ll_sdmmc.o
 .debug_macro   0x000000000001aa14      0x23b ./FATFS/App/fatfs.o
 .debug_macro   0x000000000001ac4f      0x1d9 ./FATFS/Target/bsp_driver_sd.o
 .debug_macro   0x000000000001ae28      0x1ca ./FATFS/Target/fatfs_platform.o
 .debug_macro   0x000000000001aff2      0x228 ./Middlewares/Third_Party/FatFs/src/ff_gen_drv.o
 .debug_macro   0x000000000001b21a      0x2f0 ./Middlewares/Third_Party/FatFs/src/drivers/sd_diskio.o

.debug_line     0x0000000000000000    0x16470
 .debug_line    0x0000000000000000     0x17b2 ./Core/Src/lcd.o
 .debug_line    0x00000000000017b2      0xfcf ./Core/Src/main.o
 .debug_line    0x0000000000002781     0x1cfa ./Core/Src/mos6502.o
 .debug_line    0x000000000000447b      0x934 ./Core/Src/stm32f1xx_hal_msp.o
 .debug_line    0x0000000000004daf      0x784 ./Core/Src/stm32f1xx_it.o
 .debug_line    0x0000000000005533      0x729 ./Core/Src/system_stm32f1xx.o
 .debug_line    0x0000000000005c5c       0x87 ./Core/Startup/startup_stm32f103vetx.o
 .debug_line    0x0000000000005ce3      0x9c2 ./Drivers/STM32F1xx_HAL_Driver/Src/stm32f1xx_hal.o
 .debug_line    0x00000000000066a5      0xb63 ./Drivers/STM32F1xx_HAL_Driver/Src/stm32f1xx_hal_cortex.o
 .debug_line    0x0000000000007208     0x11ef ./Drivers/STM32F1xx_HAL_Driver/Src/stm32f1xx_hal_dma.o
 .debug_line    0x00000000000083f7      0xa76 ./Drivers/STM32F1xx_HAL_Driver/Src/stm32f1xx_hal_gpio.o
 .debug_line    0x0000000000008e6d     0x1076 ./Drivers/STM32F1xx_HAL_Driver/Src/stm32f1xx_hal_rcc.o
 .debug_line    0x0000000000009ee3     0x27d6 ./Drivers/STM32F1xx_HAL_Driver/Src/stm32f1xx_hal_sd.o
 .debug_line    0x000000000000c6b9      0xfc0 ./Drivers/STM32F1xx_HAL_Driver/Src/stm32f1xx_hal_sram.o
 .debug_line    0x000000000000d679     0x44be ./Drivers/STM32F1xx_HAL_Driver/Src/stm32f1xx_hal_uart.o
 .debug_line    0x0000000000011b37      0xafc ./Drivers/STM32F1xx_HAL_Driver/Src/stm32f1xx_ll_fsmc.o
 .debug_line    0x0000000000012633     0x150f ./Drivers/STM32F1xx_HAL_Driver/Src/stm32f1xx_ll_sdmmc.o
 .debug_line    0x0000000000013b42      0x78f ./FATFS/App/fatfs.o
 .debug_line    0x00000000000142d1      0x8b8 ./FATFS/Target/bsp_driver_sd.o
 .debug_line    0x0000000000014b89      0x6b4 ./FATFS/Target/fatfs_platform.o
 .debug_line    0x000000000001523d      0x83f ./Middlewares/Third_Party/FatFs/src/ff_gen_drv.o
 .debug_line    0x0000000000015a7c      0x9f4 ./Middlewares/Third_Party/FatFs/src/drivers/sd_diskio.o

.debug_str      0x0000000000000000    0x99ccc
 .debug_str     0x0000000000000000    0x94e03 ./Core/Src/lcd.o
                                      0x95236 (size before relaxing)
 .debug_str     0x0000000000094e03     0x169f ./Core/Src/main.o
                                      0x95f86 (size before relaxing)
 .debug_str     0x00000000000964a2      0x53c ./Core/Src/mos6502.o
                                       0x41ab (size before relaxing)
 .debug_str     0x00000000000969de      0x43a ./Core/Src/stm32f1xx_hal_msp.o
                                      0x923eb (size before relaxing)
 .debug_str     0x0000000000096e18       0xeb ./Core/Src/stm32f1xx_it.o
                                      0x91b8e (size before relaxing)
 .debug_str     0x0000000000096f03       0x7e ./Core/Src/system_stm32f1xx.o
                                      0x916a1 (size before relaxing)
 .debug_str     0x0000000000096f81       0x36 ./Core/Startup/startup_stm32f103vetx.o
                                         0x83 (size before relaxing)
 .debug_str     0x0000000000096fb7      0x37f ./Drivers/STM32F1xx_HAL_Driver/Src/stm32f1xx_hal.o
                                      0x91eb8 (size before relaxing)
 .debug_str     0x0000000000097336      0x28a ./Drivers/STM32F1xx_HAL_Driver/Src/stm32f1xx_hal_cortex.o
                                      0x91e04 (size before relaxing)
 .debug_str     0x00000000000975c0      0x235 ./Drivers/STM32F1xx_HAL_Driver/Src/stm32f1xx_hal_dma.o
                                      0x91a4a (size before relaxing)
 .debug_str     0x00000000000977f5      0x2e1 ./Drivers/STM32F1xx_HAL_Driver/Src/stm32f1xx_hal_gpio.o
                                      0x91a27 (size before relaxing)
 .debug_str     0x0000000000097ad6      0x229 ./Drivers/STM32F1xx_HAL_Driver/Src/stm32f1xx_hal_rcc.o
                                      0x91ad0 (size before relaxing)
 .debug_str     0x0000000000097cff      0x970 ./Drivers/STM32F1xx_HAL_Driver/Src/stm32f1xx_hal_sd.o
                                      0x924a8 (size before relaxing)
 .debug_str     0x000000000009866f      0x297 ./Drivers/STM32F1xx_HAL_Driver/Src/stm32f1xx_hal_sram.o
                                      0x91d24 (size before relaxing)
 .debug_str     0x0000000000098906      0x5e9 ./Drivers/STM32F1xx_HAL_Driver/Src/stm32f1xx_hal_uart.o
                                      0x92141 (size before relaxing)
 .debug_str     0x0000000000098eef      0x73d ./Drivers/STM32F1xx_HAL_Driver/Src/stm32f1xx_ll_fsmc.o
                                      0x92006 (size before relaxing)
 .debug_str     0x000000000009962c      0x227 ./Drivers/STM32F1xx_HAL_Driver/Src/stm32f1xx_ll_sdmmc.o
                                      0x91c3c (size before relaxing)
 .debug_str     0x0000000000099853      0x1a4 ./FATFS/App/fatfs.o
                                      0x920ef (size before relaxing)
 .debug_str     0x00000000000999f7      0x17b ./FATFS/Target/bsp_driver_sd.o
                                      0x91e19 (size before relaxing)
 .debug_str     0x0000000000099b72       0x21 ./FATFS/Target/fatfs_platform.o
                                      0x916f0 (size before relaxing)
 .debug_str     0x0000000000099b93       0xba ./Middlewares/Third_Party/FatFs/src/ff_gen_drv.o
                                      0x92078 (size before relaxing)
 .debug_str     0x0000000000099c4d       0x7f ./Middlewares/Third_Party/FatFs/src/drivers/sd_diskio.o
                                      0x94f3d (size before relaxing)

.comment        0x0000000000000000       0x50
 .comment       0x0000000000000000       0x50 ./Core/Src/lcd.o
                                         0x51 (size before relaxing)
 .comment       0x0000000000000050       0x51 ./Core/Src/main.o
 .comment       0x0000000000000050       0x51 ./Core/Src/mos6502.o
 .comment       0x0000000000000050       0x51 ./Core/Src/stm32f1xx_hal_msp.o
 .comment       0x0000000000000050       0x51 ./Core/Src/stm32f1xx_it.o
 .comment       0x0000000000000050       0x51 ./Core/Src/system_stm32f1xx.o
 .comment       0x0000000000000050       0x51 ./Drivers/STM32F1xx_HAL_Driver/Src/stm32f1xx_hal.o
 .comment       0x0000000000000050       0x51 ./Drivers/STM32F1xx_HAL_Driver/Src/stm32f1xx_hal_cortex.o
 .comment       0x0000000000000050       0x51 ./Drivers/STM32F1xx_HAL_Driver/Src/stm32f1xx_hal_dma.o
 .comment       0x0000000000000050       0x51 ./Drivers/STM32F1xx_HAL_Driver/Src/stm32f1xx_hal_gpio.o
 .comment       0x0000000000000050       0x51 ./Drivers/STM32F1xx_HAL_Driver/Src/stm32f1xx_hal_rcc.o
 .comment       0x0000000000000050       0x51 ./Drivers/STM32F1xx_HAL_Driver/Src/stm32f1xx_hal_sd.o
 .comment       0x0000000000000050       0x51 ./Drivers/STM32F1xx_HAL_Driver/Src/stm32f1xx_hal_sram.o
 .comment       0x0000000000000050       0x51 ./Drivers/STM32F1xx_HAL_Driver/Src/stm32f1xx_hal_uart.o
 .comment       0x0000000000000050       0x51 ./Drivers/STM32F1xx_HAL_Driver/Src/stm32f1xx_ll_fsmc.o
 .comment       0x0000000000000050       0x51 ./Drivers/STM32F1xx_HAL_Driver/Src/stm32f1xx_ll_sdmmc.o
 .comment       0x0000000000000050       0x51 ./FATFS/App/fatfs.o
 .comment       0x0000000000000050       0x51 ./FATFS/Target/bsp_driver_sd.o
 .comment       0x0000000000000050       0x51 ./FATFS/Target/fatfs_platform.o
 .comment       0x0000000000000050       0x51 ./Middlewares/Third_Party/FatFs/src/ff_gen_drv.o
 .comment       0x0000000000000050       0x51 ./Middlewares/Third_Party/FatFs/src/drivers/sd_diskio.o

.debug_frame    0x0000000000000000     0x2750
 .debug_frame   0x0000000000000000      0x244 ./Core/Src/lcd.o
 .debug_frame   0x0000000000000244      0x158 ./Core/Src/main.o
 .debug_frame   0x000000000000039c      0x714 ./Core/Src/mos6502.o
 .debug_frame   0x0000000000000ab0       0xd8 ./Core/Src/stm32f1xx_hal_msp.o
 .debug_frame   0x0000000000000b88       0xb0 ./Core/Src/stm32f1xx_it.o
 .debug_frame   0x0000000000000c38       0x30 ./Core/Src/system_stm32f1xx.o
 .debug_frame   0x0000000000000c68      0x1d4 ./Drivers/STM32F1xx_HAL_Driver/Src/stm32f1xx_hal.o
 .debug_frame   0x0000000000000e3c      0x120 ./Drivers/STM32F1xx_HAL_Driver/Src/stm32f1xx_hal_cortex.o
 .debug_frame   0x0000000000000f5c      0x150 ./Drivers/STM32F1xx_HAL_Driver/Src/stm32f1xx_hal_dma.o
 .debug_frame   0x00000000000010ac       0xd4 ./Drivers/STM32F1xx_HAL_Driver/Src/stm32f1xx_hal_gpio.o
 .debug_frame   0x0000000000001180      0x13c ./Drivers/STM32F1xx_HAL_Driver/Src/stm32f1xx_hal_rcc.o
 .debug_frame   0x00000000000012bc      0x3b4 ./Drivers/STM32F1xx_HAL_Driver/Src/stm32f1xx_hal_sd.o
 .debug_frame   0x0000000000001670      0x1ec ./Drivers/STM32F1xx_HAL_Driver/Src/stm32f1xx_hal_sram.o
 .debug_frame   0x000000000000185c      0x590 ./Drivers/STM32F1xx_HAL_Driver/Src/stm32f1xx_hal_uart.o
 .debug_frame   0x0000000000001dec      0x188 ./Drivers/STM32F1xx_HAL_Driver/Src/stm32f1xx_ll_fsmc.o
 .debug_frame   0x0000000000001f74      0x4b8 ./Drivers/STM32F1xx_HAL_Driver/Src/stm32f1xx_ll_sdmmc.o
 .debug_frame   0x000000000000242c       0x38 ./FATFS/App/fatfs.o
 .debug_frame   0x0000000000002464      0x178 ./FATFS/Target/bsp_driver_sd.o
 .debug_frame   0x00000000000025dc       0x28 ./FATFS/Target/fatfs_platform.o
 .debug_frame   0x0000000000002604       0x6c ./Middlewares/Third_Party/FatFs/src/ff_gen_drv.o
 .debug_frame   0x0000000000002670       0x94 ./Middlewares/Third_Party/FatFs/src/drivers/sd_diskio.o
 .debug_frame   0x0000000000002704       0x2c c:/st/stm32cubeide_1.9.0/stm32cubeide/plugins/com.st.stm32cube.ide.mcu.externaltools.gnu-tools-for-stm32.10.3-2021.10.win32_1.0.0.202111181127/tools/bin/../lib/gcc/arm-none-eabi/10.3.1/../../../../arm-none-eabi/lib/thumb/v7-m/nofp\libc_nano.a(lib_a-init.o)
 .debug_frame   0x0000000000002730       0x20 c:/st/stm32cubeide_1.9.0/stm32cubeide/plugins/com.st.stm32cube.ide.mcu.externaltools.gnu-tools-for-stm32.10.3-2021.10.win32_1.0.0.202111181127/tools/bin/../lib/gcc/arm-none-eabi/10.3.1/../../../../arm-none-eabi/lib/thumb/v7-m/nofp\libc_nano.a(lib_a-memset.o)
