Archive member included to satisfy reference by file (symbol)

c:/st/stm32cubeide_1.9.0/stm32cubeide/plugins/com.st.stm32cube.ide.mcu.externaltools.gnu-tools-for-stm32.10.3-2021.10.win32_1.0.0.202111181127/tools/bin/../lib/gcc/arm-none-eabi/10.3.1/../../../../arm-none-eabi/lib/thumb/v7-m/nofp\libc_nano.a(lib_a-errno.o)
                              ./Core/Src/syscalls.o (__errno)
c:/st/stm32cubeide_1.9.0/stm32cubeide/plugins/com.st.stm32cube.ide.mcu.externaltools.gnu-tools-for-stm32.10.3-2021.10.win32_1.0.0.202111181127/tools/bin/../lib/gcc/arm-none-eabi/10.3.1/../../../../arm-none-eabi/lib/thumb/v7-m/nofp\libc_nano.a(lib_a-exit.o)
                              c:/st/stm32cubeide_1.9.0/stm32cubeide/plugins/com.st.stm32cube.ide.mcu.externaltools.gnu-tools-for-stm32.10.3-2021.10.win32_1.0.0.202111181127/tools/bin/../lib/gcc/arm-none-eabi/10.3.1/../../../../arm-none-eabi/lib/thumb/v7-m/nofp/crt0.o (exit)
c:/st/stm32cubeide_1.9.0/stm32cubeide/plugins/com.st.stm32cube.ide.mcu.externaltools.gnu-tools-for-stm32.10.3-2021.10.win32_1.0.0.202111181127/tools/bin/../lib/gcc/arm-none-eabi/10.3.1/../../../../arm-none-eabi/lib/thumb/v7-m/nofp\libc_nano.a(lib_a-impure.o)
                              c:/st/stm32cubeide_1.9.0/stm32cubeide/plugins/com.st.stm32cube.ide.mcu.externaltools.gnu-tools-for-stm32.10.3-2021.10.win32_1.0.0.202111181127/tools/bin/../lib/gcc/arm-none-eabi/10.3.1/../../../../arm-none-eabi/lib/thumb/v7-m/nofp\libc_nano.a(lib_a-exit.o) (_global_impure_ptr)
c:/st/stm32cubeide_1.9.0/stm32cubeide/plugins/com.st.stm32cube.ide.mcu.externaltools.gnu-tools-for-stm32.10.3-2021.10.win32_1.0.0.202111181127/tools/bin/../lib/gcc/arm-none-eabi/10.3.1/../../../../arm-none-eabi/lib/thumb/v7-m/nofp\libc_nano.a(lib_a-init.o)
                              c:/st/stm32cubeide_1.9.0/stm32cubeide/plugins/com.st.stm32cube.ide.mcu.externaltools.gnu-tools-for-stm32.10.3-2021.10.win32_1.0.0.202111181127/tools/bin/../lib/gcc/arm-none-eabi/10.3.1/../../../../arm-none-eabi/lib/thumb/v7-m/nofp/crt0.o (__libc_init_array)
c:/st/stm32cubeide_1.9.0/stm32cubeide/plugins/com.st.stm32cube.ide.mcu.externaltools.gnu-tools-for-stm32.10.3-2021.10.win32_1.0.0.202111181127/tools/bin/../lib/gcc/arm-none-eabi/10.3.1/../../../../arm-none-eabi/lib/thumb/v7-m/nofp\libc_nano.a(lib_a-memset.o)
                              c:/st/stm32cubeide_1.9.0/stm32cubeide/plugins/com.st.stm32cube.ide.mcu.externaltools.gnu-tools-for-stm32.10.3-2021.10.win32_1.0.0.202111181127/tools/bin/../lib/gcc/arm-none-eabi/10.3.1/../../../../arm-none-eabi/lib/thumb/v7-m/nofp/crt0.o (memset)
c:/st/stm32cubeide_1.9.0/stm32cubeide/plugins/com.st.stm32cube.ide.mcu.externaltools.gnu-tools-for-stm32.10.3-2021.10.win32_1.0.0.202111181127/tools/bin/../lib/gcc/arm-none-eabi/10.3.1/../../../../arm-none-eabi/lib/thumb/v7-m/nofp\libc_nano.a(lib_a-strlen.o)
                              ./Core/Src/main.o (strlen)
c:/st/stm32cubeide_1.9.0/stm32cubeide/plugins/com.st.stm32cube.ide.mcu.externaltools.gnu-tools-for-stm32.10.3-2021.10.win32_1.0.0.202111181127/tools/bin/../lib/gcc/arm-none-eabi/10.3.1/../../../../arm-none-eabi/lib/thumb/v7-m/nofp\libm.a(lib_a-s_cos.o)
                              ./Core/Src/lcd.o (cos)
c:/st/stm32cubeide_1.9.0/stm32cubeide/plugins/com.st.stm32cube.ide.mcu.externaltools.gnu-tools-for-stm32.10.3-2021.10.win32_1.0.0.202111181127/tools/bin/../lib/gcc/arm-none-eabi/10.3.1/../../../../arm-none-eabi/lib/thumb/v7-m/nofp\libm.a(lib_a-s_sin.o)
                              ./Core/Src/lcd.o (sin)
c:/st/stm32cubeide_1.9.0/stm32cubeide/plugins/com.st.stm32cube.ide.mcu.externaltools.gnu-tools-for-stm32.10.3-2021.10.win32_1.0.0.202111181127/tools/bin/../lib/gcc/arm-none-eabi/10.3.1/../../../../arm-none-eabi/lib/thumb/v7-m/nofp\libm.a(lib_a-w_pow.o)
                              ./Core/Src/ps2.o (pow)
c:/st/stm32cubeide_1.9.0/stm32cubeide/plugins/com.st.stm32cube.ide.mcu.externaltools.gnu-tools-for-stm32.10.3-2021.10.win32_1.0.0.202111181127/tools/bin/../lib/gcc/arm-none-eabi/10.3.1/../../../../arm-none-eabi/lib/thumb/v7-m/nofp\libm.a(lib_a-e_pow.o)
                              c:/st/stm32cubeide_1.9.0/stm32cubeide/plugins/com.st.stm32cube.ide.mcu.externaltools.gnu-tools-for-stm32.10.3-2021.10.win32_1.0.0.202111181127/tools/bin/../lib/gcc/arm-none-eabi/10.3.1/../../../../arm-none-eabi/lib/thumb/v7-m/nofp\libm.a(lib_a-w_pow.o) (__ieee754_pow)
c:/st/stm32cubeide_1.9.0/stm32cubeide/plugins/com.st.stm32cube.ide.mcu.externaltools.gnu-tools-for-stm32.10.3-2021.10.win32_1.0.0.202111181127/tools/bin/../lib/gcc/arm-none-eabi/10.3.1/../../../../arm-none-eabi/lib/thumb/v7-m/nofp\libm.a(lib_a-e_rem_pio2.o)
                              c:/st/stm32cubeide_1.9.0/stm32cubeide/plugins/com.st.stm32cube.ide.mcu.externaltools.gnu-tools-for-stm32.10.3-2021.10.win32_1.0.0.202111181127/tools/bin/../lib/gcc/arm-none-eabi/10.3.1/../../../../arm-none-eabi/lib/thumb/v7-m/nofp\libm.a(lib_a-s_cos.o) (__ieee754_rem_pio2)
[...]
Memory Configuration

Name             Origin             Length             Attributes
RAM              0x0000000020000000 0x0000000000010000 xrw
FLASH            0x0000000008000000 0x0000000000080000 xr
*default*        0x0000000000000000 0xffffffffffffffff

Linker script and memory map

LOAD c:/st/stm32cubeide_1.9.0/stm32cubeide/plugins/com.st.stm32cube.ide.mcu.externaltools.gnu-tools-for-stm32.10.3-2021.10.win32_1.0.0.202111181127/tools/bin/../lib/gcc/arm-none-eabi/10.3.1/thumb/v7-m/nofp/crti.o
LOAD c:/st/stm32cubeide_1.9.0/stm32cubeide/plugins/com.st.stm32cube.ide.mcu.externaltools.gnu-tools-for-stm32.10.3-2021.10.win32_1.0.0.202111181127/tools/bin/../lib/gcc/arm-none-eabi/10.3.1/thumb/v7-m/nofp/crtbegin.o
LOAD c:/st/stm32cubeide_1.9.0/stm32cubeide/plugins/com.st.stm32cube.ide.mcu.externaltools.gnu-tools-for-stm32.10.3-2021.10.win32_1.0.0.202111181127/tools/bin/../lib/gcc/arm-none-eabi/10.3.1/../../../../arm-none-eabi/lib/thumb/v7-m/nofp/crt0.o
LOAD ./Core/Src/lcd.o
LOAD ./Core/Src/main.o
LOAD ./Core/Src/mos6502.o
LOAD ./Core/Src/ps2.o
LOAD ./Core/Src/sdioTapes.o
LOAD ./Core/Src/stm32f1xx_hal_msp.o
LOAD ./Core/Src/stm32f1xx_it.o
LOAD ./Core/Src/syscalls.o
LOAD ./Core/Src/sysmem.o
LOAD ./Core/Src/system_stm32f1xx.o
LOAD ./Core/Startup/startup_stm32f103vetx.o
LOAD ./Drivers/STM32F1xx_HAL_Driver/Src/stm32f1xx_hal.o
LOAD ./Drivers/STM32F1xx_HAL_Driver/Src/stm32f1xx_hal_cortex.o
LOAD ./Drivers/STM32F1xx_HAL_Driver/Src/stm32f1xx_hal_dma.o
LOAD ./Drivers/STM32F1xx_HAL_Driver/Src/stm32f1xx_hal_exti.o
LOAD ./Drivers/STM32F1xx_HAL_Driver/Src/stm32f1xx_hal_flash.o
LOAD ./Drivers/STM32F1xx_HAL_Driver/Src/stm32f1xx_hal_flash_ex.o
LOAD ./Drivers/STM32F1xx_HAL_Driver/Src/stm32f1xx_hal_gpio.o
LOAD ./Drivers/STM32F1xx_HAL_Driver/Src/stm32f1xx_hal_gpio_ex.o
LOAD ./Drivers/STM32F1xx_HAL_Driver/Src/stm32f1xx_hal_pwr.o
LOAD ./Drivers/STM32F1xx_HAL_Driver/Src/stm32f1xx_hal_rcc.o
LOAD ./Drivers/STM32F1xx_HAL_Driver/Src/stm32f1xx_hal_rcc_ex.o
LOAD ./Drivers/STM32F1xx_HAL_Driver/Src/stm32f1xx_hal_sram.o
LOAD ./Drivers/STM32F1xx_HAL_Driver/Src/stm32f1xx_hal_tim.o
LOAD ./Drivers/STM32F1xx_HAL_Driver/Src/stm32f1xx_hal_tim_ex.o
LOAD ./Drivers/STM32F1xx_HAL_Driver/Src/stm32f1xx_hal_uart.o
LOAD ./Drivers/STM32F1xx_HAL_Driver/Src/stm32f1xx_ll_fsmc.o
START GROUP
LOAD c:/st/stm32cubeide_1.9.0/stm32cubeide/plugins/com.st.stm32cube.ide.mcu.externaltools.gnu-tools-for-stm32.10.3-2021.10.win32_1.0.0.202111181127/tools/bin/../lib/gcc/arm-none-eabi/10.3.1/../../../../arm-none-eabi/lib/thumb/v7-m/nofp\libc_nano.a
LOAD c:/st/stm32cubeide_1.9.0/stm32cubeide/plugins/com.st.stm32cube.ide.mcu.externaltools.gnu-tools-for-stm32.10.3-2021.10.win32_1.0.0.202111181127/tools/bin/../lib/gcc/arm-none-eabi/10.3.1/../../../../arm-none-eabi/lib/thumb/v7-m/nofp\libm.a
END GROUP
START GROUP
LOAD c:/st/stm32cubeide_1.9.0/stm32cubeide/plugins/com.st.stm32cube.ide.mcu.externaltools.gnu-tools-for-stm32.10.3-2021.10.win32_1.0.0.202111181127/tools/bin/../lib/gcc/arm-none-eabi/10.3.1/thumb/v7-m/nofp\libgcc.a
LOAD c:/st/stm32cubeide_1.9.0/stm32cubeide/plugins/com.st.stm32cube.ide.mcu.externaltools.gnu-tools-for-stm32.10.3-2021.10.win32_1.0.0.202111181127/tools/bin/../lib/gcc/arm-none-eabi/10.3.1/../../../../arm-none-eabi/lib/thumb/v7-m/nofp\libc_nano.a
END GROUP
START GROUP
LOAD c:/st/stm32cubeide_1.9.0/stm32cubeide/plugins/com.st.stm32cube.ide.mcu.externaltools.gnu-tools-for-stm32.10.3-2021.10.win32_1.0.0.202111181127/tools/bin/../lib/gcc/arm-none-eabi/10.3.1/thumb/v7-m/nofp\libgcc.a
LOAD c:/st/stm32cubeide_1.9.0/stm32cubeide/plugins/com.st.stm32cube.ide.mcu.externaltools.gnu-tools-for-stm32.10.3-2021.10.win32_1.0.0.202111181127/tools/bin/../lib/gcc/arm-none-eabi/10.3.1/../../../../arm-none-eabi/lib/thumb/v7-m/nofp\libc_nano.a
LOAD c:/st/stm32cubeide_1.9.0/stm32cubeide/plugins/com.st.stm32cube.ide.mcu.externaltools.gnu-tools-for-stm32.10.3-2021.10.win32_1.0.0.202111181127/tools/bin/../lib/gcc/arm-none-eabi/10.3.1/../../../../arm-none-eabi/lib/thumb/v7-m/nofp\libnosys.a
END GROUP
START GROUP
LOAD c:/st/stm32cubeide_1.9.0/stm32cubeide/plugins/com.st.stm32cube.ide.mcu.externaltools.gnu-tools-for-stm32.10.3-2021.10.win32_1.0.0.202111181127/tools/bin/../lib/gcc/arm-none-eabi/10.3.1/thumb/v7-m/nofp\libgcc.a
LOAD c:/st/stm32cubeide_1.9.0/stm32cubeide/plugins/com.st.stm32cube.ide.mcu.externaltools.gnu-tools-for-stm32.10.3-2021.10.win32_1.0.0.202111181127/tools/bin/../lib/gcc/arm-none-eabi/10.3.1/../../../../arm-none-eabi/lib/thumb/v7-m/nofp\libc_nano.a
LOAD c:/st/stm32cubeide_1.9.0/stm32cubeide/plugins/com.st.stm32cube.ide.mcu.externaltools.gnu-tools-for-stm32.10.3-2021.10.win32_1.0.0.202111181127/tools/bin/../lib/gcc/arm-none-eabi/10.3.1/../../../../arm-none-eabi/lib/thumb/v7-m/nofp\libnosys.a
END GROUP
LOAD c:/st/stm32cubeide_1.9.0/stm32cubeide/plugins/com.st.stm32cube.ide.mcu.externaltools.gnu-tools-for-stm32.10.3-2021.10.win32_1.0.0.202111181127/tools/bin/../lib/gcc/arm-none-eabi/10.3.1/thumb/v7-m/nofp/crtend.o
LOAD c:/st/stm32cubeide_1.9.0/stm32cubeide/plugins/com.st.stm32cube.ide.mcu.externaltools.gnu-tools-for-stm32.10.3-2021.10.win32_1.0.0.202111181127/tools/bin/../lib/gcc/arm-none-eabi/10.3.1/thumb/v7-m/nofp/crtn.o
                0x0000000020010000                _estack = (ORIGIN (RAM) + LENGTH (RAM))
                0x0000000000000200                _Min_Heap_Size = 0x200
                0x0000000000000400                _Min_Stack_Size = 0x400

.isr_vector     0x0000000008000000      0x1e4
                0x0000000008000000                . = ALIGN (0x4)
 *(.isr_vector)
 .isr_vector    0x0000000008000000      0x1e4 ./Core/Startup/startup_stm32f103vetx.o
                0x0000000008000000                g_pfnVectors
                0x00000000080001e4                . = ALIGN (0x4)

.text           0x00000000080001e8     0x460c
                0x00000000080001e8                . = ALIGN (0x4)
 *(.text)
 .text          0x00000000080001e8       0x40 c:/st/stm32cubeide_1.9.0/stm32cubeide/plugins/com.st.stm32cube.ide.mcu.externaltools.gnu-tools-for-stm32.10.3-2021.10.win32_1.0.0.202111181127/tools/bin/../lib/gcc/arm-none-eabi/10.3.1/thumb/v7-m/nofp/crtbegin.o
 .text          0x0000000008000228       0x10 c:/st/stm32cubeide_1.9.0/stm32cubeide/plugins/com.st.stm32cube.ide.mcu.externaltools.gnu-tools-for-stm32.10.3-2021.10.win32_1.0.0.202111181127/tools/bin/../lib/gcc/arm-none-eabi/10.3.1/../../../../arm-none-eabi/lib/thumb/v7-m/nofp\libc_nano.a(lib_a-strlen.o)
                0x0000000008000228                strlen
 .text          0x0000000008000238      0x378 c:/st/stm32cubeide_1.9.0/stm32cubeide/plugins/com.st.stm32cube.ide.mcu.externaltools.gnu-tools-for-stm32.10.3-2021.10.win32_1.0.0.202111181127/tools/bin/../lib/gcc/arm-none-eabi/10.3.1/thumb/v7-m/nofp\libgcc.a(_arm_addsubdf3.o)
                0x0000000008000238                __aeabi_drsub
                0x0000000008000240                __aeabi_dsub
                0x0000000008000240                __subdf3
                0x0000000008000244                __aeabi_dadd
                0x0000000008000244                __adddf3
                0x00000000080004bc                __floatunsidf
                0x00000000080004bc                __aeabi_ui2d
                0x00000000080004dc                __floatsidf
                0x00000000080004dc                __aeabi_i2d
                0x0000000008000500                __aeabi_f2d
                0x0000000008000500                __extendsfdf2
                0x0000000008000544                __floatundidf
                0x0000000008000544                __aeabi_ul2d
                0x0000000008000554                __floatdidf
                0x0000000008000554                __aeabi_l2d
 .text          0x00000000080005b0      0x424 c:/st/stm32cubeide_1.9.0/stm32cubeide/plugins/com.st.stm32cube.ide.mcu.externaltools.gnu-tools-for-stm32.10.3-2021.10.win32_1.0.0.202111181127/tools/bin/../lib/gcc/arm-none-eabi/10.3.1/thumb/v7-m/nofp\libgcc.a(_arm_muldivdf3.o)
                0x00000000080005b0                __aeabi_dmul
                0x00000000080005b0                __muldf3
                0x0000000008000804                __divdf3
                0x0000000008000804                __aeabi_ddiv
 .text          0x00000000080009d4      0x110 c:/st/stm32cubeide_1.9.0/stm32cubeide/plugins/com.st.stm32cube.ide.mcu.externaltools.gnu-tools-for-stm32.10.3-2021.10.win32_1.0.0.202111181127/tools/bin/../lib/gcc/arm-none-eabi/10.3.1/thumb/v7-m/nofp\libgcc.a(_arm_cmpdf2.o)
                0x00000000080009d4                __gtdf2
                0x00000000080009d4                __gedf2
                0x00000000080009dc                __ltdf2
                0x00000000080009dc                __ledf2
                0x00000000080009e4                __nedf2
                0x00000000080009e4                __eqdf2
                0x00000000080009e4                __cmpdf2
                0x0000000008000a60                __aeabi_cdrcmple
                0x0000000008000a70                __aeabi_cdcmpeq
                0x0000000008000a70                __aeabi_cdcmple
                0x0000000008000a80                __aeabi_dcmpeq
                0x0000000008000a94                __aeabi_dcmplt
                0x0000000008000aa8                __aeabi_dcmple
                0x0000000008000abc                __aeabi_dcmpge
                0x0000000008000ad0                __aeabi_dcmpgt
 .text          0x0000000008000ae4       0x2c c:/st/stm32cubeide_1.9.0/stm32cubeide/plugins/com.st.stm32cube.ide.mcu.externaltools.gnu-tools-for-stm32.10.3-2021.10.win32_1.0.0.202111181127/tools/bin/../lib/gcc/arm-none-eabi/10.3.1/thumb/v7-m/nofp\libgcc.a(_arm_unorddf2.o)
                0x0000000008000ae4                __unorddf2
                0x0000000008000ae4                __aeabi_dcmpun
 .text          0x0000000008000b10       0x40 c:/st/stm32cubeide_1.9.0/stm32cubeide/plugins/com.st.stm32cube.ide.mcu.externaltools.gnu-tools-for-stm32.10.3-2021.10.win32_1.0.0.202111181127/tools/bin/../lib/gcc/arm-none-eabi/10.3.1/thumb/v7-m/nofp\libgcc.a(_arm_fixunsdfsi.o)
                0x0000000008000b10                __aeabi_d2uiz
                0x0000000008000b10                __fixunsdfsi
 *(.text*)
 .text.Delay    0x0000000008000b50       0x14 ./Core/Src/lcd.o
                0x0000000008000b50                Delay
 .text.LCD_Rst  0x0000000008000b64       0x34 ./Core/Src/lcd.o
                0x0000000008000b64                LCD_Rst
 .text.LCD_REG_Config
                0x0000000008000b98      0x190 ./Core/Src/lcd.o
                0x0000000008000b98                LCD_REG_Config
 .text.LCD_OpenWindow
                0x0000000008000d28       0x4c ./Core/Src/lcd.o
                0x0000000008000d28                LCD_OpenWindow
 .text.LCD_FillColor
                0x0000000008000d74       0x1c ./Core/Src/lcd.o
                0x0000000008000d74                LCD_FillColor
 .text.LCD_Clear
                0x0000000008000d90       0x1c ./Core/Src/lcd.o
                0x0000000008000d90                LCD_Clear
 .text.LCD_INIT
                0x0000000008000dac       0x30 ./Core/Src/lcd.o
                0x0000000008000dac                LCD_INIT
 .text.LCD_DrawChar
                0x0000000008000ddc       0x54 ./Core/Src/lcd.o
                0x0000000008000ddc                LCD_DrawChar
 .text.LCD_CursorForward
                0x0000000008000e30       0x30 ./Core/Src/lcd.o
                0x0000000008000e30                LCD_CursorForward
 .text.LCD_CursorNewline
                0x0000000008000e60       0x48 ./Core/Src/lcd.o
                0x0000000008000e60                LCD_CursorNewline
 .text.LCD_DrawString
                0x0000000008000ea8       0x32 ./Core/Src/lcd.o
                0x0000000008000ea8                LCD_DrawString
 *fill*         0x0000000008000eda        0x2 
 .text.writelineTerminal
                0x0000000008000edc       0x54 ./Core/Src/main.o
                0x0000000008000edc                writelineTerminal
 .text.writeTerminal
                0x0000000008000f30       0x5c ./Core/Src/main.o
                0x0000000008000f30                writeTerminal
 .text.writeTerminalChar
                0x0000000008000f8c       0x48 ./Core/Src/main.o
                0x0000000008000f8c                writeTerminalChar
 .text.handleOutput
                0x0000000008000fd4       0x78 ./Core/Src/main.o
                0x0000000008000fd4                handleOutput
 .text.write6502
                0x000000000800104c       0x28 ./Core/Src/main.o
                0x000000000800104c                write6502
 .text.initApple1
                0x0000000008001074       0x84 ./Core/Src/main.o
                0x0000000008001074                initApple1
 .text.handleInput
                0x00000000080010f8       0x74 ./Core/Src/main.o
                0x00000000080010f8                handleInput
 .text.read6502
                0x000000000800116c       0x74 ./Core/Src/main.o
                0x000000000800116c                read6502
 .text.SystemClock_Config
                0x00000000080011e0       0x5e ./Core/Src/main.o
                0x00000000080011e0                SystemClock_Config
 *fill*         0x000000000800123e        0x2 
 .text.startup.main
                0x0000000008001240      0x148 ./Core/Src/main.o
                0x0000000008001240                main
 .text.getvalue
                0x0000000008001388       0x28 ./Core/Src/mos6502.o
 .text.bcc.part.0
                0x00000000080013b0       0x10 ./Core/Src/mos6502.o
 .text.dex.part.0
                0x00000000080013c0       0x10 ./Core/Src/mos6502.o
 .text.push16   0x00000000080013d0       0x30 ./Core/Src/mos6502.o
                0x00000000080013d0                push16
 .text.push8    0x0000000008001400       0x18 ./Core/Src/mos6502.o
                0x0000000008001400                push8
 .text.pull16   0x0000000008001418       0x34 ./Core/Src/mos6502.o
                0x0000000008001418                pull16
 .text.pull8    0x000000000800144c       0x18 ./Core/Src/mos6502.o
                0x000000000800144c                pull8
 .text.reset6502
                0x0000000008001464       0x54 ./Core/Src/mos6502.o
                0x0000000008001464                reset6502
 .text.imm      0x00000000080014b8       0x18 ./Core/Src/mos6502.o
                0x00000000080014b8                imm
 .text.zp       0x00000000080014d0       0x1c ./Core/Src/mos6502.o
                0x00000000080014d0                zp
 .text.zpx      0x00000000080014ec       0x28 ./Core/Src/mos6502.o
                0x00000000080014ec                zpx
 .text.zpy      0x0000000008001514       0x28 ./Core/Src/mos6502.o
                0x0000000008001514                zpy
 .text.rel      0x000000000800153c       0x28 ./Core/Src/mos6502.o
                0x000000000800153c                rel
 .text.abso     0x0000000008001564       0x30 ./Core/Src/mos6502.o
                0x0000000008001564                abso
 .text.absx     0x0000000008001594       0x38 ./Core/Src/mos6502.o
                0x0000000008001594                absx
 .text.absy     0x00000000080015cc       0x38 ./Core/Src/mos6502.o
                0x00000000080015cc                absy
 .text.ind      0x0000000008001604       0x4c ./Core/Src/mos6502.o
                0x0000000008001604                ind
 .text.indx     0x0000000008001650       0x3c ./Core/Src/mos6502.o
                0x0000000008001650                indx
 .text.indy     0x000000000800168c       0x3c ./Core/Src/mos6502.o
                0x000000000800168c                indy
 .text.putvalue
                0x00000000080016c8       0x24 ./Core/Src/mos6502.o
                0x00000000080016c8                putvalue
 .text.adc      0x00000000080016ec       0xac ./Core/Src/mos6502.o
                0x00000000080016ec                adc
 .text.op_and   0x0000000008001798       0x50 ./Core/Src/mos6502.o
                0x0000000008001798                op_and
 .text.asl      0x00000000080017e8       0x54 ./Core/Src/mos6502.o
                0x00000000080017e8                asl
 .text.bcc      0x000000000800183c       0x44 ./Core/Src/mos6502.o
                0x000000000800183c                bcc
 .text.bcs      0x0000000008001880       0x44 ./Core/Src/mos6502.o
                0x0000000008001880                bcs
 .text.beq      0x00000000080018c4       0x44 ./Core/Src/mos6502.o
                0x00000000080018c4                beq
 .text.op_bit   0x0000000008001908       0x44 ./Core/Src/mos6502.o
                0x0000000008001908                op_bit
 .text.bmi      0x000000000800194c       0x48 ./Core/Src/mos6502.o
                0x000000000800194c                bmi
 .text.bne      0x0000000008001994       0x44 ./Core/Src/mos6502.o
                0x0000000008001994                bne
 .text.bpl      0x00000000080019d8       0x48 ./Core/Src/mos6502.o
                0x00000000080019d8                bpl
 .text.brk      0x0000000008001a20       0x48 ./Core/Src/mos6502.o
                0x0000000008001a20                brk
 .text.bvc      0x0000000008001a68       0x44 ./Core/Src/mos6502.o
                0x0000000008001a68                bvc
 .text.bvs      0x0000000008001aac       0x44 ./Core/Src/mos6502.o
                0x0000000008001aac                bvs
 .text.clc      0x0000000008001af0       0x10 ./Core/Src/mos6502.o
                0x0000000008001af0                clc
 .text.cld      0x0000000008001b00       0x10 ./Core/Src/mos6502.o
                0x0000000008001b00                cld
 .text.cli      0x0000000008001b10       0x10 ./Core/Src/mos6502.o
                0x0000000008001b10                cli
 .text.clv      0x0000000008001b20       0x10 ./Core/Src/mos6502.o
                0x0000000008001b20                clv
 .text.cmp      0x0000000008001b30       0x5c ./Core/Src/mos6502.o
                0x0000000008001b30                cmp
 .text.cpx      0x0000000008001b8c       0x5c ./Core/Src/mos6502.o
                0x0000000008001b8c                cpx
 .text.cpy      0x0000000008001be8       0x5c ./Core/Src/mos6502.o
                0x0000000008001be8                cpy
 .text.dec      0x0000000008001c44       0x48 ./Core/Src/mos6502.o
                0x0000000008001c44                dec
 .text.dex      0x0000000008001c8c       0x34 ./Core/Src/mos6502.o
                0x0000000008001c8c                dex
 .text.dey      0x0000000008001cc0       0x34 ./Core/Src/mos6502.o
                0x0000000008001cc0                dey
 .text.eor      0x0000000008001cf4       0x4c ./Core/Src/mos6502.o
                0x0000000008001cf4                eor
 .text.inc      0x0000000008001d40       0x48 ./Core/Src/mos6502.o
                0x0000000008001d40                inc
 .text.inx      0x0000000008001d88       0x34 ./Core/Src/mos6502.o
                0x0000000008001d88                inx
 .text.iny      0x0000000008001dbc       0x34 ./Core/Src/mos6502.o
                0x0000000008001dbc                iny
 .text.jmp      0x0000000008001df0       0x14 ./Core/Src/mos6502.o
                0x0000000008001df0                jmp
 .text.jsr      0x0000000008001e04       0x20 ./Core/Src/mos6502.o
                0x0000000008001e04                jsr
 .text.lda      0x0000000008001e24       0x44 ./Core/Src/mos6502.o
                0x0000000008001e24                lda
 .text.ldx      0x0000000008001e68       0x44 ./Core/Src/mos6502.o
                0x0000000008001e68                ldx
 .text.ldy      0x0000000008001eac       0x44 ./Core/Src/mos6502.o
                0x0000000008001eac                ldy
 .text.lsr      0x0000000008001ef0       0x58 ./Core/Src/mos6502.o
                0x0000000008001ef0                lsr
 .text.ora      0x0000000008001f48       0x4c ./Core/Src/mos6502.o
                0x0000000008001f48                ora
 .text.pha      0x0000000008001f94        0xc ./Core/Src/mos6502.o
                0x0000000008001f94                pha
 .text.php      0x0000000008001fa0       0x10 ./Core/Src/mos6502.o
                0x0000000008001fa0                php
 .text.pla      0x0000000008001fb0       0x38 ./Core/Src/mos6502.o
                0x0000000008001fb0                pla
 .text.plp      0x0000000008001fe8       0x14 ./Core/Src/mos6502.o
                0x0000000008001fe8                plp
 .text.rol      0x0000000008001ffc       0x5c ./Core/Src/mos6502.o
                0x0000000008001ffc                rol
 .text.ror      0x0000000008002058       0x5c ./Core/Src/mos6502.o
                0x0000000008002058                ror
 .text.rti      0x00000000080020b4       0x24 ./Core/Src/mos6502.o
                0x00000000080020b4                rti
 .text.rts      0x00000000080020d8       0x1c ./Core/Src/mos6502.o
                0x00000000080020d8                rts
 .text.sbc      0x00000000080020f4       0xb8 ./Core/Src/mos6502.o
                0x00000000080020f4                sbc
 .text.sec      0x00000000080021ac       0x10 ./Core/Src/mos6502.o
                0x00000000080021ac                sec
 .text.sed      0x00000000080021bc       0x10 ./Core/Src/mos6502.o
                0x00000000080021bc                sed
 .text.sei      0x00000000080021cc       0x10 ./Core/Src/mos6502.o
                0x00000000080021cc                sei
 .text.sta      0x00000000080021dc        0xc ./Core/Src/mos6502.o
                0x00000000080021dc                sta
 .text.stx      0x00000000080021e8        0xc ./Core/Src/mos6502.o
                0x00000000080021e8                stx
 .text.sty      0x00000000080021f4        0xc ./Core/Src/mos6502.o
                0x00000000080021f4                sty
 .text.tax      0x0000000008002200       0x38 ./Core/Src/mos6502.o
                0x0000000008002200                tax
 .text.tay      0x0000000008002238       0x38 ./Core/Src/mos6502.o
                0x0000000008002238                tay
 .text.tsx      0x0000000008002270       0x38 ./Core/Src/mos6502.o
                0x0000000008002270                tsx
 .text.txa      0x00000000080022a8       0x38 ./Core/Src/mos6502.o
                0x00000000080022a8                txa
 .text.txs      0x00000000080022e0       0x14 ./Core/Src/mos6502.o
                0x00000000080022e0                txs
 .text.tya      0x00000000080022f4       0x38 ./Core/Src/mos6502.o
                0x00000000080022f4                tya
 .text.exec6502
                0x000000000800232c      0x7d0 ./Core/Src/mos6502.o
                0x000000000800232c                exec6502
 .text.getSCode
                0x0000000008002afc       0x4e ./Core/Src/ps2.o
                0x0000000008002afc                getSCode
 *fill*         0x0000000008002b4a        0x2 
 .text.isKbrdReady
                0x0000000008002b4c        0xc ./Core/Src/ps2.o
                0x0000000008002b4c                isKbrdReady
 .text.getAscii
                0x0000000008002b58       0x24 ./Core/Src/ps2.o
                0x0000000008002b58                getAscii
 .text.EXTI9_5_IRQHandler
                0x0000000008002b7c       0x98 ./Core/Src/ps2.o
                0x0000000008002b7c                EXTI9_5_IRQHandler
 .text.HAL_MspInit
                0x0000000008002c14       0x44 ./Core/Src/stm32f1xx_hal_msp.o
                0x0000000008002c14                HAL_MspInit
 .text.HAL_UART_MspInit
                0x0000000008002c58       0x78 ./Core/Src/stm32f1xx_hal_msp.o
                0x0000000008002c58                HAL_UART_MspInit
 .text.HAL_SRAM_MspInit
                0x0000000008002cd0       0x64 ./Core/Src/stm32f1xx_hal_msp.o
                0x0000000008002cd0                HAL_SRAM_MspInit
 .text.NMI_Handler
                0x0000000008002d34        0x2 ./Core/Src/stm32f1xx_it.o
                0x0000000008002d34                NMI_Handler
 .text.HardFault_Handler
                0x0000000008002d36        0x2 ./Core/Src/stm32f1xx_it.o
                0x0000000008002d36                HardFault_Handler
 .text.MemManage_Handler
                0x0000000008002d38        0x2 ./Core/Src/stm32f1xx_it.o
                0x0000000008002d38                MemManage_Handler
 .text.BusFault_Handler
                0x0000000008002d3a        0x2 ./Core/Src/stm32f1xx_it.o
                0x0000000008002d3a                BusFault_Handler
 .text.UsageFault_Handler
                0x0000000008002d3c        0x2 ./Core/Src/stm32f1xx_it.o
                0x0000000008002d3c                UsageFault_Handler
 .text.SVC_Handler
                0x0000000008002d3e        0x2 ./Core/Src/stm32f1xx_it.o
                0x0000000008002d3e                SVC_Handler
 .text.DebugMon_Handler
                0x0000000008002d40        0x2 ./Core/Src/stm32f1xx_it.o
                0x0000000008002d40                DebugMon_Handler
 .text.PendSV_Handler
                0x0000000008002d42        0x2 ./Core/Src/stm32f1xx_it.o
                0x0000000008002d42                PendSV_Handler
 .text.SysTick_Handler
                0x0000000008002d44        0x4 ./Core/Src/stm32f1xx_it.o
                0x0000000008002d44                SysTick_Handler
 .text.SystemInit
                0x0000000008002d48        0x2 ./Core/Src/system_stm32f1xx.o
                0x0000000008002d48                SystemInit
 *fill*         0x0000000008002d4a        0x2 
 .text.Reset_Handler
                0x0000000008002d4c       0x48 ./Core/Startup/startup_stm32f103vetx.o
                0x0000000008002d4c                Reset_Handler
 .text.Default_Handler
                0x0000000008002d94        0x2 ./Core/Startup/startup_stm32f103vetx.o
                0x0000000008002d94                RTC_Alarm_IRQHandler
                0x0000000008002d94                EXTI2_IRQHandler
                0x0000000008002d94                TIM8_TRG_COM_IRQHandler
                0x0000000008002d94                TIM8_CC_IRQHandler
                0x0000000008002d94                TIM1_CC_IRQHandler
                0x0000000008002d94                TIM6_IRQHandler
                0x0000000008002d94                PVD_IRQHandler
                0x0000000008002d94                SDIO_IRQHandler
                0x0000000008002d94                EXTI3_IRQHandler
                0x0000000008002d94                EXTI0_IRQHandler
                0x0000000008002d94                I2C2_EV_IRQHandler
                0x0000000008002d94                ADC1_2_IRQHandler
                0x0000000008002d94                SPI1_IRQHandler
                0x0000000008002d94                TAMPER_IRQHandler
                0x0000000008002d94                TIM8_UP_IRQHandler
                0x0000000008002d94                DMA2_Channel2_IRQHandler
                0x0000000008002d94                DMA1_Channel4_IRQHandler
                0x0000000008002d94                USART3_IRQHandler
                0x0000000008002d94                RTC_IRQHandler
                0x0000000008002d94                DMA1_Channel7_IRQHandler
                0x0000000008002d94                CAN1_RX1_IRQHandler
                0x0000000008002d94                UART5_IRQHandler
                0x0000000008002d94                ADC3_IRQHandler
                0x0000000008002d94                TIM4_IRQHandler
                0x0000000008002d94                DMA2_Channel1_IRQHandler
                0x0000000008002d94                I2C1_EV_IRQHandler
                0x0000000008002d94                DMA1_Channel6_IRQHandler
                0x0000000008002d94                UART4_IRQHandler
                0x0000000008002d94                TIM3_IRQHandler
                0x0000000008002d94                RCC_IRQHandler
                0x0000000008002d94                TIM1_TRG_COM_IRQHandler
                0x0000000008002d94                DMA1_Channel1_IRQHandler
                0x0000000008002d94                Default_Handler
                0x0000000008002d94                EXTI15_10_IRQHandler
                0x0000000008002d94                TIM7_IRQHandler
                0x0000000008002d94                TIM5_IRQHandler
                0x0000000008002d94                SPI2_IRQHandler
                0x0000000008002d94                DMA1_Channel5_IRQHandler
                0x0000000008002d94                EXTI4_IRQHandler
                0x0000000008002d94                USB_LP_CAN1_RX0_IRQHandler
                0x0000000008002d94                USB_HP_CAN1_TX_IRQHandler
                0x0000000008002d94                DMA1_Channel3_IRQHandler
                0x0000000008002d94                FSMC_IRQHandler
                0x0000000008002d94                TIM1_UP_IRQHandler
                0x0000000008002d94                WWDG_IRQHandler
                0x0000000008002d94                TIM2_IRQHandler
                0x0000000008002d94                TIM1_BRK_IRQHandler
                0x0000000008002d94                EXTI1_IRQHandler
                0x0000000008002d94                DMA2_Channel4_5_IRQHandler
                0x0000000008002d94                USART2_IRQHandler
                0x0000000008002d94                I2C2_ER_IRQHandler
                0x0000000008002d94                DMA1_Channel2_IRQHandler
                0x0000000008002d94                TIM8_BRK_IRQHandler
                0x0000000008002d94                CAN1_SCE_IRQHandler
                0x0000000008002d94                FLASH_IRQHandler
                0x0000000008002d94                USART1_IRQHandler
                0x0000000008002d94                SPI3_IRQHandler
                0x0000000008002d94                I2C1_ER_IRQHandler
                0x0000000008002d94                USBWakeUp_IRQHandler
                0x0000000008002d94                DMA2_Channel3_IRQHandler
 *fill*         0x0000000008002d96        0x2 
 .text.HAL_InitTick
                0x0000000008002d98       0x48 ./Drivers/STM32F1xx_HAL_Driver/Src/stm32f1xx_hal.o
                0x0000000008002d98                HAL_InitTick
 .text.HAL_Init
                0x0000000008002de0       0x24 ./Drivers/STM32F1xx_HAL_Driver/Src/stm32f1xx_hal.o
                0x0000000008002de0                HAL_Init
 .text.HAL_IncTick
                0x0000000008002e04       0x18 ./Drivers/STM32F1xx_HAL_Driver/Src/stm32f1xx_hal.o
                0x0000000008002e04                HAL_IncTick
 .text.HAL_GetTick
                0x0000000008002e1c        0xc ./Drivers/STM32F1xx_HAL_Driver/Src/stm32f1xx_hal.o
                0x0000000008002e1c                HAL_GetTick
 .text.HAL_Delay
                0x0000000008002e28       0x24 ./Drivers/STM32F1xx_HAL_Driver/Src/stm32f1xx_hal.o
                0x0000000008002e28                HAL_Delay
 .text.HAL_NVIC_SetPriorityGrouping
                0x0000000008002e4c       0x24 ./Drivers/STM32F1xx_HAL_Driver/Src/stm32f1xx_hal_cortex.o
                0x0000000008002e4c                HAL_NVIC_SetPriorityGrouping
 .text.HAL_NVIC_SetPriority
                0x0000000008002e70       0x64 ./Drivers/STM32F1xx_HAL_Driver/Src/stm32f1xx_hal_cortex.o
                0x0000000008002e70                HAL_NVIC_SetPriority
 .text.HAL_SYSTICK_Config
                0x0000000008002ed4       0x28 ./Drivers/STM32F1xx_HAL_Driver/Src/stm32f1xx_hal_cortex.o
                0x0000000008002ed4                HAL_SYSTICK_Config
 .text.HAL_GPIO_Init
                0x0000000008002efc      0x1d0 ./Drivers/STM32F1xx_HAL_Driver/Src/stm32f1xx_hal_gpio.o
                0x0000000008002efc                HAL_GPIO_Init
 .text.HAL_GPIO_ReadPin
                0x00000000080030cc        0xc ./Drivers/STM32F1xx_HAL_Driver/Src/stm32f1xx_hal_gpio.o
                0x00000000080030cc                HAL_GPIO_ReadPin
 .text.HAL_GPIO_WritePin
                0x00000000080030d8        0xa ./Drivers/STM32F1xx_HAL_Driver/Src/stm32f1xx_hal_gpio.o
                0x00000000080030d8                HAL_GPIO_WritePin
 .text.HAL_GPIO_EXTI_Callback
                0x00000000080030e2        0x2 ./Drivers/STM32F1xx_HAL_Driver/Src/stm32f1xx_hal_gpio.o
                0x00000000080030e2                HAL_GPIO_EXTI_Callback
 .text.HAL_GPIO_EXTI_IRQHandler
                0x00000000080030e4       0x18 ./Drivers/STM32F1xx_HAL_Driver/Src/stm32f1xx_hal_gpio.o
                0x00000000080030e4                HAL_GPIO_EXTI_IRQHandler
 .text.HAL_RCC_OscConfig
                0x00000000080030fc      0x338 ./Drivers/STM32F1xx_HAL_Driver/Src/stm32f1xx_hal_rcc.o
                0x00000000080030fc                HAL_RCC_OscConfig
 .text.HAL_RCC_GetSysClockFreq
                0x0000000008003434       0x4c ./Drivers/STM32F1xx_HAL_Driver/Src/stm32f1xx_hal_rcc.o
                0x0000000008003434                HAL_RCC_GetSysClockFreq
 .text.HAL_RCC_ClockConfig
                0x0000000008003480      0x138 ./Drivers/STM32F1xx_HAL_Driver/Src/stm32f1xx_hal_rcc.o
                0x0000000008003480                HAL_RCC_ClockConfig
 .text.HAL_RCC_GetPCLK1Freq
                0x00000000080035b8       0x20 ./Drivers/STM32F1xx_HAL_Driver/Src/stm32f1xx_hal_rcc.o
                0x00000000080035b8                HAL_RCC_GetPCLK1Freq
 .text.HAL_RCC_GetPCLK2Freq
                0x00000000080035d8       0x20 ./Drivers/STM32F1xx_HAL_Driver/Src/stm32f1xx_hal_rcc.o
                0x00000000080035d8                HAL_RCC_GetPCLK2Freq
 .text.HAL_SRAM_Init
                0x00000000080035f8       0x62 ./Drivers/STM32F1xx_HAL_Driver/Src/stm32f1xx_hal_sram.o
                0x00000000080035f8                HAL_SRAM_Init
 *fill*         0x000000000800365a        0x2 
 .text.UART_SetConfig
                0x000000000800365c       0x74 ./Drivers/STM32F1xx_HAL_Driver/Src/stm32f1xx_hal_uart.o
 .text.UART_WaitOnFlagUntilTimeout.constprop.0
                0x00000000080036d0       0x6c ./Drivers/STM32F1xx_HAL_Driver/Src/stm32f1xx_hal_uart.o
 .text.HAL_UART_Init
                0x000000000800373c       0x5e ./Drivers/STM32F1xx_HAL_Driver/Src/stm32f1xx_hal_uart.o
                0x000000000800373c                HAL_UART_Init
 .text.HAL_UART_Transmit
                0x000000000800379a       0x96 ./Drivers/STM32F1xx_HAL_Driver/Src/stm32f1xx_hal_uart.o
                0x000000000800379a                HAL_UART_Transmit
 .text.HAL_UART_Receive
                0x0000000008003830       0xa8 ./Drivers/STM32F1xx_HAL_Driver/Src/stm32f1xx_hal_uart.o
                0x0000000008003830                HAL_UART_Receive
 .text.FSMC_NORSRAM_Init
                0x00000000080038d8       0x64 ./Drivers/STM32F1xx_HAL_Driver/Src/stm32f1xx_ll_fsmc.o
                0x00000000080038d8                FSMC_NORSRAM_Init
 .text.FSMC_NORSRAM_Timing_Init
                0x000000000800393c       0x3c ./Drivers/STM32F1xx_HAL_Driver/Src/stm32f1xx_ll_fsmc.o
                0x000000000800393c                FSMC_NORSRAM_Timing_Init
 .text.FSMC_NORSRAM_Extended_Timing_Init
                0x0000000008003978       0x3c ./Drivers/STM32F1xx_HAL_Driver/Src/stm32f1xx_ll_fsmc.o
                0x0000000008003978                FSMC_NORSRAM_Extended_Timing_Init
 .text.__errno  0x00000000080039b4        0xc c:/st/stm32cubeide_1.9.0/stm32cubeide/plugins/com.st.stm32cube.ide.mcu.externaltools.gnu-tools-for-stm32.10.3-2021.10.win32_1.0.0.202111181127/tools/bin/../lib/gcc/arm-none-eabi/10.3.1/../../../../arm-none-eabi/lib/thumb/v7-m/nofp\libc_nano.a(lib_a-errno.o)
                0x00000000080039b4                __errno
 .text.__libc_init_array
                0x00000000080039c0       0x48 c:/st/stm32cubeide_1.9.0/stm32cubeide/plugins/com.st.stm32cube.ide.mcu.externaltools.gnu-tools-for-stm32.10.3-2021.10.win32_1.0.0.202111181127/tools/bin/../lib/gcc/arm-none-eabi/10.3.1/../../../../arm-none-eabi/lib/thumb/v7-m/nofp\libc_nano.a(lib_a-init.o)
                0x00000000080039c0                __libc_init_array
 .text.memset   0x0000000008003a08       0x10 c:/st/stm32cubeide_1.9.0/stm32cubeide/plugins/com.st.stm32cube.ide.mcu.externaltools.gnu-tools-for-stm32.10.3-2021.10.win32_1.0.0.202111181127/tools/bin/../lib/gcc/arm-none-eabi/10.3.1/../../../../arm-none-eabi/lib/thumb/v7-m/nofp\libc_nano.a(lib_a-memset.o)
                0x0000000008003a08                memset
 .text.pow      0x0000000008003a18       0xd0 c:/st/stm32cubeide_1.9.0/stm32cubeide/plugins/com.st.stm32cube.ide.mcu.externaltools.gnu-tools-for-stm32.10.3-2021.10.win32_1.0.0.202111181127/tools/bin/../lib/gcc/arm-none-eabi/10.3.1/../../../../arm-none-eabi/lib/thumb/v7-m/nofp\libm.a(lib_a-w_pow.o)
                0x0000000008003a18                pow
 .text.__ieee754_pow
                0x0000000008003ae8      0xa2c c:/st/stm32cubeide_1.9.0/stm32cubeide/plugins/com.st.stm32cube.ide.mcu.externaltools.gnu-tools-for-stm32.10.3-2021.10.win32_1.0.0.202111181127/tools/bin/../lib/gcc/arm-none-eabi/10.3.1/../../../../arm-none-eabi/lib/thumb/v7-m/nofp\libm.a(lib_a-e_pow.o)
                0x0000000008003ae8                __ieee754_pow
 .text.__ieee754_sqrt
                0x0000000008004514      0x160 c:/st/stm32cubeide_1.9.0/stm32cubeide/plugins/com.st.stm32cube.ide.mcu.externaltools.gnu-tools-for-stm32.10.3-2021.10.win32_1.0.0.202111181127/tools/bin/../lib/gcc/arm-none-eabi/10.3.1/../../../../arm-none-eabi/lib/thumb/v7-m/nofp\libm.a(lib_a-e_sqrt.o)
                0x0000000008004514                __ieee754_sqrt
 .text.with_errno
                0x0000000008004674       0x14 c:/st/stm32cubeide_1.9.0/stm32cubeide/plugins/com.st.stm32cube.ide.mcu.externaltools.gnu-tools-for-stm32.10.3-2021.10.win32_1.0.0.202111181127/tools/bin/../lib/gcc/arm-none-eabi/10.3.1/../../../../arm-none-eabi/lib/thumb/v7-m/nofp\libm.a(lib_a-math_err.o)
 .text.xflow    0x0000000008004688       0x30 c:/st/stm32cubeide_1.9.0/stm32cubeide/plugins/com.st.stm32cube.ide.mcu.externaltools.gnu-tools-for-stm32.10.3-2021.10.win32_1.0.0.202111181127/tools/bin/../lib/gcc/arm-none-eabi/10.3.1/../../../../arm-none-eabi/lib/thumb/v7-m/nofp\libm.a(lib_a-math_err.o)
 .text.__math_uflow
                0x00000000080046b8        0xa c:/st/stm32cubeide_1.9.0/stm32cubeide/plugins/com.st.stm32cube.ide.mcu.externaltools.gnu-tools-for-stm32.10.3-2021.10.win32_1.0.0.202111181127/tools/bin/../lib/gcc/arm-none-eabi/10.3.1/../../../../arm-none-eabi/lib/thumb/v7-m/nofp\libm.a(lib_a-math_err.o)
                0x00000000080046b8                __math_uflow
 .text.__math_oflow
                0x00000000080046c2        0xa c:/st/stm32cubeide_1.9.0/stm32cubeide/plugins/com.st.stm32cube.ide.mcu.externaltools.gnu-tools-for-stm32.10.3-2021.10.win32_1.0.0.202111181127/tools/bin/../lib/gcc/arm-none-eabi/10.3.1/../../../../arm-none-eabi/lib/thumb/v7-m/nofp\libm.a(lib_a-math_err.o)
                0x00000000080046c2                __math_oflow
 .text.fabs     0x00000000080046cc        0x6 c:/st/stm32cubeide_1.9.0/stm32cubeide/plugins/com.st.stm32cube.ide.mcu.externaltools.gnu-tools-for-stm32.10.3-2021.10.win32_1.0.0.202111181127/tools/bin/../lib/gcc/arm-none-eabi/10.3.1/../../../../arm-none-eabi/lib/thumb/v7-m/nofp\libm.a(lib_a-s_fabs.o)
                0x00000000080046cc                fabs
 .text.finite   0x00000000080046d2        0xc c:/st/stm32cubeide_1.9.0/stm32cubeide/plugins/com.st.stm32cube.ide.mcu.externaltools.gnu-tools-for-stm32.10.3-2021.10.win32_1.0.0.202111181127/tools/bin/../lib/gcc/arm-none-eabi/10.3.1/../../../../arm-none-eabi/lib/thumb/v7-m/nofp\libm.a(lib_a-s_finite.o)
                0x00000000080046d2                finite
 *fill*         0x00000000080046de        0x2 
 .text.scalbn   0x00000000080046e0       0xfc c:/st/stm32cubeide_1.9.0/stm32cubeide/plugins/com.st.stm32cube.ide.mcu.externaltools.gnu-tools-for-stm32.10.3-2021.10.win32_1.0.0.202111181127/tools/bin/../lib/gcc/arm-none-eabi/10.3.1/../../../../arm-none-eabi/lib/thumb/v7-m/nofp\libm.a(lib_a-s_scalbn.o)
                0x00000000080046e0                scalbn
 *(.glue_7)
 .glue_7        0x00000000080047dc        0x0 linker stubs
 *(.glue_7t)
 .glue_7t       0x00000000080047dc        0x0 linker stubs
 *(.eh_frame)
 .eh_frame      0x00000000080047dc        0x0 c:/st/stm32cubeide_1.9.0/stm32cubeide/plugins/com.st.stm32cube.ide.mcu.externaltools.gnu-tools-for-stm32.10.3-2021.10.win32_1.0.0.202111181127/tools/bin/../lib/gcc/arm-none-eabi/10.3.1/thumb/v7-m/nofp/crtbegin.o
 *(.init)
 .init          0x00000000080047dc        0x4 c:/st/stm32cubeide_1.9.0/stm32cubeide/plugins/com.st.stm32cube.ide.mcu.externaltools.gnu-tools-for-stm32.10.3-2021.10.win32_1.0.0.202111181127/tools/bin/../lib/gcc/arm-none-eabi/10.3.1/thumb/v7-m/nofp/crti.o
                0x00000000080047dc                _init
 .init          0x00000000080047e0        0x8 c:/st/stm32cubeide_1.9.0/stm32cubeide/plugins/com.st.stm32cube.ide.mcu.externaltools.gnu-tools-for-stm32.10.3-2021.10.win32_1.0.0.202111181127/tools/bin/../lib/gcc/arm-none-eabi/10.3.1/thumb/v7-m/nofp/crtn.o
 *(.fini)
 .fini          0x00000000080047e8        0x4 c:/st/stm32cubeide_1.9.0/stm32cubeide/plugins/com.st.stm32cube.ide.mcu.externaltools.gnu-tools-for-stm32.10.3-2021.10.win32_1.0.0.202111181127/tools/bin/../lib/gcc/arm-none-eabi/10.3.1/thumb/v7-m/nofp/crti.o
                0x00000000080047e8                _fini
 .fini          0x00000000080047ec        0x8 c:/st/stm32cubeide_1.9.0/stm32cubeide/plugins/com.st.stm32cube.ide.mcu.externaltools.gnu-tools-for-stm32.10.3-2021.10.win32_1.0.0.202111181127/tools/bin/../lib/gcc/arm-none-eabi/10.3.1/thumb/v7-m/nofp/crtn.o
                0x00000000080047f4                . = ALIGN (0x4)
                0x00000000080047f4                _etext = .

.vfp11_veneer   0x00000000080047f4        0x0
 .vfp11_veneer  0x00000000080047f4        0x0 linker stubs

.v4_bx          0x00000000080047f4        0x0
 .v4_bx         0x00000000080047f4        0x0 linker stubs

.iplt           0x00000000080047f4        0x0
 .iplt          0x00000000080047f4        0x0 c:/st/stm32cubeide_1.9.0/stm32cubeide/plugins/com.st.stm32cube.ide.mcu.externaltools.gnu-tools-for-stm32.10.3-2021.10.win32_1.0.0.202111181127/tools/bin/../lib/gcc/arm-none-eabi/10.3.1/thumb/v7-m/nofp/crtbegin.o

.rodata         0x00000000080047f8     0x1cb8
                0x00000000080047f8                . = ALIGN (0x4)
 *(.rodata)
 *(.rodata*)
 .rodata.ucAscii_1006
                0x00000000080047f8      0xa00 ./Core/Src/lcd.o
                0x00000000080047f8                ucAscii_1006
 .rodata.writelineTerminal.str1.1
                0x00000000080051f8        0x3 ./Core/Src/main.o
 .rodata.initApple1.str1.1
                0x00000000080051fb       0x64 ./Core/Src/main.o
 .rodata.handleInput.str1.1
                0x000000000800525f       0x25 ./Core/Src/main.o
 .rodata.BASIC  0x0000000008005284     0x1000 ./Core/Src/main.o
 .rodata.monitor
                0x0000000008006284      0x100 ./Core/Src/main.o
 .rodata.asciiMaps
                0x0000000008006384       0xd0 ./Core/Src/ps2.o
                0x0000000008006384                asciiMaps
 .rodata.AHBPrescTable
                0x0000000008006454       0x10 ./Core/Src/system_stm32f1xx.o
                0x0000000008006454                AHBPrescTable
 .rodata.APBPrescTable
                0x0000000008006464        0x8 ./Core/Src/system_stm32f1xx.o
                0x0000000008006464                APBPrescTable
 .rodata.aPLLMULFactorTable.1
                0x000000000800646c       0x10 ./Drivers/STM32F1xx_HAL_Driver/Src/stm32f1xx_hal_rcc.o
 .rodata.aPredivFactorTable.0
                0x000000000800647c        0x2 ./Drivers/STM32F1xx_HAL_Driver/Src/stm32f1xx_hal_rcc.o
 *fill*         0x000000000800647e        0x2 
 .rodata.bp     0x0000000008006480       0x10 c:/st/stm32cubeide_1.9.0/stm32cubeide/plugins/com.st.stm32cube.ide.mcu.externaltools.gnu-tools-for-stm32.10.3-2021.10.win32_1.0.0.202111181127/tools/bin/../lib/gcc/arm-none-eabi/10.3.1/../../../../arm-none-eabi/lib/thumb/v7-m/nofp\libm.a(lib_a-e_pow.o)
 .rodata.dp_h   0x0000000008006490       0x10 c:/st/stm32cubeide_1.9.0/stm32cubeide/plugins/com.st.stm32cube.ide.mcu.externaltools.gnu-tools-for-stm32.10.3-2021.10.win32_1.0.0.202111181127/tools/bin/../lib/gcc/arm-none-eabi/10.3.1/../../../../arm-none-eabi/lib/thumb/v7-m/nofp\libm.a(lib_a-e_pow.o)
 .rodata.dp_l   0x00000000080064a0       0x10 c:/st/stm32cubeide_1.9.0/stm32cubeide/plugins/com.st.stm32cube.ide.mcu.externaltools.gnu-tools-for-stm32.10.3-2021.10.win32_1.0.0.202111181127/tools/bin/../lib/gcc/arm-none-eabi/10.3.1/../../../../arm-none-eabi/lib/thumb/v7-m/nofp\libm.a(lib_a-e_pow.o)
                0x00000000080064b0                . = ALIGN (0x4)

.rel.dyn        0x00000000080064b0        0x0
 .rel.iplt      0x00000000080064b0        0x0 c:/st/stm32cubeide_1.9.0/stm32cubeide/plugins/com.st.stm32cube.ide.mcu.externaltools.gnu-tools-for-stm32.10.3-2021.10.win32_1.0.0.202111181127/tools/bin/../lib/gcc/arm-none-eabi/10.3.1/thumb/v7-m/nofp/crtbegin.o

.ARM.extab      0x00000000080064b0        0x0
                0x00000000080064b0                . = ALIGN (0x4)
 *(.ARM.extab* .gnu.linkonce.armextab.*)
                0x00000000080064b0                . = ALIGN (0x4)

.ARM            0x00000000080064b0        0x0
                0x00000000080064b0                . = ALIGN (0x4)
                0x00000000080064b0                __exidx_start = .
 *(.ARM.exidx*)
                0x00000000080064b0                __exidx_end = .
                0x00000000080064b0                . = ALIGN (0x4)

.preinit_array  0x00000000080064b0        0x0
                0x00000000080064b0                . = ALIGN (0x4)
                0x00000000080064b0                PROVIDE (__preinit_array_start = .)
 *(.preinit_array*)
                0x00000000080064b0                PROVIDE (__preinit_array_end = .)
                0x00000000080064b0                . = ALIGN (0x4)

.init_array     0x00000000080064b0        0x4
                0x00000000080064b0                . = ALIGN (0x4)
                0x00000000080064b0                PROVIDE (__init_array_start = .)
 *(SORT_BY_NAME(.init_array.*))
 *(.init_array*)
 .init_array    0x00000000080064b0        0x4 c:/st/stm32cubeide_1.9.0/stm32cubeide/plugins/com.st.stm32cube.ide.mcu.externaltools.gnu-tools-for-stm32.10.3-2021.10.win32_1.0.0.202111181127/tools/bin/../lib/gcc/arm-none-eabi/10.3.1/thumb/v7-m/nofp/crtbegin.o
                0x00000000080064b4                PROVIDE (__init_array_end = .)
                0x00000000080064b4                . = ALIGN (0x4)

.fini_array     0x00000000080064b4        0x4
                0x00000000080064b4                . = ALIGN (0x4)
                [!provide]                        PROVIDE (__fini_array_start = .)
 *(SORT_BY_NAME(.fini_array.*))
 *(.fini_array*)
 .fini_array    0x00000000080064b4        0x4 c:/st/stm32cubeide_1.9.0/stm32cubeide/plugins/com.st.stm32cube.ide.mcu.externaltools.gnu-tools-for-stm32.10.3-2021.10.win32_1.0.0.202111181127/tools/bin/../lib/gcc/arm-none-eabi/10.3.1/thumb/v7-m/nofp/crtbegin.o
                [!provide]                        PROVIDE (__fini_array_end = .)
                0x00000000080064b8                . = ALIGN (0x4)
                0x00000000080064b8                _sidata = LOADADDR (.data)

.data           0x0000000020000000       0x90 load address 0x00000000080064b8
                0x0000000020000000                . = ALIGN (0x4)
                0x0000000020000000                _sdata = .
 *(.data)
 *(.data*)
 .data.keyboard
                0x0000000020000000       0x20 ./Core/Src/ps2.o
                0x0000000020000000                keyboard
 .data.SystemCoreClock
                0x0000000020000020        0x4 ./Core/Src/system_stm32f1xx.o
                0x0000000020000020                SystemCoreClock
 .data.uwTickFreq
                0x0000000020000024        0x1 ./Drivers/STM32F1xx_HAL_Driver/Src/stm32f1xx_hal.o
                0x0000000020000024                uwTickFreq
 *fill*         0x0000000020000025        0x3 
 .data.uwTickPrio
                0x0000000020000028        0x4 ./Drivers/STM32F1xx_HAL_Driver/Src/stm32f1xx_hal.o
                0x0000000020000028                uwTickPrio
 .data._impure_ptr
                0x000000002000002c        0x4 c:/st/stm32cubeide_1.9.0/stm32cubeide/plugins/com.st.stm32cube.ide.mcu.externaltools.gnu-tools-for-stm32.10.3-2021.10.win32_1.0.0.202111181127/tools/bin/../lib/gcc/arm-none-eabi/10.3.1/../../../../arm-none-eabi/lib/thumb/v7-m/nofp\libc_nano.a(lib_a-impure.o)
                0x000000002000002c                _impure_ptr
 .data.impure_data
                0x0000000020000030       0x60 c:/st/stm32cubeide_1.9.0/stm32cubeide/plugins/com.st.stm32cube.ide.mcu.externaltools.gnu-tools-for-stm32.10.3-2021.10.win32_1.0.0.202111181127/tools/bin/../lib/gcc/arm-none-eabi/10.3.1/../../../../arm-none-eabi/lib/thumb/v7-m/nofp\libc_nano.a(lib_a-impure.o)
 *(.RamFunc)
 *(.RamFunc*)
                0x0000000020000090                . = ALIGN (0x4)
                0x0000000020000090                _edata = .

.igot.plt       0x0000000020000090        0x0 load address 0x0000000008006548
 .igot.plt      0x0000000020000090        0x0 c:/st/stm32cubeide_1.9.0/stm32cubeide/plugins/com.st.stm32cube.ide.mcu.externaltools.gnu-tools-for-stm32.10.3-2021.10.win32_1.0.0.202111181127/tools/bin/../lib/gcc/arm-none-eabi/10.3.1/thumb/v7-m/nofp/crtbegin.o
                0x0000000020000090                . = ALIGN (0x4)

.bss            0x0000000020000090     0x80dc load address 0x0000000008006548
                0x0000000020000090                _sbss = .
                0x0000000020000090                __bss_start__ = _sbss
 *(.bss)
 .bss           0x0000000020000090       0x1c c:/st/stm32cubeide_1.9.0/stm32cubeide/plugins/com.st.stm32cube.ide.mcu.externaltools.gnu-tools-for-stm32.10.3-2021.10.win32_1.0.0.202111181127/tools/bin/../lib/gcc/arm-none-eabi/10.3.1/thumb/v7-m/nofp/crtbegin.o
 *(.bss*)
 .bss.LCD_CURSOR_X
                0x00000000200000ac        0x1 ./Core/Src/main.o
                0x00000000200000ac                LCD_CURSOR_X
 .bss.LCD_CURSOR_Y
                0x00000000200000ad        0x1 ./Core/Src/main.o
                0x00000000200000ad                LCD_CURSOR_Y
 .bss.RAM       0x00000000200000ae     0x8000 ./Core/Src/main.o
                0x00000000200000ae                RAM
 *fill*         0x00000000200080ae        0x2 
 .bss.hsram1    0x00000000200080b0       0x48 ./Core/Src/main.o
                0x00000000200080b0                hsram1
 .bss.huart1    0x00000000200080f8       0x48 ./Core/Src/main.o
                0x00000000200080f8                huart1
 .bss.keyboardBuffer
                0x0000000020008140        0x1 ./Core/Src/main.o
                0x0000000020008140                keyboardBuffer
 .bss.pia       0x0000000020008141        0x4 ./Core/Src/main.o
                0x0000000020008141                pia
 .bss.a         0x0000000020008145        0x1 ./Core/Src/mos6502.o
                0x0000000020008145                a
 *fill*         0x0000000020008146        0x2 
 .bss.clockticks6502
                0x0000000020008148        0x4 ./Core/Src/mos6502.o
                0x0000000020008148                clockticks6502
 .bss.cpustatus
                0x000000002000814c        0x1 ./Core/Src/mos6502.o
                0x000000002000814c                cpustatus
 *fill*         0x000000002000814d        0x1 
 .bss.ea        0x000000002000814e        0x2 ./Core/Src/mos6502.o
                0x000000002000814e                ea
 .bss.instructions
                0x0000000020008150        0x4 ./Core/Src/mos6502.o
                0x0000000020008150                instructions
 .bss.oldpc     0x0000000020008154        0x2 ./Core/Src/mos6502.o
                0x0000000020008154                oldpc
 .bss.opcode    0x0000000020008156        0x1 ./Core/Src/mos6502.o
                0x0000000020008156                opcode
 *fill*         0x0000000020008157        0x1 
 .bss.pc        0x0000000020008158        0x2 ./Core/Src/mos6502.o
                0x0000000020008158                pc
 .bss.reladdr   0x000000002000815a        0x2 ./Core/Src/mos6502.o
                0x000000002000815a                reladdr
 .bss.result    0x000000002000815c        0x2 ./Core/Src/mos6502.o
                0x000000002000815c                result
 .bss.sp        0x000000002000815e        0x1 ./Core/Src/mos6502.o
                0x000000002000815e                sp
 .bss.useaccum  0x000000002000815f        0x1 ./Core/Src/mos6502.o
                0x000000002000815f                useaccum
 .bss.value     0x0000000020008160        0x2 ./Core/Src/mos6502.o
                0x0000000020008160                value
 .bss.x         0x0000000020008162        0x1 ./Core/Src/mos6502.o
                0x0000000020008162                x
 .bss.y         0x0000000020008163        0x1 ./Core/Src/mos6502.o
                0x0000000020008163                y
 .bss.FSMC_Initialized
                0x0000000020008164        0x4 ./Core/Src/stm32f1xx_hal_msp.o
 .bss.uwTick    0x0000000020008168        0x4 ./Drivers/STM32F1xx_HAL_Driver/Src/stm32f1xx_hal.o
                0x0000000020008168                uwTick
 *(COMMON)
                0x000000002000816c                . = ALIGN (0x4)
                0x000000002000816c                _ebss = .
                0x000000002000816c                __bss_end__ = _ebss

._user_heap_stack
                0x000000002000816c      0x604 load address 0x0000000008006548
                0x0000000020008170                . = ALIGN (0x8)
 *fill*         0x000000002000816c        0x4 
                [!provide]                        PROVIDE (end = .)
                0x0000000020008170                PROVIDE (_end = .)
                0x0000000020008370                . = (. + _Min_Heap_Size)
 *fill*         0x0000000020008170      0x200 
                0x0000000020008770                . = (. + _Min_Stack_Size)
 *fill*         0x0000000020008370      0x400 
                0x0000000020008770                . = ALIGN (0x8)

/DISCARD/
 libc.a(*)
 libm.a(*)
 libgcc.a(*)

.ARM.attributes
                0x0000000000000000       0x29
 *(.ARM.attributes)
 .ARM.attributes
                0x0000000000000000       0x1d c:/st/stm32cubeide_1.9.0/stm32cubeide/plugins/com.st.stm32cube.ide.mcu.externaltools.gnu-tools-for-stm32.10.3-2021.10.win32_1.0.0.202111181127/tools/bin/../lib/gcc/arm-none-eabi/10.3.1/thumb/v7-m/nofp/crti.o
 .ARM.attributes
                0x000000000000001d       0x2d c:/st/stm32cubeide_1.9.0/stm32cubeide/plugins/com.st.stm32cube.ide.mcu.externaltools.gnu-tools-for-stm32.10.3-2021.10.win32_1.0.0.202111181127/tools/bin/../lib/gcc/arm-none-eabi/10.3.1/thumb/v7-m/nofp/crtbegin.o
 .ARM.attributes
                0x000000000000004a       0x2d ./Core/Src/lcd.o
 .ARM.attributes
                0x0000000000000077       0x2d ./Core/Src/main.o
 .ARM.attributes
                0x00000000000000a4       0x2d ./Core/Src/mos6502.o
 .ARM.attributes
                0x00000000000000d1       0x2d ./Core/Src/ps2.o
 .ARM.attributes
                0x00000000000000fe       0x2d ./Core/Src/stm32f1xx_hal_msp.o
 .ARM.attributes
                0x000000000000012b       0x2d ./Core/Src/stm32f1xx_it.o
 .ARM.attributes
                0x0000000000000158       0x2d ./Core/Src/system_stm32f1xx.o
 .ARM.attributes
                0x0000000000000185       0x21 ./Core/Startup/startup_stm32f103vetx.o
 .ARM.attributes
                0x00000000000001a6       0x2d ./Drivers/STM32F1xx_HAL_Driver/Src/stm32f1xx_hal.o
 .ARM.attributes
                0x00000000000001d3       0x2d ./Drivers/STM32F1xx_HAL_Driver/Src/stm32f1xx_hal_cortex.o
 .ARM.attributes
                0x0000000000000200       0x2d ./Drivers/STM32F1xx_HAL_Driver/Src/stm32f1xx_hal_gpio.o
 .ARM.attributes
                0x000000000000022d       0x2d ./Drivers/STM32F1xx_HAL_Driver/Src/stm32f1xx_hal_rcc.o
 .ARM.attributes
                0x000000000000025a       0x2d ./Drivers/STM32F1xx_HAL_Driver/Src/stm32f1xx_hal_sram.o
 .ARM.attributes
                0x0000000000000287       0x2d ./Drivers/STM32F1xx_HAL_Driver/Src/stm32f1xx_hal_uart.o
 .ARM.attributes
                0x00000000000002b4       0x2d ./Drivers/STM32F1xx_HAL_Driver/Src/stm32f1xx_ll_fsmc.o
 .ARM.attributes
                0x00000000000002e1       0x2d c:/st/stm32cubeide_1.9.0/stm32cubeide/plugins/com.st.stm32cube.ide.mcu.externaltools.gnu-tools-for-stm32.10.3-2021.10.win32_1.0.0.202111181127/tools/bin/../lib/gcc/arm-none-eabi/10.3.1/../../../../arm-none-eabi/lib/thumb/v7-m/nofp\libc_nano.a(lib_a-errno.o)
 .ARM.attributes
                0x000000000000030e       0x2d c:/st/stm32cubeide_1.9.0/stm32cubeide/plugins/com.st.stm32cube.ide.mcu.externaltools.gnu-tools-for-stm32.10.3-2021.10.win32_1.0.0.202111181127/tools/bin/../lib/gcc/arm-none-eabi/10.3.1/../../../../arm-none-eabi/lib/thumb/v7-m/nofp\libc_nano.a(lib_a-impure.o)
 .ARM.attributes
                0x000000000000033b       0x2d c:/st/stm32cubeide_1.9.0/stm32cubeide/plugins/com.st.stm32cube.ide.mcu.externaltools.gnu-tools-for-stm32.10.3-2021.10.win32_1.0.0.202111181127/tools/bin/../lib/gcc/arm-none-eabi/10.3.1/../../../../arm-none-eabi/lib/thumb/v7-m/nofp\libc_nano.a(lib_a-init.o)
 .ARM.attributes
                0x0000000000000368       0x2d c:/st/stm32cubeide_1.9.0/stm32cubeide/plugins/com.st.stm32cube.ide.mcu.externaltools.gnu-tools-for-stm32.10.3-2021.10.win32_1.0.0.202111181127/tools/bin/../lib/gcc/arm-none-eabi/10.3.1/../../../../arm-none-eabi/lib/thumb/v7-m/nofp\libc_nano.a(lib_a-memset.o)
 .ARM.attributes
                0x0000000000000395       0x17 c:/st/stm32cubeide_1.9.0/stm32cubeide/plugins/com.st.stm32cube.ide.mcu.externaltools.gnu-tools-for-stm32.10.3-2021.10.win32_1.0.0.202111181127/tools/bin/../lib/gcc/arm-none-eabi/10.3.1/../../../../arm-none-eabi/lib/thumb/v7-m/nofp\libc_nano.a(lib_a-strlen.o)
 .ARM.attributes
                0x00000000000003ac       0x2d c:/st/stm32cubeide_1.9.0/stm32cubeide/plugins/com.st.stm32cube.ide.mcu.externaltools.gnu-tools-for-stm32.10.3-2021.10.win32_1.0.0.202111181127/tools/bin/../lib/gcc/arm-none-eabi/10.3.1/../../../../arm-none-eabi/lib/thumb/v7-m/nofp\libm.a(lib_a-w_pow.o)
 .ARM.attributes
                0x00000000000003d9       0x2d c:/st/stm32cubeide_1.9.0/stm32cubeide/plugins/com.st.stm32cube.ide.mcu.externaltools.gnu-tools-for-stm32.10.3-2021.10.win32_1.0.0.202111181127/tools/bin/../lib/gcc/arm-none-eabi/10.3.1/../../../../arm-none-eabi/lib/thumb/v7-m/nofp\libm.a(lib_a-e_pow.o)
 .ARM.attributes
                0x0000000000000406       0x2d c:/st/stm32cubeide_1.9.0/stm32cubeide/plugins/com.st.stm32cube.ide.mcu.externaltools.gnu-tools-for-stm32.10.3-2021.10.win32_1.0.0.202111181127/tools/bin/../lib/gcc/arm-none-eabi/10.3.1/../../../../arm-none-eabi/lib/thumb/v7-m/nofp\libm.a(lib_a-e_sqrt.o)
 .ARM.attributes
                0x0000000000000433       0x2d c:/st/stm32cubeide_1.9.0/stm32cubeide/plugins/com.st.stm32cube.ide.mcu.externaltools.gnu-tools-for-stm32.10.3-2021.10.win32_1.0.0.202111181127/tools/bin/../lib/gcc/arm-none-eabi/10.3.1/../../../../arm-none-eabi/lib/thumb/v7-m/nofp\libm.a(lib_a-math_err.o)
 .ARM.attributes
                0x0000000000000460       0x2d c:/st/stm32cubeide_1.9.0/stm32cubeide/plugins/com.st.stm32cube.ide.mcu.externaltools.gnu-tools-for-stm32.10.3-2021.10.win32_1.0.0.202111181127/tools/bin/../lib/gcc/arm-none-eabi/10.3.1/../../../../arm-none-eabi/lib/thumb/v7-m/nofp\libm.a(lib_a-s_fabs.o)
 .ARM.attributes
                0x000000000000048d       0x2d c:/st/stm32cubeide_1.9.0/stm32cubeide/plugins/com.st.stm32cube.ide.mcu.externaltools.gnu-tools-for-stm32.10.3-2021.10.win32_1.0.0.202111181127/tools/bin/../lib/gcc/arm-none-eabi/10.3.1/../../../../arm-none-eabi/lib/thumb/v7-m/nofp\libm.a(lib_a-s_finite.o)
 .ARM.attributes
                0x00000000000004ba       0x2d c:/st/stm32cubeide_1.9.0/stm32cubeide/plugins/com.st.stm32cube.ide.mcu.externaltools.gnu-tools-for-stm32.10.3-2021.10.win32_1.0.0.202111181127/tools/bin/../lib/gcc/arm-none-eabi/10.3.1/../../../../arm-none-eabi/lib/thumb/v7-m/nofp\libm.a(lib_a-s_scalbn.o)
 .ARM.attributes
                0x00000000000004e7       0x1d c:/st/stm32cubeide_1.9.0/stm32cubeide/plugins/com.st.stm32cube.ide.mcu.externaltools.gnu-tools-for-stm32.10.3-2021.10.win32_1.0.0.202111181127/tools/bin/../lib/gcc/arm-none-eabi/10.3.1/thumb/v7-m/nofp\libgcc.a(_arm_addsubdf3.o)
 .ARM.attributes
                0x0000000000000504       0x1d c:/st/stm32cubeide_1.9.0/stm32cubeide/plugins/com.st.stm32cube.ide.mcu.externaltools.gnu-tools-for-stm32.10.3-2021.10.win32_1.0.0.202111181127/tools/bin/../lib/gcc/arm-none-eabi/10.3.1/thumb/v7-m/nofp\libgcc.a(_arm_muldivdf3.o)
 .ARM.attributes
                0x0000000000000521       0x1d c:/st/stm32cubeide_1.9.0/stm32cubeide/plugins/com.st.stm32cube.ide.mcu.externaltools.gnu-tools-for-stm32.10.3-2021.10.win32_1.0.0.202111181127/tools/bin/../lib/gcc/arm-none-eabi/10.3.1/thumb/v7-m/nofp\libgcc.a(_arm_cmpdf2.o)
 .ARM.attributes
                0x000000000000053e       0x1d c:/st/stm32cubeide_1.9.0/stm32cubeide/plugins/com.st.stm32cube.ide.mcu.externaltools.gnu-tools-for-stm32.10.3-2021.10.win32_1.0.0.202111181127/tools/bin/../lib/gcc/arm-none-eabi/10.3.1/thumb/v7-m/nofp\libgcc.a(_arm_unorddf2.o)
 .ARM.attributes
                0x000000000000055b       0x1d c:/st/stm32cubeide_1.9.0/stm32cubeide/plugins/com.st.stm32cube.ide.mcu.externaltools.gnu-tools-for-stm32.10.3-2021.10.win32_1.0.0.202111181127/tools/bin/../lib/gcc/arm-none-eabi/10.3.1/thumb/v7-m/nofp\libgcc.a(_arm_fixunsdfsi.o)
 .ARM.attributes
                0x0000000000000578       0x1d c:/st/stm32cubeide_1.9.0/stm32cubeide/plugins/com.st.stm32cube.ide.mcu.externaltools.gnu-tools-for-stm32.10.3-2021.10.win32_1.0.0.202111181127/tools/bin/../lib/gcc/arm-none-eabi/10.3.1/thumb/v7-m/nofp/crtn.o
OUTPUT(STM32F103_MOS_6502_CPU.elf elf32-littlearm)
LOAD linker stubs
LOAD c:/st/stm32cubeide_1.9.0/stm32cubeide/plugins/com.st.stm32cube.ide.mcu.externaltools.gnu-tools-for-stm32.10.3-2021.10.win32_1.0.0.202111181127/tools/bin/../lib/gcc/arm-none-eabi/10.3.1/../../../../arm-none-eabi/lib/thumb/v7-m/nofp\libc.a
LOAD c:/st/stm32cubeide_1.9.0/stm32cubeide/plugins/com.st.stm32cube.ide.mcu.externaltools.gnu-tools-for-stm32.10.3-2021.10.win32_1.0.0.202111181127/tools/bin/../lib/gcc/arm-none-eabi/10.3.1/../../../../arm-none-eabi/lib/thumb/v7-m/nofp\libm.a
LOAD c:/st/stm32cubeide_1.9.0/stm32cubeide/plugins/com.st.stm32cube.ide.mcu.externaltools.gnu-tools-for-stm32.10.3-2021.10.win32_1.0.0.202111181127/tools/bin/../lib/gcc/arm-none-eabi/10.3.1/thumb/v7-m/nofp\libgcc.a

.debug_info     0x0000000000000000    0x118d4
 .debug_info    0x0000000000000000     0x1de1 ./Core/Src/lcd.o
 .debug_info    0x0000000000001de1     0x27c9 ./Core/Src/main.o
 .debug_info    0x00000000000045aa     0x3a46 ./Core/Src/mos6502.o
 .debug_info    0x0000000000007ff0      0x431 ./Core/Src/ps2.o
 .debug_info    0x0000000000008421      0xc41 ./Core/Src/stm32f1xx_hal_msp.o
 .debug_info    0x0000000000009062      0x122 ./Core/Src/stm32f1xx_it.o
 .debug_info    0x0000000000009184      0x24c ./Core/Src/system_stm32f1xx.o
 .debug_info    0x00000000000093d0       0x22 ./Core/Startup/startup_stm32f103vetx.o
 .debug_info    0x00000000000093f2      0x86e ./Drivers/STM32F1xx_HAL_Driver/Src/stm32f1xx_hal.o
 .debug_info    0x0000000000009c60      0xdd0 ./Drivers/STM32F1xx_HAL_Driver/Src/stm32f1xx_hal_cortex.o
 .debug_info    0x000000000000aa30      0x66f ./Drivers/STM32F1xx_HAL_Driver/Src/stm32f1xx_hal_gpio.o
 .debug_info    0x000000000000b09f      0xa8e ./Drivers/STM32F1xx_HAL_Driver/Src/stm32f1xx_hal_rcc.o
 .debug_info    0x000000000000bb2d      0xf8b ./Drivers/STM32F1xx_HAL_Driver/Src/stm32f1xx_hal_sram.o
 .debug_info    0x000000000000cab8     0x435f ./Drivers/STM32F1xx_HAL_Driver/Src/stm32f1xx_hal_uart.o
 .debug_info    0x0000000000010e17      0xabd ./Drivers/STM32F1xx_HAL_Driver/Src/stm32f1xx_ll_fsmc.o

.debug_abbrev   0x0000000000000000     0x2437
 .debug_abbrev  0x0000000000000000      0x394 ./Core/Src/lcd.o
 .debug_abbrev  0x0000000000000394      0x45d ./Core/Src/main.o
 .debug_abbrev  0x00000000000007f1      0x323 ./Core/Src/mos6502.o
 .debug_abbrev  0x0000000000000b14      0x23f ./Core/Src/ps2.o
 .debug_abbrev  0x0000000000000d53      0x27b ./Core/Src/stm32f1xx_hal_msp.o
 .debug_abbrev  0x0000000000000fce       0xb8 ./Core/Src/stm32f1xx_it.o
 .debug_abbrev  0x0000000000001086      0x141 ./Core/Src/system_stm32f1xx.o
 .debug_abbrev  0x00000000000011c7       0x12 ./Core/Startup/startup_stm32f103vetx.o
 .debug_abbrev  0x00000000000011d9      0x277 ./Drivers/STM32F1xx_HAL_Driver/Src/stm32f1xx_hal.o
 .debug_abbrev  0x0000000000001450      0x352 ./Drivers/STM32F1xx_HAL_Driver/Src/stm32f1xx_hal_cortex.o
 .debug_abbrev  0x00000000000017a2      0x1e7 ./Drivers/STM32F1xx_HAL_Driver/Src/stm32f1xx_hal_gpio.o
 .debug_abbrev  0x0000000000001989      0x2f5 ./Drivers/STM32F1xx_HAL_Driver/Src/stm32f1xx_hal_rcc.o
 .debug_abbrev  0x0000000000001c7e      0x231 ./Drivers/STM32F1xx_HAL_Driver/Src/stm32f1xx_hal_sram.o
 .debug_abbrev  0x0000000000001eaf      0x3e8 ./Drivers/STM32F1xx_HAL_Driver/Src/stm32f1xx_hal_uart.o
 .debug_abbrev  0x0000000000002297      0x1a0 ./Drivers/STM32F1xx_HAL_Driver/Src/stm32f1xx_ll_fsmc.o

.debug_loc      0x0000000000000000     0x82b3
 .debug_loc     0x0000000000000000     0x13c1 ./Core/Src/lcd.o
 .debug_loc     0x00000000000013c1      0x364 ./Core/Src/main.o
 .debug_loc     0x0000000000001725      0x21e ./Core/Src/mos6502.o
 .debug_loc     0x0000000000001943       0xa9 ./Core/Src/ps2.o
 .debug_loc     0x00000000000019ec       0xd0 ./Core/Src/stm32f1xx_hal_msp.o
 .debug_loc     0x0000000000001abc       0xe7 ./Core/Src/system_stm32f1xx.o
 .debug_loc     0x0000000000001ba3      0x139 ./Drivers/STM32F1xx_HAL_Driver/Src/stm32f1xx_hal.o
 .debug_loc     0x0000000000001cdc      0x4c5 ./Drivers/STM32F1xx_HAL_Driver/Src/stm32f1xx_hal_cortex.o
 .debug_loc     0x00000000000021a1      0x40d ./Drivers/STM32F1xx_HAL_Driver/Src/stm32f1xx_hal_gpio.o
 .debug_loc     0x00000000000025ae      0x610 ./Drivers/STM32F1xx_HAL_Driver/Src/stm32f1xx_hal_rcc.o
 .debug_loc     0x0000000000002bbe      0xd67 ./Drivers/STM32F1xx_HAL_Driver/Src/stm32f1xx_hal_sram.o
 .debug_loc     0x0000000000003925     0x440a ./Drivers/STM32F1xx_HAL_Driver/Src/stm32f1xx_hal_uart.o
 .debug_loc     0x0000000000007d2f      0x584 ./Drivers/STM32F1xx_HAL_Driver/Src/stm32f1xx_ll_fsmc.o

.debug_aranges  0x0000000000000000      0xa30
 .debug_aranges
                0x0000000000000000       0xc0 ./Core/Src/lcd.o
 .debug_aranges
                0x00000000000000c0       0x70 ./Core/Src/main.o
 .debug_aranges
                0x0000000000000130      0x2a8 ./Core/Src/mos6502.o
 .debug_aranges
                0x00000000000003d8       0x40 ./Core/Src/ps2.o
 .debug_aranges
                0x0000000000000418       0x40 ./Core/Src/stm32f1xx_hal_msp.o
 .debug_aranges
                0x0000000000000458       0x50 ./Core/Src/stm32f1xx_it.o
 .debug_aranges
                0x00000000000004a8       0x28 ./Core/Src/system_stm32f1xx.o
 .debug_aranges
                0x00000000000004d0       0x28 ./Core/Startup/startup_stm32f103vetx.o
 .debug_aranges
                0x00000000000004f8       0xd8 ./Drivers/STM32F1xx_HAL_Driver/Src/stm32f1xx_hal.o
 .debug_aranges
                0x00000000000005d0       0x90 ./Drivers/STM32F1xx_HAL_Driver/Src/stm32f1xx_hal_cortex.o
 .debug_aranges
                0x0000000000000660       0x58 ./Drivers/STM32F1xx_HAL_Driver/Src/stm32f1xx_hal_gpio.o
 .debug_aranges
                0x00000000000006b8       0x88 ./Drivers/STM32F1xx_HAL_Driver/Src/stm32f1xx_hal_rcc.o
 .debug_aranges
                0x0000000000000740       0xa0 ./Drivers/STM32F1xx_HAL_Driver/Src/stm32f1xx_hal_sram.o
 .debug_aranges
                0x00000000000007e0      0x1a8 ./Drivers/STM32F1xx_HAL_Driver/Src/stm32f1xx_hal_uart.o
 .debug_aranges
                0x0000000000000988       0xa8 ./Drivers/STM32F1xx_HAL_Driver/Src/stm32f1xx_ll_fsmc.o

.debug_ranges   0x0000000000000000     0x1298
 .debug_ranges  0x0000000000000000      0x628 ./Core/Src/lcd.o
 .debug_ranges  0x0000000000000628      0x1a8 ./Core/Src/main.o
 .debug_ranges  0x00000000000007d0      0x298 ./Core/Src/mos6502.o
 .debug_ranges  0x0000000000000a68       0x50 ./Core/Src/ps2.o
 .debug_ranges  0x0000000000000ab8      0x110 ./Core/Src/stm32f1xx_hal_msp.o
 .debug_ranges  0x0000000000000bc8       0x40 ./Core/Src/stm32f1xx_it.o
 .debug_ranges  0x0000000000000c08       0x18 ./Core/Src/system_stm32f1xx.o
 .debug_ranges  0x0000000000000c20       0x20 ./Core/Startup/startup_stm32f103vetx.o
 .debug_ranges  0x0000000000000c40       0xc8 ./Drivers/STM32F1xx_HAL_Driver/Src/stm32f1xx_hal.o
 .debug_ranges  0x0000000000000d08      0x148 ./Drivers/STM32F1xx_HAL_Driver/Src/stm32f1xx_hal_cortex.o
 .debug_ranges  0x0000000000000e50       0x68 ./Drivers/STM32F1xx_HAL_Driver/Src/stm32f1xx_hal_gpio.o
 .debug_ranges  0x0000000000000eb8       0xc0 ./Drivers/STM32F1xx_HAL_Driver/Src/stm32f1xx_hal_rcc.o
 .debug_ranges  0x0000000000000f78       0x90 ./Drivers/STM32F1xx_HAL_Driver/Src/stm32f1xx_hal_sram.o
 .debug_ranges  0x0000000000001008      0x1f8 ./Drivers/STM32F1xx_HAL_Driver/Src/stm32f1xx_hal_uart.o
 .debug_ranges  0x0000000000001200       0x98 ./Drivers/STM32F1xx_HAL_Driver/Src/stm32f1xx_ll_fsmc.o

.debug_macro    0x0000000000000000    0x19e09
 .debug_macro   0x0000000000000000      0x275 ./Core/Src/lcd.o
 .debug_macro   0x0000000000000275      0xa72 ./Core/Src/lcd.o
 .debug_macro   0x0000000000000ce7       0x22 ./Core/Src/lcd.o
 .debug_macro   0x0000000000000d09       0x22 ./Core/Src/lcd.o
 .debug_macro   0x0000000000000d2b       0x4c ./Core/Src/lcd.o
 .debug_macro   0x0000000000000d77       0x18 ./Core/Src/lcd.o
 .debug_macro   0x0000000000000d8f       0x94 ./Core/Src/lcd.o
 .debug_macro   0x0000000000000e23       0x3c ./Core/Src/lcd.o
 .debug_macro   0x0000000000000e5f       0x34 ./Core/Src/lcd.o
 .debug_macro   0x0000000000000e93      0x174 ./Core/Src/lcd.o
 .debug_macro   0x0000000000001007       0x16 ./Core/Src/lcd.o
 .debug_macro   0x000000000000101d       0x43 ./Core/Src/lcd.o
 .debug_macro   0x0000000000001060       0x57 ./Core/Src/lcd.o
 .debug_macro   0x00000000000010b7       0x34 ./Core/Src/lcd.o
 .debug_macro   0x00000000000010eb       0x10 ./Core/Src/lcd.o
 .debug_macro   0x00000000000010fb       0x58 ./Core/Src/lcd.o
 .debug_macro   0x0000000000001153       0x71 ./Core/Src/lcd.o
 .debug_macro   0x00000000000011c4       0x1c ./Core/Src/lcd.o
 .debug_macro   0x00000000000011e0      0x12a ./Core/Src/lcd.o
 .debug_macro   0x000000000000130a      0x341 ./Core/Src/lcd.o
 .debug_macro   0x000000000000164b      0x19b ./Core/Src/lcd.o
 .debug_macro   0x00000000000017e6      0x21b ./Core/Src/lcd.o
 .debug_macro   0x0000000000001a01       0x2e ./Core/Src/lcd.o
 .debug_macro   0x0000000000001a2f       0x22 ./Core/Src/lcd.o
 .debug_macro   0x0000000000001a51      0x103 ./Core/Src/lcd.o
 .debug_macro   0x0000000000001b54       0x6a ./Core/Src/lcd.o
 .debug_macro   0x0000000000001bbe      0x1df ./Core/Src/lcd.o
 .debug_macro   0x0000000000001d9d       0x1c ./Core/Src/lcd.o
 .debug_macro   0x0000000000001db9       0x22 ./Core/Src/lcd.o
 .debug_macro   0x0000000000001ddb       0xbd ./Core/Src/lcd.o
 .debug_macro   0x0000000000001e98      0xd23 ./Core/Src/lcd.o
 .debug_macro   0x0000000000002bbb     0xfd8c ./Core/Src/lcd.o
 .debug_macro   0x0000000000012947       0x6d ./Core/Src/lcd.o
 .debug_macro   0x00000000000129b4     0x348d ./Core/Src/lcd.o
 .debug_macro   0x0000000000015e41       0x56 ./Core/Src/lcd.o
 .debug_macro   0x0000000000015e97      0x5bc ./Core/Src/lcd.o
 .debug_macro   0x0000000000016453      0x4d5 ./Core/Src/lcd.o
 .debug_macro   0x0000000000016928      0x1cb ./Core/Src/lcd.o
 .debug_macro   0x0000000000016af3      0x114 ./Core/Src/lcd.o
 .debug_macro   0x0000000000016c07      0x1ea ./Core/Src/lcd.o
 .debug_macro   0x0000000000016df1       0x27 ./Core/Src/lcd.o
 .debug_macro   0x0000000000016e18      0x144 ./Core/Src/lcd.o
 .debug_macro   0x0000000000016f5c      0x1bc ./Core/Src/lcd.o
 .debug_macro   0x0000000000017118       0x30 ./Core/Src/lcd.o
 .debug_macro   0x0000000000017148       0x3c ./Core/Src/lcd.o
 .debug_macro   0x0000000000017184       0x57 ./Core/Src/lcd.o
 .debug_macro   0x00000000000171db       0x87 ./Core/Src/lcd.o
 .debug_macro   0x0000000000017262      0x24f ./Core/Src/lcd.o
 .debug_macro   0x00000000000174b1      0x356 ./Core/Src/lcd.o
 .debug_macro   0x0000000000017807      0x140 ./Core/Src/lcd.o
 .debug_macro   0x0000000000017947      0x28e ./Core/Src/lcd.o
 .debug_macro   0x0000000000017bd5       0xb5 ./Core/Src/lcd.o
 .debug_macro   0x0000000000017c8a       0xd0 ./Core/Src/lcd.o
 .debug_macro   0x0000000000017d5a      0x31b ./Core/Src/main.o
 .debug_macro   0x0000000000018075       0x8e ./Core/Src/main.o
 .debug_macro   0x0000000000018103       0x51 ./Core/Src/main.o
 .debug_macro   0x0000000000018154       0x5c ./Core/Src/main.o
 .debug_macro   0x00000000000181b0       0x1c ./Core/Src/main.o
 .debug_macro   0x00000000000181cc       0x52 ./Core/Src/main.o
 .debug_macro   0x000000000001821e       0x10 ./Core/Src/main.o
 .debug_macro   0x000000000001822e       0x35 ./Core/Src/main.o
 .debug_macro   0x0000000000018263       0x20 ./Core/Src/main.o
 .debug_macro   0x0000000000018283       0x10 ./Core/Src/main.o
 .debug_macro   0x0000000000018293       0xd6 ./Core/Src/main.o
 .debug_macro   0x0000000000018369       0x28 ./Core/Src/main.o
 .debug_macro   0x0000000000018391      0x152 ./Core/Src/mos6502.o
 .debug_macro   0x00000000000184e3      0x382 ./Core/Src/ps2.o
 .debug_macro   0x0000000000018865       0x22 ./Core/Src/ps2.o
 .debug_macro   0x0000000000018887       0x22 ./Core/Src/ps2.o
 .debug_macro   0x00000000000188a9       0x1c ./Core/Src/ps2.o
 .debug_macro   0x00000000000188c5       0x10 ./Core/Src/ps2.o
 .debug_macro   0x00000000000188d5       0x10 ./Core/Src/ps2.o
 .debug_macro   0x00000000000188e5       0x1c ./Core/Src/ps2.o
 .debug_macro   0x0000000000018901       0x52 ./Core/Src/ps2.o
 .debug_macro   0x0000000000018953       0x22 ./Core/Src/ps2.o
 .debug_macro   0x0000000000018975       0x10 ./Core/Src/ps2.o
 .debug_macro   0x0000000000018985       0x52 ./Core/Src/ps2.o
 .debug_macro   0x00000000000189d7       0xd5 ./Core/Src/ps2.o
 .debug_macro   0x0000000000018aac       0x1c ./Core/Src/ps2.o
 .debug_macro   0x0000000000018ac8       0x3d ./Core/Src/ps2.o
 .debug_macro   0x0000000000018b05       0x16 ./Core/Src/ps2.o
 .debug_macro   0x0000000000018b1b      0x145 ./Core/Src/ps2.o
 .debug_macro   0x0000000000018c60       0x16 ./Core/Src/ps2.o
 .debug_macro   0x0000000000018c76      0x1b7 ./Core/Src/stm32f1xx_hal_msp.o
 .debug_macro   0x0000000000018e2d      0x1c1 ./Core/Src/stm32f1xx_it.o
 .debug_macro   0x0000000000018fee      0x1a8 ./Core/Src/system_stm32f1xx.o
 .debug_macro   0x0000000000019196      0x1cc ./Drivers/STM32F1xx_HAL_Driver/Src/stm32f1xx_hal.o
 .debug_macro   0x0000000000019362      0x1a8 ./Drivers/STM32F1xx_HAL_Driver/Src/stm32f1xx_hal_cortex.o
 .debug_macro   0x000000000001950a      0x213 ./Drivers/STM32F1xx_HAL_Driver/Src/stm32f1xx_hal_gpio.o
 .debug_macro   0x000000000001971d      0x1ba ./Drivers/STM32F1xx_HAL_Driver/Src/stm32f1xx_hal_rcc.o
 .debug_macro   0x00000000000198d7      0x1a8 ./Drivers/STM32F1xx_HAL_Driver/Src/stm32f1xx_hal_sram.o
 .debug_macro   0x0000000000019a7f      0x1a9 ./Drivers/STM32F1xx_HAL_Driver/Src/stm32f1xx_hal_uart.o
 .debug_macro   0x0000000000019c28      0x1e1 ./Drivers/STM32F1xx_HAL_Driver/Src/stm32f1xx_ll_fsmc.o

.debug_line     0x0000000000000000     0xf2e6
 .debug_line    0x0000000000000000     0x1784 ./Core/Src/lcd.o
 .debug_line    0x0000000000001784      0xe77 ./Core/Src/main.o
 .debug_line    0x00000000000025fb     0x1cfa ./Core/Src/mos6502.o
 .debug_line    0x00000000000042f5      0xab4 ./Core/Src/ps2.o
 .debug_line    0x0000000000004da9      0x831 ./Core/Src/stm32f1xx_hal_msp.o
 .debug_line    0x00000000000055da      0x741 ./Core/Src/stm32f1xx_it.o
 .debug_line    0x0000000000005d1b      0x6fb ./Core/Src/system_stm32f1xx.o
 .debug_line    0x0000000000006416       0x87 ./Core/Startup/startup_stm32f103vetx.o
 .debug_line    0x000000000000649d      0x994 ./Drivers/STM32F1xx_HAL_Driver/Src/stm32f1xx_hal.o
 .debug_line    0x0000000000006e31      0xb35 ./Drivers/STM32F1xx_HAL_Driver/Src/stm32f1xx_hal_cortex.o
 .debug_line    0x0000000000007966      0xa48 ./Drivers/STM32F1xx_HAL_Driver/Src/stm32f1xx_hal_gpio.o
 .debug_line    0x00000000000083ae     0x1048 ./Drivers/STM32F1xx_HAL_Driver/Src/stm32f1xx_hal_rcc.o
 .debug_line    0x00000000000093f6      0xf92 ./Drivers/STM32F1xx_HAL_Driver/Src/stm32f1xx_hal_sram.o
 .debug_line    0x000000000000a388     0x4490 ./Drivers/STM32F1xx_HAL_Driver/Src/stm32f1xx_hal_uart.o
 .debug_line    0x000000000000e818      0xace ./Drivers/STM32F1xx_HAL_Driver/Src/stm32f1xx_ll_fsmc.o

.debug_str      0x0000000000000000    0x94905
 .debug_str     0x0000000000000000    0x90616 ./Core/Src/lcd.o
                                      0x90a41 (size before relaxing)
 .debug_str     0x0000000000090616      0xc3f ./Core/Src/main.o
                                      0x90ccf (size before relaxing)
 .debug_str     0x0000000000091255      0x53c ./Core/Src/mos6502.o
                                       0x41cb (size before relaxing)
 .debug_str     0x0000000000091791     0x10e4 ./Core/Src/ps2.o
                                      0x91999 (size before relaxing)
 .debug_str     0x0000000000092875       0xd8 ./Core/Src/stm32f1xx_hal_msp.o
                                      0x8d594 (size before relaxing)
 .debug_str     0x000000000009294d       0xb7 ./Core/Src/stm32f1xx_it.o
                                      0x8cef3 (size before relaxing)
 .debug_str     0x0000000000092a04       0x7e ./Core/Src/system_stm32f1xx.o
                                      0x8ceac (size before relaxing)
 .debug_str     0x0000000000092a82       0x36 ./Core/Startup/startup_stm32f103vetx.o
                                         0xa3 (size before relaxing)
 .debug_str     0x0000000000092ab8      0x69f ./Drivers/STM32F1xx_HAL_Driver/Src/stm32f1xx_hal.o
                                      0x8d6c3 (size before relaxing)
 .debug_str     0x0000000000093157      0x2b1 ./Drivers/STM32F1xx_HAL_Driver/Src/stm32f1xx_hal_cortex.o
                                      0x8d60f (size before relaxing)
 .debug_str     0x0000000000093408      0x2bc ./Drivers/STM32F1xx_HAL_Driver/Src/stm32f1xx_hal_gpio.o
                                      0x8d232 (size before relaxing)
 .debug_str     0x00000000000936c4      0x229 ./Drivers/STM32F1xx_HAL_Driver/Src/stm32f1xx_hal_rcc.o
                                      0x8d2db (size before relaxing)
 .debug_str     0x00000000000938ed      0x2ad ./Drivers/STM32F1xx_HAL_Driver/Src/stm32f1xx_hal_sram.o
                                      0x8d52f (size before relaxing)
 .debug_str     0x0000000000093b9a      0x624 ./Drivers/STM32F1xx_HAL_Driver/Src/stm32f1xx_hal_uart.o
                                      0x8d94c (size before relaxing)
 .debug_str     0x00000000000941be      0x747 ./Drivers/STM32F1xx_HAL_Driver/Src/stm32f1xx_ll_fsmc.o
                                      0x8d811 (size before relaxing)

.comment        0x0000000000000000       0x50
 .comment       0x0000000000000000       0x50 ./Core/Src/lcd.o
                                         0x51 (size before relaxing)
 .comment       0x0000000000000050       0x51 ./Core/Src/main.o
 .comment       0x0000000000000050       0x51 ./Core/Src/mos6502.o
 .comment       0x0000000000000050       0x51 ./Core/Src/ps2.o
 .comment       0x0000000000000050       0x51 ./Core/Src/stm32f1xx_hal_msp.o
 .comment       0x0000000000000050       0x51 ./Core/Src/stm32f1xx_it.o
 .comment       0x0000000000000050       0x51 ./Core/Src/system_stm32f1xx.o
 .comment       0x0000000000000050       0x51 ./Drivers/STM32F1xx_HAL_Driver/Src/stm32f1xx_hal.o
 .comment       0x0000000000000050       0x51 ./Drivers/STM32F1xx_HAL_Driver/Src/stm32f1xx_hal_cortex.o
 .comment       0x0000000000000050       0x51 ./Drivers/STM32F1xx_HAL_Driver/Src/stm32f1xx_hal_gpio.o
 .comment       0x0000000000000050       0x51 ./Drivers/STM32F1xx_HAL_Driver/Src/stm32f1xx_hal_rcc.o
 .comment       0x0000000000000050       0x51 ./Drivers/STM32F1xx_HAL_Driver/Src/stm32f1xx_hal_sram.o
 .comment       0x0000000000000050       0x51 ./Drivers/STM32F1xx_HAL_Driver/Src/stm32f1xx_hal_uart.o
 .comment       0x0000000000000050       0x51 ./Drivers/STM32F1xx_HAL_Driver/Src/stm32f1xx_ll_fsmc.o

.debug_frame    0x0000000000000000     0x1f88
 .debug_frame   0x0000000000000000      0x244 ./Core/Src/lcd.o
 .debug_frame   0x0000000000000244      0x158 ./Core/Src/main.o
 .debug_frame   0x000000000000039c      0x714 ./Core/Src/mos6502.o
 .debug_frame   0x0000000000000ab0       0x8c ./Core/Src/ps2.o
 .debug_frame   0x0000000000000b3c       0x98 ./Core/Src/stm32f1xx_hal_msp.o
 .debug_frame   0x0000000000000bd4       0xa0 ./Core/Src/stm32f1xx_it.o
 .debug_frame   0x0000000000000c74       0x30 ./Core/Src/system_stm32f1xx.o
 .debug_frame   0x0000000000000ca4      0x1d4 ./Drivers/STM32F1xx_HAL_Driver/Src/stm32f1xx_hal.o
 .debug_frame   0x0000000000000e78      0x120 ./Drivers/STM32F1xx_HAL_Driver/Src/stm32f1xx_hal_cortex.o
 .debug_frame   0x0000000000000f98       0xd4 ./Drivers/STM32F1xx_HAL_Driver/Src/stm32f1xx_hal_gpio.o
 .debug_frame   0x000000000000106c      0x13c ./Drivers/STM32F1xx_HAL_Driver/Src/stm32f1xx_hal_rcc.o
 .debug_frame   0x00000000000011a8      0x1ec ./Drivers/STM32F1xx_HAL_Driver/Src/stm32f1xx_hal_sram.o
 .debug_frame   0x0000000000001394      0x590 ./Drivers/STM32F1xx_HAL_Driver/Src/stm32f1xx_hal_uart.o
 .debug_frame   0x0000000000001924      0x188 ./Drivers/STM32F1xx_HAL_Driver/Src/stm32f1xx_ll_fsmc.o
 .debug_frame   0x0000000000001aac       0x20 c:/st/stm32cubeide_1.9.0/stm32cubeide/plugins/com.st.stm32cube.ide.mcu.externaltools.gnu-tools-for-stm32.10.3-2021.10.win32_1.0.0.202111181127/tools/bin/../lib/gcc/arm-none-eabi/10.3.1/../../../../arm-none-eabi/lib/thumb/v7-m/nofp\libc_nano.a(lib_a-errno.o)
 .debug_frame   0x0000000000001acc       0x2c c:/st/stm32cubeide_1.9.0/stm32cubeide/plugins/com.st.stm32cube.ide.mcu.externaltools.gnu-tools-for-stm32.10.3-2021.10.win32_1.0.0.202111181127/tools/bin/../lib/gcc/arm-none-eabi/10.3.1/../../../../arm-none-eabi/lib/thumb/v7-m/nofp\libc_nano.a(lib_a-init.o)
 .debug_frame   0x0000000000001af8       0x20 c:/st/stm32cubeide_1.9.0/stm32cubeide/plugins/com.st.stm32cube.ide.mcu.externaltools.gnu-tools-for-stm32.10.3-2021.10.win32_1.0.0.202111181127/tools/bin/../lib/gcc/arm-none-eabi/10.3.1/../../../../arm-none-eabi/lib/thumb/v7-m/nofp\libc_nano.a(lib_a-memset.o)
 .debug_frame   0x0000000000001b18       0x34 c:/st/stm32cubeide_1.9.0/stm32cubeide/plugins/com.st.stm32cube.ide.mcu.externaltools.gnu-tools-for-stm32.10.3-2021.10.win32_1.0.0.202111181127/tools/bin/../lib/gcc/arm-none-eabi/10.3.1/../../../../arm-none-eabi/lib/thumb/v7-m/nofp\libm.a(lib_a-w_pow.o)
 .debug_frame   0x0000000000001b4c       0x78 c:/st/stm32cubeide_1.9.0/stm32cubeide/plugins/com.st.stm32cube.ide.mcu.externaltools.gnu-tools-for-stm32.10.3-2021.10.win32_1.0.0.202111181127/tools/bin/../lib/gcc/arm-none-eabi/10.3.1/../../../../arm-none-eabi/lib/thumb/v7-m/nofp\libm.a(lib_a-e_pow.o)
 .debug_frame   0x0000000000001bc4       0x30 c:/st/stm32cubeide_1.9.0/stm32cubeide/plugins/com.st.stm32cube.ide.mcu.externaltools.gnu-tools-for-stm32.10.3-2021.10.win32_1.0.0.202111181127/tools/bin/../lib/gcc/arm-none-eabi/10.3.1/../../../../arm-none-eabi/lib/thumb/v7-m/nofp\libm.a(lib_a-e_sqrt.o)
 .debug_frame   0x0000000000001bf4      0x120 c:/st/stm32cubeide_1.9.0/stm32cubeide/plugins/com.st.stm32cube.ide.mcu.externaltools.gnu-tools-for-stm32.10.3-2021.10.win32_1.0.0.202111181127/tools/bin/../lib/gcc/arm-none-eabi/10.3.1/../../../../arm-none-eabi/lib/thumb/v7-m/nofp\libm.a(lib_a-math_err.o)
 .debug_frame   0x0000000000001d14       0x20 c:/st/stm32cubeide_1.9.0/stm32cubeide/plugins/com.st.stm32cube.ide.mcu.externaltools.gnu-tools-for-stm32.10.3-2021.10.win32_1.0.0.202111181127/tools/bin/../lib/gcc/arm-none-eabi/10.3.1/../../../../arm-none-eabi/lib/thumb/v7-m/nofp\libm.a(lib_a-s_fabs.o)
 .debug_frame   0x0000000000001d34       0x20 c:/st/stm32cubeide_1.9.0/stm32cubeide/plugins/com.st.stm32cube.ide.mcu.externaltools.gnu-tools-for-stm32.10.3-2021.10.win32_1.0.0.202111181127/tools/bin/../lib/gcc/arm-none-eabi/10.3.1/../../../../arm-none-eabi/lib/thumb/v7-m/nofp\libm.a(lib_a-s_finite.o)
 .debug_frame   0x0000000000001d54       0x30 c:/st/stm32cubeide_1.9.0/stm32cubeide/plugins/com.st.stm32cube.ide.mcu.externaltools.gnu-tools-for-stm32.10.3-2021.10.win32_1.0.0.202111181127/tools/bin/../lib/gcc/arm-none-eabi/10.3.1/../../../../arm-none-eabi/lib/thumb/v7-m/nofp\libm.a(lib_a-s_scalbn.o)
 .debug_frame   0x0000000000001d84       0xac c:/st/stm32cubeide_1.9.0/stm32cubeide/plugins/com.st.stm32cube.ide.mcu.externaltools.gnu-tools-for-stm32.10.3-2021.10.win32_1.0.0.202111181127/tools/bin/../lib/gcc/arm-none-eabi/10.3.1/thumb/v7-m/nofp\libgcc.a(_arm_addsubdf3.o)
 .debug_frame   0x0000000000001e30       0x50 c:/st/stm32cubeide_1.9.0/stm32cubeide/plugins/com.st.stm32cube.ide.mcu.externaltools.gnu-tools-for-stm32.10.3-2021.10.win32_1.0.0.202111181127/tools/bin/../lib/gcc/arm-none-eabi/10.3.1/thumb/v7-m/nofp\libgcc.a(_arm_muldivdf3.o)
 .debug_frame   0x0000000000001e80       0xc4 c:/st/stm32cubeide_1.9.0/stm32cubeide/plugins/com.st.stm32cube.ide.mcu.externaltools.gnu-tools-for-stm32.10.3-2021.10.win32_1.0.0.202111181127/tools/bin/../lib/gcc/arm-none-eabi/10.3.1/thumb/v7-m/nofp\libgcc.a(_arm_cmpdf2.o)
 .debug_frame   0x0000000000001f44       0x20 c:/st/stm32cubeide_1.9.0/stm32cubeide/plugins/com.st.stm32cube.ide.mcu.externaltools.gnu-tools-for-stm32.10.3-2021.10.win32_1.0.0.202111181127/tools/bin/../lib/gcc/arm-none-eabi/10.3.1/thumb/v7-m/nofp\libgcc.a(_arm_unorddf2.o)
 .debug_frame   0x0000000000001f64       0x24 c:/st/stm32cubeide_1.9.0/stm32cubeide/plugins/com.st.stm32cube.ide.mcu.externaltools.gnu-tools-for-stm32.10.3-2021.10.win32_1.0.0.202111181127/tools/bin/../lib/gcc/arm-none-eabi/10.3.1/thumb/v7-m/nofp\libgcc.a(_arm_fixunsdfsi.o)
