../Core/Src/lcd.c:10:6:Delay	8	static
../Core/Src/lcd.c:22:6:LCD_Rst	8	static
../Core/Src/lcd.c:31:6:LCD_BackLed_Control	0	static
../Core/Src/lcd.c:42:6:LCD_Write_Cmd	0	static
../Core/Src/lcd.c:50:6:LCD_Write_Data	0	static
../Core/Src/lcd.c:58:10:LCD_Read_Data	0	static
../Core/Src/lcd.c:64:6:LCD_REG_Config	36	static
../Core/Src/lcd.c:12:6:LCD_INIT	24	static
../Core/Src/lcd.c:227:6:LCD_OpenWindow	12	static
../Core/Src/lcd.c:244:6:LCD_FillColor	0	static
../Core/Src/lcd.c:259:6:LCD_Clear	32	static
../Core/Src/lcd.c:268:10:LCD_Read_PixelData	0	static
../Core/Src/lcd.c:288:10:LCD_GetPointPixel	16	static
../Core/Src/lcd.c:302:6:LCD_DrawLine	56	static
../Core/Src/lcd.c:374:6:LCD_DrawChar	28	static
../Core/Src/lcd.c:406:6:LCD_DrawCharColor	32	static
../Core/Src/lcd.c:439:6:LCD_DrawString	36	static
../Core/Src/lcd.c:467:6:LCD_DrawDot	20	static
../Core/Src/lcd.c:480:6:LCD_DrawEllipse	80	static
