../Core/Src/lcd.c:35:6:Delay	8	static
../Core/Src/lcd.c:47:6:LCD_Rst	16	static
../Core/Src/lcd.c:56:6:LCD_BackLed_Control	0	static
../Core/Src/lcd.c:67:6:LCD_Write_Cmd	0	static
../Core/Src/lcd.c:75:6:LCD_Write_Data	0	static
../Core/Src/lcd.c:83:10:LCD_Read_Data	0	static
../Core/Src/lcd.c:89:6:LCD_REG_Config	32	static
../Core/Src/lcd.c:252:6:LCD_OpenWindow	16	static
../Core/Src/lcd.c:269:6:LCD_FillColor	0	static
../Core/Src/lcd.c:284:6:LCD_Clear	16	static
../Core/Src/lcd.c:37:6:LCD_INIT	16	static
../Core/Src/lcd.c:293:10:LCD_Read_PixelData	0	static
../Core/Src/lcd.c:313:10:LCD_GetPointPixel	8	static
../Core/Src/lcd.c:399:6:LCD_DrawChar	16	static
../Core/Src/lcd.c:15:6:LCD_CursorForward	0	static
../Core/Src/lcd.c:23:6:LCD_CursorNewline	16	static
../Core/Src/lcd.c:431:6:LCD_DrawCharColor	16	static
../Core/Src/lcd.c:464:6:LCD_DrawString	16	static
../Core/Src/lcd.c:492:6:LCD_DrawDot	8	static
../Core/Src/lcd.c:327:6:LCD_DrawLine	56	static
../Core/Src/lcd.c:505:6:LCD_DrawEllipse	48	static
