../Core/Src/lcd.c:43:6:Delay	8	static
../Core/Src/lcd.c:55:6:LCD_Rst	16	static
../Core/Src/lcd.c:64:6:LCD_BackLed_Control	0	static
../Core/Src/lcd.c:75:6:LCD_Write_Cmd	0	static
../Core/Src/lcd.c:83:6:LCD_Write_Data	0	static
../Core/Src/lcd.c:91:10:LCD_Read_Data	0	static
../Core/Src/lcd.c:97:6:LCD_REG_Config	32	static
../Core/Src/lcd.c:260:6:LCD_OpenWindow	16	static
../Core/Src/lcd.c:277:6:LCD_FillColor	0	static
../Core/Src/lcd.c:292:6:LCD_Clear	16	static
../Core/Src/lcd.c:45:6:LCD_INIT	16	static
../Core/Src/lcd.c:301:10:LCD_Read_PixelData	0	static
../Core/Src/lcd.c:321:10:LCD_GetPointPixel	8	static
../Core/Src/lcd.c:407:6:LCD_DrawChar	16	static
../Core/Src/lcd.c:15:6:LCD_CursorForward	24	static
../Core/Src/lcd.c:31:6:LCD_CursorNewline	16	static
../Core/Src/lcd.c:439:6:LCD_DrawCharColor	16	static
../Core/Src/lcd.c:472:6:LCD_DrawString	16	static
../Core/Src/lcd.c:500:6:LCD_DrawDot	8	static
../Core/Src/lcd.c:335:6:LCD_DrawLine	56	static
../Core/Src/lcd.c:513:6:LCD_DrawEllipse	48	static
