../Core/Src/main.c:212:6:writelineTerminal	16	static
../Core/Src/main.c:224:6:writeTerminal	24	static
../Core/Src/main.c:240:6:writeTerminalChar	24	static
../Core/Src/main.c:290:6:handleOutput	32	static
../Core/Src/main.c:195:6:write6502	0	static
../Core/Src/main.c:311:6:initApple1	16	static
../Core/Src/main.c:257:6:handleInput	8	static
../Core/Src/main.c:125:9:read6502	8	static
../Core/Src/main.c:399:6:SystemClock_Config	72	static,ignoring_inline_asm
../Core/Src/main.c:345:5:main	56	static,ignoring_inline_asm
../Core/Src/main.c:604:6:Error_Handler	0	static,ignoring_inline_asm
