../Core/Src/main.c:197:6:writelineTerminal	16	static
../Core/Src/main.c:204:6:writeTerminal	8	static
../Core/Src/main.c:244:6:handleOutput	16	static
../Core/Src/main.c:179:6:write6502	0	static
../Core/Src/main.c:256:6:initApple1	16	static
../Core/Src/main.c:211:6:handleInput	8	static
../Core/Src/main.c:109:9:read6502	8	static
../Core/Src/main.c:340:6:SystemClock_Config	72	static,ignoring_inline_asm
../Core/Src/main.c:290:5:main	16	static,ignoring_inline_asm
../Core/Src/main.c:430:6:Error_Handler	0	static,ignoring_inline_asm
