../Core/Src/main.c:208:6:writelineTerminal	16	static
../Core/Src/main.c:220:6:writeTerminal	24	static
../Core/Src/main.c:236:6:writeTerminalChar	24	static
../Core/Src/main.c:288:6:handleOutput	32	static
../Core/Src/main.c:191:6:write6502	0	static
../Core/Src/main.c:309:6:initApple1	16	static
../Core/Src/main.c:253:6:handleInput	8	static
../Core/Src/main.c:121:9:read6502	8	static
../Core/Src/main.c:395:6:SystemClock_Config	72	static,ignoring_inline_asm
../Core/Src/main.c:343:5:main	56	static,ignoring_inline_asm
../Core/Src/main.c:581:6:Error_Handler	0	static,ignoring_inline_asm
