../Core/Src/main.c:216:6:writelineTerminal	16	static
../Core/Src/main.c:228:6:writeTerminal	24	static
../Core/Src/main.c:244:6:writeTerminalChar	24	static
../Core/Src/main.c:313:6:handleOutput	32	static
../Core/Src/main.c:199:6:write6502	0	static
../Core/Src/main.c:334:6:initApple1	16	static
../Core/Src/main.c:261:6:handleInput	80	static
../Core/Src/main.c:129:9:read6502	8	static
../Core/Src/main.c:422:6:SystemClock_Config	72	static,ignoring_inline_asm
../Core/Src/main.c:368:5:main	56	static,ignoring_inline_asm
../Core/Src/main.c:627:6:Error_Handler	0	static,ignoring_inline_asm
