../Core/Src/main.c:191:6:writelineTerminal	16	static
../Core/Src/main.c:198:6:writeTerminal	8	static
../Core/Src/main.c:238:6:handleOutput	16	static
../Core/Src/main.c:173:6:write6502	0	static
../Core/Src/main.c:250:6:initApple1	16	static
../Core/Src/main.c:205:6:handleInput	8	static
../Core/Src/main.c:109:9:read6502	128	static
../Core/Src/main.c:334:6:SystemClock_Config	72	static,ignoring_inline_asm
../Core/Src/main.c:284:5:main	16	static,ignoring_inline_asm
../Core/Src/main.c:424:6:Error_Handler	0	static,ignoring_inline_asm
