../Core/Inc/mos6502.h:305:13:imp	0	static
../Core/Inc/mos6502.h:313:13:imm	0	static
../Core/Inc/mos6502.h:550:13:clc	0	static
../Core/Inc/mos6502.h:554:13:cld	0	static
../Core/Inc/mos6502.h:558:13:cli	0	static
../Core/Inc/mos6502.h:562:13:clv	0	static
../Core/Inc/mos6502.h:659:13:jmp	0	static
../Core/Inc/mos6502.h:707:13:nop	0	static
../Core/Inc/mos6502.h:819:13:sec	0	static
../Core/Inc/mos6502.h:823:13:sed	0	static
../Core/Inc/mos6502.h:827:13:sei	0	static
../Core/Inc/mos6502.h:871:13:txs	0	static
../Core/Inc/mos6502.h:462:13:bcc.part.0	0	static
../Core/Inc/mos6502.h:462:13:bcc	0	static
../Core/Inc/mos6502.h:471:13:bcs	0	static
../Core/Inc/mos6502.h:480:13:beq	0	static
../Core/Inc/mos6502.h:497:13:bmi	0	static
../Core/Inc/mos6502.h:506:13:bne	0	static
../Core/Inc/mos6502.h:515:13:bpl	0	static
../Core/Inc/mos6502.h:532:13:bvc	0	static
../Core/Inc/mos6502.h:541:13:bvs	0	static
../Core/Inc/mos6502.h:610:13:dex.part.0	0	static
../Core/Inc/mos6502.h:610:13:dex	0	static
../Core/Inc/mos6502.h:617:13:dey	0	static
../Core/Inc/mos6502.h:645:13:inx	0	static
../Core/Inc/mos6502.h:652:13:iny	0	static
../Core/Inc/mos6502.h:843:13:tax	0	static
../Core/Inc/mos6502.h:850:13:tay	0	static
../Core/Inc/mos6502.h:857:13:tsx	0	static
../Core/Inc/mos6502.h:864:13:txa	0	static
../Core/Inc/mos6502.h:875:13:tya	0	static
../Core/Inc/mos6502.h:902:17:isb.part.0	0	static
../Core/Inc/mos6502.h:309:13:acc	0	static
../Core/Inc/mos6502.h:279:6:reset6502	0	static
../Core/Inc/mos6502.h:1075:6:hookexternal	0	static
../Core/Src/main.c:105:9:read6502	0	static
../Core/Inc/mos6502.h:1030:8:exec6502	32	static
../Core/Inc/mos6502.h:392:15:getvalue	8	static
../Core/Inc/mos6502.h:784:13:sbc	32	static
../Core/Inc/mos6502.h:578:13:cpx	8	static
../Core/Inc/mos6502.h:566:13:cmp	8	static
../Core/Inc/mos6502.h:589:13:cpy	8	static
../Core/Inc/mos6502.h:677:13:ldx	8	static
../Core/Inc/mos6502.h:668:13:lda	8	static
../Core/Inc/mos6502.h:884:17:lax	8	static
../Core/Inc/mos6502.h:686:13:ldy	8	static
../Core/Inc/mos6502.h:408:13:adc	32	static
../Core/Inc/mos6502.h:624:13:eor	8	static
../Core/Inc/mos6502.h:489:13:bit	8	static
../Core/Inc/mos6502.h:440:13:and	8	static
../Core/Inc/mos6502.h:720:13:ora	8	static
../Core/Inc/mos6502.h:270:14:pull_6502_8	0	static
../Core/Inc/mos6502.h:739:13:pla	8	static
../Core/Inc/mos6502.h:746:13:plp	8	static
../Core/Inc/mos6502.h:263:15:pull_6502_16	16	static
../Core/Inc/mos6502.h:779:13:rts	8	static
../Core/Inc/mos6502.h:773:13:rti	8	static
../Core/Inc/mos6502.h:325:13:zpy	8	static
../Core/Inc/mos6502.h:365:13:ind	16	static
../Core/Inc/mos6502.h:339:13:absx	16	static
../Core/Inc/mos6502.h:352:13:absy	16	static
../Core/Inc/mos6502.h:321:13:zpx	8	static
../Core/Inc/mos6502.h:379:13:indy	8	static
../Core/Inc/mos6502.h:329:13:rel	8	static
../Core/Inc/mos6502.h:334:13:abso	16	static
../Core/Inc/mos6502.h:317:13:zp	8	static
../Core/Inc/mos6502.h:373:13:indx	8	static
../Core/Inc/mos6502.h:1055:8:step6502	24	static
../Core/Src/main.c:143:6:write6502	0	static
../Core/Inc/mos6502.h:253:13:push_6502_16	24	static
../Core/Inc/mos6502.h:663:13:jsr	8	static
../Core/Inc/mos6502.h:259:13:push_6502_8	0	static
../Core/Inc/mos6502.h:1004:6:nmi6502	16	static
../Core/Inc/mos6502.h:1011:6:irq6502	16	static
../Core/Inc/mos6502.h:731:13:pha	0	static
../Core/Inc/mos6502.h:735:13:php	0	static
../Core/Inc/mos6502.h:524:13:brk_6502	16	static
../Core/Inc/mos6502.h:401:13:putvalue	0	static
../Core/Inc/mos6502.h:635:13:inc	8	static
../Core/Inc/mos6502.h:902:17:isb	8	static
../Core/Inc/mos6502.h:600:13:dec	8	static
../Core/Inc/mos6502.h:896:17:dcp	8	static
../Core/Inc/mos6502.h:835:13:stx	0	static
../Core/Inc/mos6502.h:839:13:sty	0	static
../Core/Inc/mos6502.h:831:13:sta	0	static
../Core/Inc/mos6502.h:889:17:sax	8	static
../Core/Inc/mos6502.h:761:13:ror	8	static
../Core/Inc/mos6502.h:926:17:rra	8	static
../Core/Inc/mos6502.h:695:13:lsr	8	static
../Core/Inc/mos6502.h:920:17:sre	8	static
../Core/Inc/mos6502.h:750:13:rol	8	static
../Core/Inc/mos6502.h:914:17:rla	8	static
../Core/Inc/mos6502.h:451:13:asl	8	static
../Core/Inc/mos6502.h:908:17:slo	8	static
../Core/Src/main.c:170:6:writelineTerminal	16	static
../Core/Src/main.c:177:6:writeTerminal	8	static
../Core/Src/main.c:213:6:initApple1	16	static
../Core/Src/main.c:184:6:readTerminal	8	static
../Core/Src/main.c:304:6:SystemClock_Config	72	static,ignoring_inline_asm
../Core/Src/main.c:246:5:main	16	static,ignoring_inline_asm
../Core/Src/main.c:394:6:Error_Handler	0	static,ignoring_inline_asm
