../Core/Src/main.c:202:6:writelineTerminal	16	static
../Core/Src/main.c:209:6:writeTerminal	8	static
../Core/Src/main.c:249:6:handleOutput	16	static
../Core/Src/main.c:184:6:write6502	0	static
../Core/Src/main.c:261:6:initApple1	16	static
../Core/Src/main.c:216:6:handleInput	8	static
../Core/Src/main.c:114:9:read6502	8	static
../Core/Src/main.c:347:6:SystemClock_Config	72	static,ignoring_inline_asm
../Core/Src/main.c:295:5:main	56	static,ignoring_inline_asm
../Core/Src/main.c:517:6:Error_Handler	0	static,ignoring_inline_asm
