../Core/Src/mos6502.c:168:17:getvalue	8	static
../Core/Src/mos6502.c:233:6:bcc.part.0	0	static
../Core/Src/mos6502.c:380:6:dex.part.0	0	static
../Core/Src/mos6502.c:62:6:push16	16	static
../Core/Src/mos6502.c:68:6:push8	0	static
../Core/Src/mos6502.c:72:10:pull16	16	static
../Core/Src/mos6502.c:79:9:pull8	0	static
../Core/Src/mos6502.c:83:6:reset6502	8	static
../Core/Src/mos6502.c:93:6:imp	0	static
../Core/Src/mos6502.c:96:6:acc	0	static
../Core/Src/mos6502.c:100:6:imm	0	static
../Core/Src/mos6502.c:104:6:zp	8	static
../Core/Src/mos6502.c:108:6:zpx	8	static
../Core/Src/mos6502.c:112:6:zpy	8	static
../Core/Src/mos6502.c:116:6:rel	8	static
../Core/Src/mos6502.c:121:6:abso	16	static
../Core/Src/mos6502.c:126:6:absx	16	static
../Core/Src/mos6502.c:135:6:absy	16	static
../Core/Src/mos6502.c:144:6:ind	16	static
../Core/Src/mos6502.c:152:6:indx	16	static
../Core/Src/mos6502.c:158:6:indy	16	static
../Core/Src/mos6502.c:177:6:putvalue	0	static
../Core/Src/mos6502.c:184:6:adc	24	static
../Core/Src/mos6502.c:212:6:op_and	8	static
../Core/Src/mos6502.c:222:6:asl	8	static
../Core/Src/mos6502.c:233:6:bcc	0	static
../Core/Src/mos6502.c:242:6:bcs	0	static
../Core/Src/mos6502.c:251:6:beq	0	static
../Core/Src/mos6502.c:260:6:op_bit	8	static
../Core/Src/mos6502.c:268:6:bmi	0	static
../Core/Src/mos6502.c:277:6:bne	0	static
../Core/Src/mos6502.c:286:6:bpl	0	static
../Core/Src/mos6502.c:295:6:brk	16	static
../Core/Src/mos6502.c:303:6:bvc	0	static
../Core/Src/mos6502.c:312:6:bvs	0	static
../Core/Src/mos6502.c:321:6:clc	0	static
../Core/Src/mos6502.c:325:6:cld	0	static
../Core/Src/mos6502.c:329:6:cli	0	static
../Core/Src/mos6502.c:333:6:clv	0	static
../Core/Src/mos6502.c:337:6:cmp	8	static
../Core/Src/mos6502.c:348:6:cpx	8	static
../Core/Src/mos6502.c:359:6:cpy	8	static
../Core/Src/mos6502.c:370:6:dec	8	static
../Core/Src/mos6502.c:380:6:dex	0	static
../Core/Src/mos6502.c:387:6:dey	0	static
../Core/Src/mos6502.c:394:6:eor	8	static
../Core/Src/mos6502.c:404:6:inc	8	static
../Core/Src/mos6502.c:414:6:inx	0	static
../Core/Src/mos6502.c:421:6:iny	0	static
../Core/Src/mos6502.c:428:6:jmp	0	static
../Core/Src/mos6502.c:432:6:jsr	8	static
../Core/Src/mos6502.c:437:6:lda	8	static
../Core/Src/mos6502.c:445:6:ldx	8	static
../Core/Src/mos6502.c:453:6:ldy	8	static
../Core/Src/mos6502.c:461:6:lsr	8	static
../Core/Src/mos6502.c:473:6:nop	0	static
../Core/Src/mos6502.c:476:6:ora	8	static
../Core/Src/mos6502.c:486:6:pha	0	static
../Core/Src/mos6502.c:490:6:php	0	static
../Core/Src/mos6502.c:494:6:pla	8	static
../Core/Src/mos6502.c:501:6:plp	8	static
../Core/Src/mos6502.c:505:6:rol	8	static
../Core/Src/mos6502.c:516:6:ror	8	static
../Core/Src/mos6502.c:528:6:rti	8	static
../Core/Src/mos6502.c:534:6:rts	8	static
../Core/Src/mos6502.c:539:6:sbc	24	static
../Core/Src/mos6502.c:568:6:sec	0	static
../Core/Src/mos6502.c:572:6:sed	0	static
../Core/Src/mos6502.c:576:6:sei	0	static
../Core/Src/mos6502.c:580:6:sta	0	static
../Core/Src/mos6502.c:584:6:stx	0	static
../Core/Src/mos6502.c:588:6:sty	0	static
../Core/Src/mos6502.c:592:6:tax	0	static
../Core/Src/mos6502.c:599:6:tay	0	static
../Core/Src/mos6502.c:606:6:tsx	0	static
../Core/Src/mos6502.c:613:6:txa	0	static
../Core/Src/mos6502.c:620:6:txs	0	static
../Core/Src/mos6502.c:624:6:tya	0	static
../Core/Src/mos6502.c:685:6:nmi6502	16	static
../Core/Src/mos6502.c:692:6:irq6502	16	static
../Core/Src/mos6502.c:721:6:exec6502	16	static
../Core/Src/mos6502.c:1348:10:getpc	0	static
../Core/Src/mos6502.c:1352:9:getop	0	static
