../Core/Src/mos6502.c:210:17:getvalue	8	static
../Core/Src/mos6502.c:275:6:bcc.part.0	0	static
../Core/Src/mos6502.c:422:6:dex.part.0	0	static
../Core/Src/mos6502.c:104:6:push16	16	static
../Core/Src/mos6502.c:110:6:push8	0	static
../Core/Src/mos6502.c:114:10:pull16	16	static
../Core/Src/mos6502.c:121:9:pull8	0	static
../Core/Src/mos6502.c:125:6:reset6502	8	static
../Core/Src/mos6502.c:135:6:imp	0	static
../Core/Src/mos6502.c:138:6:acc	0	static
../Core/Src/mos6502.c:142:6:imm	0	static
../Core/Src/mos6502.c:146:6:zp	8	static
../Core/Src/mos6502.c:150:6:zpx	8	static
../Core/Src/mos6502.c:154:6:zpy	8	static
../Core/Src/mos6502.c:158:6:rel	8	static
../Core/Src/mos6502.c:163:6:abso	16	static
../Core/Src/mos6502.c:168:6:absx	16	static
../Core/Src/mos6502.c:177:6:absy	16	static
../Core/Src/mos6502.c:186:6:ind	16	static
../Core/Src/mos6502.c:194:6:indx	16	static
../Core/Src/mos6502.c:200:6:indy	16	static
../Core/Src/mos6502.c:219:6:putvalue	0	static
../Core/Src/mos6502.c:226:6:adc	24	static
../Core/Src/mos6502.c:254:6:op_and	8	static
../Core/Src/mos6502.c:264:6:asl	8	static
../Core/Src/mos6502.c:275:6:bcc	0	static
../Core/Src/mos6502.c:284:6:bcs	0	static
../Core/Src/mos6502.c:293:6:beq	0	static
../Core/Src/mos6502.c:302:6:op_bit	8	static
../Core/Src/mos6502.c:310:6:bmi	0	static
../Core/Src/mos6502.c:319:6:bne	0	static
../Core/Src/mos6502.c:328:6:bpl	0	static
../Core/Src/mos6502.c:337:6:brk	16	static
../Core/Src/mos6502.c:345:6:bvc	0	static
../Core/Src/mos6502.c:354:6:bvs	0	static
../Core/Src/mos6502.c:363:6:clc	0	static
../Core/Src/mos6502.c:367:6:cld	0	static
../Core/Src/mos6502.c:371:6:cli	0	static
../Core/Src/mos6502.c:375:6:clv	0	static
../Core/Src/mos6502.c:379:6:cmp	8	static
../Core/Src/mos6502.c:390:6:cpx	8	static
../Core/Src/mos6502.c:401:6:cpy	8	static
../Core/Src/mos6502.c:412:6:dec	8	static
../Core/Src/mos6502.c:422:6:dex	0	static
../Core/Src/mos6502.c:429:6:dey	0	static
../Core/Src/mos6502.c:436:6:eor	8	static
../Core/Src/mos6502.c:446:6:inc	8	static
../Core/Src/mos6502.c:456:6:inx	0	static
../Core/Src/mos6502.c:463:6:iny	0	static
../Core/Src/mos6502.c:470:6:jmp	0	static
../Core/Src/mos6502.c:474:6:jsr	8	static
../Core/Src/mos6502.c:479:6:lda	8	static
../Core/Src/mos6502.c:487:6:ldx	8	static
../Core/Src/mos6502.c:495:6:ldy	8	static
../Core/Src/mos6502.c:503:6:lsr	8	static
../Core/Src/mos6502.c:515:6:nop	0	static
../Core/Src/mos6502.c:518:6:ora	8	static
../Core/Src/mos6502.c:528:6:pha	0	static
../Core/Src/mos6502.c:532:6:php	0	static
../Core/Src/mos6502.c:536:6:pla	8	static
../Core/Src/mos6502.c:543:6:plp	8	static
../Core/Src/mos6502.c:547:6:rol	8	static
../Core/Src/mos6502.c:558:6:ror	8	static
../Core/Src/mos6502.c:570:6:rti	8	static
../Core/Src/mos6502.c:576:6:rts	8	static
../Core/Src/mos6502.c:581:6:sbc	24	static
../Core/Src/mos6502.c:610:6:sec	0	static
../Core/Src/mos6502.c:614:6:sed	0	static
../Core/Src/mos6502.c:618:6:sei	0	static
../Core/Src/mos6502.c:622:6:sta	0	static
../Core/Src/mos6502.c:626:6:stx	0	static
../Core/Src/mos6502.c:630:6:sty	0	static
../Core/Src/mos6502.c:634:6:tax	0	static
../Core/Src/mos6502.c:641:6:tay	0	static
../Core/Src/mos6502.c:648:6:tsx	0	static
../Core/Src/mos6502.c:655:6:txa	0	static
../Core/Src/mos6502.c:662:6:txs	0	static
../Core/Src/mos6502.c:666:6:tya	0	static
../Core/Src/mos6502.c:727:6:nmi6502	16	static
../Core/Src/mos6502.c:734:6:irq6502	16	static
../Core/Src/mos6502.c:763:6:exec6502	16	static
../Core/Src/mos6502.c:1390:10:getpc	0	static
../Core/Src/mos6502.c:1394:9:getop	0	static
